LX51 LINKER/LOCATER V4.41                                                               03/03/2017  15:53:01  PAGE 1


LX51 LINKER/LOCATER V4.41, INVOKED BY:
C:\KEIL\C51\BIN\LX51.EXE AUDIO.OBJ, AUDIO10.OBJ, AUDIO20.OBJ, DEVICE.OBJ, STARTUP.OBJ, DSCR.OBJ, TIMER.OBJ, UART.OBJ, MI
>> DI.OBJ, HID.OBJ, USB.OBJ, REQUEST.OBJ, PERIPHERAL.OBJ TO 6632A-0303 CLASSES (DATA (D:0X00-D:0X7F), IDATA (I:0X80-I:0X
>> FF), CODE (C:0X2000-C:0X7FFF), CONST (C:0X2000-C:0X7FFF)) SEGMENTS (?STACK (D:0X60))




PROGRAM RECURSIONS REMOVED FROM CALL TREE
=========================================
+--> ?CO?AUDIO20
|  | HANDLECONTROLCMND/AUDIO20
<--+ HANDLECLOCKFREQUENCY/AUDIO20



CPU MODE:     8051 MODE
MEMORY MODEL: SMALL


INPUT MODULES INCLUDED:
  AUDIO.OBJ (AUDIO)
         COMMENT TYPE 0: C51 V9.01
  AUDIO10.OBJ (AUDIO10)
         COMMENT TYPE 0: C51 V9.01
  AUDIO20.OBJ (AUDIO20)
         COMMENT TYPE 0: C51 V9.01
  DEVICE.OBJ (DEVICE)
         COMMENT TYPE 0: C51 V9.01
  STARTUP.OBJ (?C_STARTUP)
         COMMENT TYPE 1: A51 / ASM51 Assembler
  DSCR.OBJ (DSCR)
         COMMENT TYPE 1: A51 / ASM51 Assembler
  TIMER.OBJ (TIMER)
         COMMENT TYPE 0: C51 V9.01
  UART.OBJ (UART)
         COMMENT TYPE 0: C51 V9.01
  MIDI.OBJ (MIDI)
         COMMENT TYPE 0: C51 V9.01
  HID.OBJ (HID)
         COMMENT TYPE 0: C51 V9.01
  USB.OBJ (USB)
         COMMENT TYPE 0: C51 V9.01
  REQUEST.OBJ (REQUEST)
         COMMENT TYPE 0: C51 V9.01
  PERIPHERAL.OBJ (PERIPHERAL)
         COMMENT TYPE 0: C51 V9.01
  C:\KEIL\C51\LIB\C51S.LIB (?C_INIT)
         COMMENT TYPE 1: A51 / ASM51 Assembler
  C:\KEIL\C51\LIB\C51S.LIB (?C?CLDPTR)
         COMMENT TYPE 1: A51 / ASM51 Assembler
  C:\KEIL\C51\LIB\C51S.LIB (?C?CLDOPTR)
         COMMENT TYPE 1: A51 / ASM51 Assembler
  C:\KEIL\C51\LIB\C51S.LIB (?C?CSTPTR)
         COMMENT TYPE 1: A51 / ASM51 Assembler
  C:\KEIL\C51\LIB\C51S.LIB (?C?CSTOPTR)
         COMMENT TYPE 1: A51 / ASM51 Assembler
  C:\KEIL\C51\LIB\C51S.LIB (?C?IMUL)
         COMMENT TYPE 1: A51 / ASM51 Assembler
  C:\KEIL\C51\LIB\C51S.LIB (?C?UIDIV)
         COMMENT TYPE 1: A51 / ASM51 Assembler
  C:\KEIL\C51\LIB\C51S.LIB (?C?PLDOPTR)
         COMMENT TYPE 1: A51 / ASM51 Assembler
  C:\KEIL\C51\LIB\C51S.LIB (?C?CCASE)
         COMMENT TYPE 1: A51 / ASM51 Assembler
  C:\KEIL\C51\LIB\C51S.LIB (?C?ICALL)
LX51 LINKER/LOCATER V4.41                                                             03/03/2017  15:53:01  PAGE 2


         COMMENT TYPE 1: A51 / ASM51 Assembler
  C:\KEIL\C51\LIB\C51S.LIB (?C?PLDIDATA)
         COMMENT TYPE 1: A51 / ASM51 Assembler
  C:\KEIL\C51\LIB\C51S.LIB (?C?PLDXDATA)
         COMMENT TYPE 1: A51 / ASM51 Assembler
  C:\KEIL\C51\LIB\C51S.LIB (?C?PLDPDATA)
         COMMENT TYPE 1: A51 / ASM51 Assembler
  C:\KEIL\C51\LIB\C51S.LIB (?C?PLDCODE)
         COMMENT TYPE 1: A51 / ASM51 Assembler


ACTIVE MEMORY CLASSES OF MODULE:  6632A-0303 (AUDIO)

BASE        START       END         USED      MEMORY CLASS
==========================================================
I:000000H   I:000000H   I:00007FH   000077H   DATA
I:000000H   I:000080H   I:0000FFH   00007FH   IDATA
C:000000H   C:002000H   C:007FFFH   0047CEH   CODE
C:000000H   C:002000H   C:007FFFH   0005BFH   CONST
I:000020H.0 I:000020H.0 I:00002FH.7 000003H.4 BIT
X:000000H   X:000000H   X:00FFFFH   00003FH   XDATA


MEMORY MAP OF MODULE:  6632A-0303 (AUDIO)


START     STOP      LENGTH    ALIGN  RELOC    MEMORY CLASS   SEGMENT NAME
=========================================================================

* * * * * * * * * * *   D A T A   M E M O R Y   * * * * * * * * * * * * *
000000H   000007H   000008H   ---    AT..     DATA           "REG BANK 0"
000008H   000014H   00000DH   BYTE   UNIT     DATA           ?DT?AUDIO
000015H   00001EH   00000AH   BYTE   UNIT     DATA           ?DT?PERIPHERAL
00001FH   00001FH   000001H   BYTE   UNIT     DATA           ?DT?TIMER
000020H.0 000021H.4 000001H.5 BIT    UNIT     BIT            ?BI?PERIPHERAL
000021H.5 000022H.2 000000H.6 BIT    UNIT     BIT            ?BI?AUDIO
000022H.3 000022H.6 000000H.4 BIT    UNIT     BIT            ?BI?USB
000022H.7 000023H.0 000000H.2 BIT    UNIT     BIT            _BIT_GROUP_
000023H.1 000023H.1 000000H.1 BIT    UNIT     BIT            ?BI?DEVICE
000023H.2 000023H.2 000000H.1 BIT    UNIT     BIT            ?BI?UART
000023H.3 000023H.3 000000H.1 BIT    UNIT     BIT            ?BI?REQUEST
000023H.4 000023H   000000H.4 ---    ---      **GAP**
000024H   000045H   000022H   BYTE   UNIT     DATA           ?DT?USB
000046H   000051H   00000CH   BYTE   UNIT     DATA           _DATA_GROUP_
000052H   000056H   000005H   BYTE   UNIT     DATA           ?DT?REQUEST
000057H   00005AH   000004H   BYTE   UNIT     DATA           ?DT?_SENDHDACOMMAND?PERIPHERAL
00005BH   00005FH   000005H   ---    ---      **GAP**
000060H   00007FH   000020H   BYTE   UNIT     DATA           ?STACK
000080H   0000A3H   000024H   BYTE   UNIT     IDATA          ?ID?AUDIO
0000A4H   0000C7H   000024H   BYTE   UNIT     IDATA          ?ID?AUDIO20
0000C8H   0000EAH   000023H   BYTE   UNIT     IDATA          ?ID?HID
0000EBH   0000F6H   00000CH   BYTE   UNIT     IDATA          ?ID?UART
0000F7H   0000FDH   000007H   BYTE   UNIT     IDATA          ?ID?MIDI
0000FEH   0000FEH   000001H   BYTE   UNIT     IDATA          ?ID?REQUEST

* * * * * * * * * * *   C O D E   M E M O R Y   * * * * * * * * * * * * *
001000H   001007H   000008H   BYTE   OFFS..   CODE           ?CO?REQUEST?0
001008H   00100FH   000008H   ---    ---      **GAP**
001010H   001012H   000003H   BYTE   OFFS..   CODE           ?CO?REQUEST?1
001013H   001FFFH   000FEDH   ---    ---      **GAP**
002000H   002002H   000003H   ---    OFFS..   CODE           ?CO??C_STARTUP?0
002003H   002005H   000003H   BYTE   OFFS..   CODE           ?USB?02003
002006H   00200AH   000005H   BYTE   UNIT     CODE           ?PR?HANDLEINT4COMPLETE?DEVICE
00200BH   00200DH   000003H   BYTE   OFFS..   CODE           ?TIMER?0200B
00200EH   002010H   000003H   BYTE   UNIT     CODE           ?PR?ISR_INT0?USB
LX51 LINKER/LOCATER V4.41                                                             03/03/2017  15:53:01  PAGE 3


002011H   002012H   000002H   BYTE   UNIT     CODE           ?PR?HANDLESTREAMDATAOUT?AUDIO20
002013H   002015H   000003H   BYTE   OFFS..   CODE           ?PERIPHERAL?02013
002016H   002022H   00000DH   BYTE   UNIT     CODE           ?PR?TXQUEUEISFULL?UART
002023H   002025H   000003H   BYTE   OFFS..   CODE           ?UART?02023
002026H   002027H   000002H   ---    OFFS..   CODE           ?CO??C_STARTUP?1
002028H   002039H   000012H   ---    OFFS..   CODE           ?CO??C_STARTUP?2
00203AH   003302H   0012C9H   BYTE   UNIT     CODE           USB_DESCRIPTOR
003303H   003694H   000392H   BYTE   UNIT     CODE           ?PR?HANDLEISOFEEDBACK?AUDIO
003695H   0038D6H   000242H   BYTE   UNIT     CODE           ?PR?_PLAYMULTICHSTART?AUDIO
0038D7H   003ABBH   0001E5H   BYTE   UNIT     CODE           ?PR?AUDIO
003ABCH   003C8DH   0001D2H   BYTE   UNIT     CODE           ?PR?HANDLEREQUEST?REQUEST
003C8EH   003E33H   0001A6H   BYTE   UNIT     CODE           ?PR?_RECMULTICHSTART?AUDIO
003E34H   003FB2H   00017FH   BYTE   UNIT     CODE           ?PR?HANDLECONTROLTRANSFER?USB
003FB3H   004116H   000164H   BYTE   UNIT     CODE           ?C?LIB_CODE
004117H   004264H   00014EH   BYTE   UNIT     CODE           ?PR?_RECTWOCHSTART?AUDIO
004265H   0043AEH   00014AH   BYTE   UNIT     CODE           ?PR?_PLAYTWOCHSTART?AUDIO
0043AFH   0044F4H   000146H   BYTE   UNIT     CODE           ?PR?_RECSPDIFSTART?AUDIO
0044F5H   004638H   000144H   BYTE   UNIT     CODE           ?PR?HANDLECLOCKFREQUENCY?AUDIO20
004639H   004749H   000111H   BYTE   UNIT     CODE           ?PR?_PLAYSPDIFSTART?AUDIO
00474AH   004859H   000110H   BYTE   UNIT     CODE           ?PR?_SETCURRENTMUTE?AUDIO
00485AH   00494AH   0000F1H   BYTE   UNIT     CODE           ?PR?AUDIOINIT?AUDIO
00494BH   004A17H   0000CDH   BYTE   UNIT     CODE           ?PR?HANDLEGETDESCRIPTOR?REQUEST
004A18H   004ADDH   0000C6H   BYTE   UNIT     CODE           ?PR?HANDLEVOLUME?AUDIO20
004ADEH   004B9CH   0000BFH   BYTE   UNIT     CODE           ?PR?AUDIO20
004B9DH   004C58H   0000BCH   BYTE   UNIT     CODE           ?PR?ISR_INT1?PERIPHERAL
004C59H   004D10H   0000B8H   BYTE   UNIT     CODE           ?PR?REQUEST
004D11H   004DC7H   0000B7H   BYTE   UNIT     CODE           ?PR?_HANDLESTREAMDATAOUT?AUDIO10
004DC8H   004E7AH   0000B3H   BYTE   UNIT     CODE           ?PR?HANDLEVOLUME?AUDIO10
004E7BH   004F27H   0000ADH   BYTE   UNIT     CODE           ?PR?_HANDLESTREAMCMND?AUDIO20
004F28H   004FCFH   0000A8H   BYTE   UNIT     CODE           ?PR?_PLAYMULTICHOPEN?AUDIO20
004FD0H   00506FH   0000A0H   BYTE   UNIT     CODE           ?PR?CODECINIT?AUDIO
005070H   005108H   000099H   BYTE   UNIT     CODE           ?PR?HANDLESPDIFIN?AUDIO
005109H   00519AH   000092H   BYTE   UNIT     CODE           ?PR?_STREAMSETINTERFACE?AUDIO20
00519BH   00522CH   000092H   BYTE   UNIT     CODE           ?PR?HANDLEVENDORCMND?DEVICE
00522DH   0052B0H   000084H   BYTE   UNIT     CODE           ?PR?HANDLETERMINALCONNECTOR?AUDIO20
0052B1H   005331H   000081H   BYTE   UNIT     CODE           ?PR?_SENDHDACOMMAND?PERIPHERAL
005332H   0053B1H   000080H   BYTE   UNIT     CODE           ?C_C51STARTUP
0053B2H   00542DH   00007CH   BYTE   UNIT     CODE           ?PR?_I2CMASTERREAD?PERIPHERAL
00542EH   0054A8H   00007BH   BYTE   UNIT     CODE           ?PR?_SETDMAFREQ?AUDIO
0054A9H   005523H   00007BH   BYTE   UNIT     CODE           ?C_INITSEG
005524H   00559DH   00007AH   BYTE   UNIT     CODE           ?PR?HANDLEHIDDATAOUT?HID
00559EH   005616H   000079H   BYTE   UNIT     CODE           ?PR?_I2CMASTERWRITE?PERIPHERAL
005617H   005683H   00006DH   BYTE   UNIT     CODE           ?PR?HANDLEBOOST?AUDIO10
005684H   0056EAH   000067H   BYTE   UNIT     CODE           ?PR?SETRECORDMUTE?AUDIO
0056EBH   005751H   000067H   BYTE   UNIT     CODE           ?PR?HANDLEBOOST?AUDIO20
005752H   0057B8H   000067H   BYTE   UNIT     CODE           ?PR?HANDLEVENDORDATAOUT?DEVICE
0057B9H   00581DH   000065H   BYTE   UNIT     CODE           ?PR?HANDLESETINTERFACE?REQUEST
00581EH   00587FH   000062H   BYTE   UNIT     CODE           ?PR?USBPROCESS?USB
005880H   0058E0H   000061H   BYTE   UNIT     CODE           ?PR?HANDLECONTROLCMND?AUDIO20
0058E1H   00593FH   00005FH   BYTE   UNIT     CODE           ?PR?_PLAYSPDIFOPEN?AUDIO20
005940H   005999H   00005AH   BYTE   UNIT     CODE           ?PR?_PLAYTWOCHOPEN?AUDIO20
00599AH   0059F3H   00005AH   BYTE   UNIT     CODE           ?PR?PROCESSMIDIINBYTE?MIDI
0059F4H   005A45H   000052H   BYTE   UNIT     CODE           ?PR?HANDLEMUTE?AUDIO10
005A46H   005A95H   000050H   BYTE   UNIT     CODE           ?PR?HANDLEMUTE?AUDIO20
005A96H   005AE5H   000050H   BYTE   UNIT     CODE           ?PR?DONEPACKET?MIDI
005AE6H   005B35H   000050H   BYTE   UNIT     CODE           ?PR?HANDLEHIDCMND?HID
005B36H   005B84H   00004FH   BYTE   UNIT     CODE           ?PR?_SETCURRENTVOL?AUDIO
005B85H   005BD3H   00004FH   BYTE   UNIT     CODE           ?PR?_GETSTRINGDSCR?REQUEST
005BD4H   005C21H   00004EH   BYTE   UNIT     CODE           ?PR?ISR_UART?UART
005C22H   005C6FH   00004EH   BYTE   UNIT     CODE           ?PR?PERIPHERAL
005C70H   005CB6H   000047H   BYTE   UNIT     CODE           ?PR?HANDLETERMINALCLUSTER?AUDIO20
005CB7H   005CFBH   000045H   BYTE   UNIT     CODE           ?PR?HANDLECLOCKVALID?AUDIO20
005CFCH   005D40H   000045H   BYTE   UNIT     CODE           ?PR?_RECMULTICHOPEN?AUDIO20
005D41H   005D84H   000044H   BYTE   UNIT     CODE           ?PR?_STREAMSETINTERFACE?AUDIO10
005D85H   005DC8H   000044H   BYTE   UNIT     CODE           ?PR?USB
LX51 LINKER/LOCATER V4.41                                                             03/03/2017  15:53:01  PAGE 4


005DC9H   005E0BH   000043H   BYTE   UNIT     CODE           ?PR?_RECTWOCHOPEN?AUDIO20
005E0CH   005E4EH   000043H   BYTE   UNIT     CODE           ?PR?_RECSPDIFOPEN?AUDIO20
005E4FH   005E8EH   000040H   BYTE   UNIT     CODE           ?PR?_PLAYMULTICHOPEN?AUDIO10
005E8FH   005ECDH   00003FH   BYTE   UNIT     CODE           ?PR?HANDLESETCONFIGURATION?REQUEST
005ECEH   005F0BH   00003EH   BYTE   UNIT     CODE           ?PR?GPIOINIT?DEVICE
005F0CH   005F47H   00003CH   BYTE   UNIT     CODE           ?PR?GETSPDIFINSAMPLINGRATE?AUDIO
005F48H   005F83H   00003CH   BYTE   UNIT     CODE           ?PR?_HANDLESTREAMCMND?AUDIO10
005F84H   005FBFH   00003CH   BYTE   UNIT     CODE           ?PR?CIN?MIDI
005FC0H   005FF8H   000039H   BYTE   UNIT     CODE           ?PR?_GETDMAFREQ?AUDIO
005FF9H   006031H   000039H   BYTE   UNIT     CODE           ?PR?DEVICE
006032H   00606AH   000039H   BYTE   UNIT     CODE           ?PR?PACKINPUTREPORT?HID
00606BH   0060A2H   000038H   BYTE   UNIT     CODE           ?PR?HANDLECONTROLDATAOUT?AUDIO20
0060A3H   0060D9H   000037H   BYTE   UNIT     CODE           ?PR?_SETCURRENTBOOST?AUDIO
0060DAH   006110H   000037H   BYTE   UNIT     CODE           ?PR?PROCESSMIDIOUTBYTE?MIDI
006111H   006147H   000037H   BYTE   UNIT     CODE           ?PR?HIDINIT?HID
006148H   00617EH   000037H   BYTE   UNIT     CODE           ?PR?HANDLEGETINTERFACE?REQUEST
00617FH   0061B3H   000035H   BYTE   UNIT     CODE           ?PR?HANDLEUSBRESET?DEVICE
0061B4H   0061E7H   000034H   BYTE   UNIT     CODE           ?PR?MIDIPROCESS?MIDI
0061E8H   00621AH   000033H   BYTE   UNIT     CODE           ?PR?AUDIOPROCESS?AUDIO
00621BH   00624DH   000033H   BYTE   UNIT     CODE           ?PR?_SENDINT4DATA?USB
00624EH   006280H   000033H   BYTE   UNIT     CODE           ?PR?_SENDINT15DATA?USB
006281H   0062B0H   000030H   BYTE   UNIT     CODE           ?PR?_REGISTERUSBDEVICE?REQUEST
0062B1H   0062DFH   00002FH   BYTE   UNIT     CODE           ?PR?POWERONRESET?DEVICE
0062E0H   00630AH   00002BH   BYTE   UNIT     CODE           ?PR?PLAYSPDIFSTOP?AUDIO
00630BH   006334H   00002AH   BYTE   UNIT     CODE           ?PR?HANDLECONTROLCMND?AUDIO10
006335H   00635EH   00002AH   BYTE   UNIT     CODE           ?PR?HANDLECONTROLDATAOUT?AUDIO10
00635FH   006386H   000028H   BYTE   UNIT     CODE           ?PR?_CONTROLBYTETOFREQ?AUDIO
006387H   0063ADH   000027H   BYTE   UNIT     CODE           ?PR?FREQTOCONTROLBYTE?AUDIO
0063AEH   0063D4H   000027H   BYTE   UNIT     CODE           ?PR?HANDLEGPI?DEVICE
0063D5H   0063FAH   000026H   BYTE   UNIT     CODE           ?PR?HANDLEHIDGETDESC?HID
0063FBH   00641FH   000025H   BYTE   UNIT     CODE           ?PR?_GETSAMPLINGRATE?AUDIO
006420H   006443H   000024H   BYTE   UNIT     CODE           ?PR?_PLAYBACKRELEASEREF?AUDIO
006444H   006467H   000024H   BYTE   UNIT     CODE           ?PR?CONVERTTOANALOGDAC4398?AUDIO
006468H   006486H   00001FH   BYTE   UNIT     CODE           ?PR?CONVERTTOANALOGDAC5346?AUDIO
006487H   0064A5H   00001FH   BYTE   UNIT     CODE           ?PR?_SPIREADBYTE?PERIPHERAL
0064A6H   0064C3H   00001EH   BYTE   UNIT     CODE           ?PR?MAIN?DEVICE
0064C4H   0064E1H   00001EH   BYTE   UNIT     CODE           ?PR?PASSPACKET?MIDI
0064E2H   0064FDH   00001CH   BYTE   UNIT     CODE           ?PR?RECSPDIFSTOP?AUDIO
0064FEH   006518H   00001BH   BYTE   UNIT     CODE           ?PR?PLAYMULTICHSTOP?AUDIO
006519H   006533H   00001BH   BYTE   UNIT     CODE           ?PR?PLAYTWOCHSTOP?AUDIO
006534H   00654EH   00001BH   BYTE   UNIT     CODE           ?PR?_PLAYSPDIFOPEN?AUDIO10
00654FH   006569H   00001BH   BYTE   UNIT     CODE           ?PR?USBINIT?USB
00656AH   006582H   000019H   BYTE   UNIT     CODE           ?PR?_MSGLEN?MIDI
006583H   00659AH   000018H   BYTE   UNIT     CODE           ?PR?CONVERTTOANALOGDAC4382?AUDIO
00659BH   0065B2H   000018H   BYTE   UNIT     CODE           ?PR?_SPIWRITEBYTE?PERIPHERAL
0065B3H   0065C8H   000016H   BYTE   UNIT     CODE           ?PR?AUDIO10
0065C9H   0065DEH   000016H   BYTE   UNIT     CODE           ?PR?_PERI_WRITEBYTE?PERIPHERAL
0065DFH   0065F3H   000015H   BYTE   UNIT     CODE           ?PR?AUDIOSTOP?AUDIO
0065F4H   006608H   000015H   BYTE   UNIT     CODE           ?PR?_RECMULTICHOPEN?AUDIO10
006609H   00661DH   000015H   BYTE   UNIT     CODE           ?PR?_PUTINTOTXQUEUE?UART
00661EH   006631H   000014H   BYTE   UNIT     CODE           ?PR?PLAYBACKRESETREF?AUDIO
006632H   006645H   000014H   BYTE   UNIT     CODE           ?PR?RECMULTICHSTOP?AUDIO
006646H   006659H   000014H   BYTE   UNIT     CODE           ?PR?RECTWOCHSTOP?AUDIO
00665AH   00666DH   000014H   BYTE   UNIT     CODE           ?PR?GETFROMRXQUEUE?UART
00666EH   006680H   000013H   BYTE   UNIT     CODE           ?PR?_PLAYTWOCHOPEN?AUDIO10
006681H   006693H   000013H   BYTE   UNIT     CODE           ?PR?_PERI_READWORD?PERIPHERAL
006694H   0066A5H   000012H   BYTE   UNIT     CODE           ?PR?CODECRESET?AUDIO
0066A6H   0066B7H   000012H   BYTE   UNIT     CODE           ?PR?HANDLEUSBRESUME?DEVICE
0066B8H   0066C9H   000012H   BYTE   UNIT     CODE           ?PR?HANDLEUSBSUSPEND?DEVICE
0066CAH   0066DBH   000012H   BYTE   UNIT     CODE           ?PR?HANDLEDECONFIGURED?DEVICE
0066DCH   0066EBH   000010H   BYTE   UNIT     CODE           ?PR?_PERI_WRITEWORD?PERIPHERAL
0066ECH   0066FAH   00000FH   BYTE   UNIT     CODE           ?PR?_GETCURRENTBOOST?AUDIO
0066FBH   006709H   00000FH   BYTE   UNIT     CODE           ?PR?_GETCURRENTMUTE?AUDIO
00670AH   006718H   00000FH   BYTE   UNIT     CODE           ?PR?MIDIINIT?MIDI
006719H   006727H   00000FH   BYTE   UNIT     CODE           ?PR?HANDLEGETCONFIGURATION?REQUEST
LX51 LINKER/LOCATER V4.41                                                             03/03/2017  15:53:01  PAGE 5


006728H   006735H   00000EH   BYTE   UNIT     CODE           ?PR?_PLAYBACKADDREF?AUDIO
006736H   006743H   00000EH   BYTE   UNIT     CODE           ?PR?SENDINPUTREPORT?HID
006744H   00674FH   00000CH   BYTE   UNIT     CODE           ?PR?_GETCURRENTVOL?AUDIO
006750H   00675BH   00000CH   BYTE   UNIT     CODE           ?PR?HANDLECONFIGURED?DEVICE
00675CH   006767H   00000CH   BYTE   UNIT     CODE           ?PR?UARTINIT?UART
006768H   006773H   00000CH   BYTE   UNIT     CODE           ?PR?_PERI_READBYTE?PERIPHERAL
006774H   00677EH   00000BH   BYTE   UNIT     CODE           ?PR?_RECTWOCHOPEN?AUDIO10
00677FH   006789H   00000BH   BYTE   UNIT     CODE           ?PR?_RECSPDIFOPEN?AUDIO10
00678AH   006794H   00000BH   BYTE   UNIT     CODE           ?PR?RXQUEUEISEMPTY?UART
006795H   00679FH   00000BH   BYTE   UNIT     CODE           ?PR?_SETUSBCTRLDATA?USB
0067A0H   0067A8H   000009H   BYTE   UNIT     CODE           ?PR?HANDLEGPIO?DEVICE
0067A9H   0067B1H   000009H   BYTE   UNIT     CODE           ?PR?ISR_TMR0?TIMER
0067B2H   0067B9H   000008H   BYTE   UNIT     CODE           ?PR?MIDI
0067BAH   0067C1H   000008H   BYTE   UNIT     CODE           ?PR?_FLASHREAD?PERIPHERAL
0067C2H   0067C2H   000001H   BYTE   UNIT     CODE           ?PR?HANDLEINT15COMPLETE?DEVICE
0067C3H   0069EAH   000228H   BYTE   UNIT     CONST          ?CO?AUDIO20
0069EBH   006B71H   000187H   BYTE   UNIT     CONST          ?CO?AUDIO
006B72H   006C4BH   0000DAH   BYTE   UNIT     CONST          ?CO?AUDIO10
006C4CH   006CFDH   0000B2H   BYTE   UNIT     CONST          ?CO?DEVICE
006CFEH   006D63H   000066H   BYTE   UNIT     CONST          ?CO?MIDI
006D64H   006D81H   00001EH   BYTE   UNIT     CONST          ?CO?HID

* * * * * * * * * * *  X D A T A   M E M O R Y  * * * * * * * * * * * * *
000000H   000000H   000001H   BYTE   OFFS..   XDATA          ?XD?PERIPHERAL?26
000001H   000001H   000001H   BYTE   OFFS..   XDATA          ?XD?PERIPHERAL?13
000002H   000002H   000001H   BYTE   OFFS..   XDATA          ?XD?PERIPHERAL?10
000003H   000003H   000001H   BYTE   OFFS..   XDATA          ?XD?PERIPHERAL?7
000004H   000004H   000001H   BYTE   OFFS..   XDATA          ?XD?PERIPHERAL?6
000005H   000005H   000001H   BYTE   OFFS..   XDATA          ?XD?PERIPHERAL?2
000006H   000006H   000001H   BYTE   OFFS..   XDATA          ?XD?PERIPHERAL?1
000007H   000007H   000001H   BYTE   OFFS..   XDATA          ?XD?PERIPHERAL?3
000008H   000008H   000001H   BYTE   OFFS..   XDATA          ?XD?PERIPHERAL?23
000009H   000009H   000001H   BYTE   OFFS..   XDATA          ?XD?PERIPHERAL?21
00000AH   00000AH   000001H   BYTE   OFFS..   XDATA          ?XD?PERIPHERAL?11
00000BH   000012H   000008H   BYTE   OFFS..   XDATA          ?XD?PERIPHERAL?27
000013H   00001AH   000008H   BYTE   OFFS..   XDATA          ?XD?PERIPHERAL?12
00001BH   00001FH   000005H   ---    ---      **GAP**
000020H   000020H   000001H   BYTE   OFFS..   XDATA          ?XD?PERIPHERAL?17
000021H   000021H   000001H   BYTE   OFFS..   XDATA          ?XD?PERIPHERAL?15
000022H   000022H   000001H   BYTE   OFFS..   XDATA          ?XD?PERIPHERAL?18
000023H   000023H   000001H   BYTE   OFFS..   XDATA          ?XD?PERIPHERAL?16
000024H   000024H   000001H   BYTE   OFFS..   XDATA          ?XD?PERIPHERAL?19
000025H   000025H   000001H   BYTE   OFFS..   XDATA          ?XD?PERIPHERAL?20
000026H   000026H   000001H   BYTE   OFFS..   XDATA          ?XD?PERIPHERAL?22
000027H   000027H   000001H   BYTE   OFFS..   XDATA          ?XD?PERIPHERAL?24
000028H   00002BH   000004H   BYTE   OFFS..   XDATA          ?XD?PERIPHERAL?0
00002CH   00002FH   000004H   BYTE   OFFS..   XDATA          ?XD?PERIPHERAL?14
000030H   000033H   000004H   BYTE   OFFS..   XDATA          ?XD?PERIPHERAL?30
000034H   000037H   000004H   BYTE   OFFS..   XDATA          ?XD?PERIPHERAL?28
000038H   00003BH   000004H   BYTE   OFFS..   XDATA          ?XD?PERIPHERAL?25
00003CH   00003CH   000001H   BYTE   OFFS..   XDATA          ?XD?PERIPHERAL?4
00003DH   00003DH   000001H   BYTE   OFFS..   XDATA          ?XD?PERIPHERAL?5
00003EH   00003FH   000002H   ---    ---      **GAP**
000040H   000041H   000002H   BYTE   OFFS..   XDATA          ?XD?PERIPHERAL?9
000042H   000043H   000002H   BYTE   OFFS..   XDATA          ?XD?PERIPHERAL?8
000044H   000045H   000002H   BYTE   OFFS..   XDATA          ?XD?PERIPHERAL?29



OVERLAY MAP OF MODULE:   6632A-0303 (AUDIO)


FUNCTION/MODULE                       BIT_GROUP   DATA_GROUP 
--> CALLED FUNCTION/MODULE           START  STOP  START  STOP
=============================================================
LX51 LINKER/LOCATER V4.41                                                             03/03/2017  15:53:01  PAGE 6


ISR_TMR0/TIMER                       ----- -----  ----- -----

*** NEW ROOT ***********************

ISR_UART/UART                        ----- -----  ----- -----

*** NEW ROOT ***********************

ISR_INT0/USB                         ----- -----  ----- -----

*** NEW ROOT ***********************

ISR_INT1/PERIPHERAL                  ----- -----  ----- -----

*** NEW ROOT ***********************

?C_C51STARTUP                        ----- -----  ----- -----
  +--> ?PR?MAIN?DEVICE
  +--> ?C_INITSEG

MAIN/DEVICE                          ----- -----  ----- -----
  +--> ?PR?POWERONRESET?DEVICE
  +--> ?PR?HANDLEGPI?DEVICE
  +--> ?PR?HANDLEGPIO?DEVICE
  +--> ?PR?USBPROCESS?USB
  +--> ?PR?AUDIOPROCESS?AUDIO

POWERONRESET/DEVICE                  ----- -----  ----- -----
  +--> ?PR?_PERI_READBYTE?PERIPHERAL
  +--> ?PR?GPIOINIT?DEVICE
  +--> ?PR?USBINIT?USB
  +--> ?CO?DEVICE
  +--> ?PR?_REGISTERUSBDEVICE?REQUEST

_PERI_READBYTE/PERIPHERAL            ----- -----  ----- -----

GPIOINIT/DEVICE                      ----- -----  ----- -----
  +--> ?PR?_PERI_WRITEBYTE?PERIPHERAL
  +--> ?PR?_PERI_READBYTE?PERIPHERAL

_PERI_WRITEBYTE/PERIPHERAL           ----- -----  ----- -----

USBINIT/USB                          ----- -----  ----- -----
  +--> ?CO?REQUEST?0

?CO?REQUEST?0                        ----- -----  ----- -----

?CO?DEVICE                           ----- -----  ----- -----
  +--> ?CO?AUDIO20
  +--> ?CO?HID
  +--> ?PR?HANDLECONFIGURED?DEVICE
  +--> ?PR?HANDLEDECONFIGURED?DEVICE
  +--> ?PR?HANDLEVENDORCMND?DEVICE
  +--> ?PR?HANDLEVENDORDATAOUT?DEVICE
  +--> ?CO?AUDIO10

?CO?AUDIO20                          ----- -----  ----- -----
  +--> ?PR?HANDLECONTROLCMND?AUDIO20
  +--> ?PR?HANDLECONTROLDATAOUT?AUDIO20
  +--> ?PR?_STREAMSETINTERFACE?AUDIO20
  +--> ?PR?_HANDLESTREAMCMND?AUDIO20
  +--> ?PR?HANDLESTREAMDATAOUT?AUDIO20

HANDLECONTROLCMND/AUDIO20            ----- -----  ----- -----
  +--> ?PR?HANDLETERMINALCLUSTER?AUDIO20
LX51 LINKER/LOCATER V4.41                                                             03/03/2017  15:53:01  PAGE 7


  +--> ?PR?HANDLETERMINALCONNECTOR?AUDIO20
  +--> ?PR?HANDLEMUTE?AUDIO20
  +--> ?PR?HANDLEVOLUME?AUDIO20
  +--> ?PR?HANDLEBOOST?AUDIO20
  +--> ?PR?HANDLECLOCKFREQUENCY?AUDIO20
  +--> ?PR?HANDLECLOCKVALID?AUDIO20

HANDLETERMINALCLUSTER/AUDIO20        ----- -----  ----- -----
  +--> ?PR?AUDIO20
  +--> ?PR?_SETUSBCTRLDATA?USB

AUDIO20                              ----- -----  ----- -----

_SETUSBCTRLDATA/USB                  ----- -----  ----- -----

HANDLETERMINALCONNECTOR/AUDIO20      ----- -----  ----- -----
  +--> ?PR?AUDIO20
  +--> ?PR?_SETUSBCTRLDATA?USB

HANDLEMUTE/AUDIO20                   22H.7 22H.7  ----- -----
  +--> ?CO?AUDIO
  +--> ?PR?_GETCURRENTMUTE?AUDIO
  +--> ?PR?AUDIO20
  +--> ?PR?_SETUSBCTRLDATA?USB
  +--> ?PR?_SETCURRENTMUTE?AUDIO

?CO?AUDIO                            ----- -----  ----- -----

_GETCURRENTMUTE/AUDIO                ----- -----  ----- -----

_SETCURRENTMUTE/AUDIO                23H.0 23H.0  0046H 0046H
  +--> ?CO?AUDIO
  +--> ?PR?_PERI_READBYTE?PERIPHERAL
  +--> ?PR?_PERI_WRITEBYTE?PERIPHERAL
  +--> ?PR?AUDIO
  +--> ?PR?_I2CMASTERREAD?PERIPHERAL
  +--> ?PR?_I2CMASTERWRITE?PERIPHERAL

AUDIO                                ----- -----  ----- -----
  +--> ?CO?AUDIO
  +--> ?PR?_GETSAMPLINGRATE?AUDIO

_GETSAMPLINGRATE/AUDIO               ----- -----  ----- -----
  +--> ?CO?AUDIO

_I2CMASTERREAD/PERIPHERAL            ----- -----  0047H 004CH
  +--> ?PR?_PERI_WRITEBYTE?PERIPHERAL
  +--> ?PR?PERIPHERAL
  +--> ?PR?_PERI_READBYTE?PERIPHERAL

PERIPHERAL                           ----- -----  ----- -----
  +--> ?PR?_PERI_READBYTE?PERIPHERAL
  +--> ?PR?_PERI_WRITEBYTE?PERIPHERAL
  +--> ?PR?_PERI_WRITEWORD?PERIPHERAL

_PERI_WRITEWORD/PERIPHERAL           ----- -----  ----- -----

_I2CMASTERWRITE/PERIPHERAL           ----- -----  004CH 0051H
  +--> ?PR?_PERI_WRITEBYTE?PERIPHERAL
  +--> ?PR?PERIPHERAL
  +--> ?PR?_PERI_READBYTE?PERIPHERAL

HANDLEVOLUME/AUDIO20                 22H.7 22H.7  ----- -----
  +--> ?PR?AUDIO20
  +--> ?CO?AUDIO
LX51 LINKER/LOCATER V4.41                                                             03/03/2017  15:53:01  PAGE 8


  +--> ?PR?_GETCURRENTVOL?AUDIO
  +--> ?PR?_SETUSBCTRLDATA?USB
  +--> ?PR?_SETCURRENTVOL?AUDIO

_GETCURRENTVOL/AUDIO                 ----- -----  ----- -----

_SETCURRENTVOL/AUDIO                 ----- -----  0046H 0046H
  +--> ?PR?AUDIO
  +--> ?PR?CONVERTTOANALOGDAC4382?AUDIO
  +--> ?PR?CONVERTTOANALOGDAC4398?AUDIO
  +--> ?PR?CONVERTTOANALOGDAC5346?AUDIO
  +--> ?CO?AUDIO
  +--> ?PR?_I2CMASTERWRITE?PERIPHERAL

CONVERTTOANALOGDAC4382/AUDIO         ----- -----  ----- -----

CONVERTTOANALOGDAC4398/AUDIO         ----- -----  ----- -----

CONVERTTOANALOGDAC5346/AUDIO         ----- -----  ----- -----

HANDLEBOOST/AUDIO20                  22H.7 22H.7  ----- -----
  +--> ?CO?AUDIO
  +--> ?PR?_GETCURRENTBOOST?AUDIO
  +--> ?PR?AUDIO20
  +--> ?PR?_SETUSBCTRLDATA?USB
  +--> ?PR?_SETCURRENTBOOST?AUDIO

_GETCURRENTBOOST/AUDIO               ----- -----  ----- -----

_SETCURRENTBOOST/AUDIO               23H.0 23H.0  ----- -----
  +--> ?PR?AUDIO
  +--> ?PR?_I2CMASTERWRITE?PERIPHERAL

HANDLECLOCKFREQUENCY/AUDIO20         22H.7 22H.7  ----- -----
  +--> ?PR?AUDIO20
  +--> ?PR?_CONTROLBYTETOFREQ?AUDIO
  +--> ?PR?_SETUSBCTRLDATA?USB
  +--> ?PR?FREQTOCONTROLBYTE?AUDIO
  +--> ?PR?PLAYMULTICHSTOP?AUDIO
  +--> ?PR?_PLAYMULTICHOPEN?AUDIO20
  +--> ?PR?PLAYSPDIFSTOP?AUDIO
  +--> ?PR?_PLAYSPDIFOPEN?AUDIO20
  +--> ?PR?PLAYTWOCHSTOP?AUDIO
  +--> ?PR?_PLAYTWOCHOPEN?AUDIO20
  +--> ?PR?RECTWOCHSTOP?AUDIO
  +--> ?PR?_RECTWOCHOPEN?AUDIO20
  +--> ?PR?RECMULTICHSTOP?AUDIO
  +--> ?PR?_RECMULTICHOPEN?AUDIO20
  +--> ?PR?RECSPDIFSTOP?AUDIO
  +--> ?PR?_RECSPDIFOPEN?AUDIO20

_CONTROLBYTETOFREQ/AUDIO             ----- -----  ----- -----
  +--> ?PR?AUDIO

FREQTOCONTROLBYTE/AUDIO              ----- -----  ----- -----
  +--> ?PR?AUDIO

PLAYMULTICHSTOP/AUDIO                ----- -----  ----- -----
  +--> ?PR?_PERI_READBYTE?PERIPHERAL
  +--> ?PR?_PERI_WRITEBYTE?PERIPHERAL
  +--> ?PR?_PLAYBACKRELEASEREF?AUDIO

_PLAYBACKRELEASEREF/AUDIO            ----- -----  ----- -----
  +--> ?PR?_PERI_READBYTE?PERIPHERAL
  +--> ?PR?_PERI_WRITEBYTE?PERIPHERAL
LX51 LINKER/LOCATER V4.41                                                             03/03/2017  15:53:01  PAGE 9



_PLAYMULTICHOPEN/AUDIO20             ----- -----  0049H 0049H
  +--> ?PR?AUDIO20
  +--> ?PR?_SETDMAFREQ?AUDIO
  +--> ?PR?_PLAYMULTICHSTART?AUDIO

_SETDMAFREQ/AUDIO                    ----- -----  004AH 004AH
  +--> ?PR?_GETDMAFREQ?AUDIO
  +--> ?PR?_PERI_WRITEBYTE?PERIPHERAL
  +--> ?PR?_PERI_READBYTE?PERIPHERAL

_GETDMAFREQ/AUDIO                    ----- -----  ----- -----
  +--> ?PR?_PERI_READBYTE?PERIPHERAL

_PLAYMULTICHSTART/AUDIO              ----- -----  004AH 004BH
  +--> ?PR?_GETDMAFREQ?AUDIO
  +--> ?PR?AUDIO
  +--> ?PR?_I2CMASTERWRITE?PERIPHERAL
  +--> ?PR?_PERI_WRITEWORD?PERIPHERAL
  +--> ?PR?_PERI_WRITEBYTE?PERIPHERAL
  +--> ?CO?AUDIO
  +--> ?PR?_PERI_READBYTE?PERIPHERAL
  +--> ?PR?_PLAYBACKADDREF?AUDIO

_PLAYBACKADDREF/AUDIO                ----- -----  ----- -----

PLAYSPDIFSTOP/AUDIO                  ----- -----  ----- -----
  +--> ?PR?_PERI_WRITEBYTE?PERIPHERAL
  +--> ?PR?_PLAYBACKRELEASEREF?AUDIO
  +--> ?PR?_PERI_READBYTE?PERIPHERAL

_PLAYSPDIFOPEN/AUDIO20               ----- -----  0049H 0049H
  +--> ?PR?AUDIO20
  +--> ?PR?_SETDMAFREQ?AUDIO
  +--> ?PR?_PLAYSPDIFSTART?AUDIO

_PLAYSPDIFSTART/AUDIO                ----- -----  004AH 004AH
  +--> ?PR?_GETDMAFREQ?AUDIO
  +--> ?PR?_PERI_READBYTE?PERIPHERAL
  +--> ?PR?AUDIO
  +--> ?PR?_PERI_WRITEBYTE?PERIPHERAL
  +--> ?CO?AUDIO
  +--> ?PR?_PLAYBACKADDREF?AUDIO

PLAYTWOCHSTOP/AUDIO                  ----- -----  ----- -----
  +--> ?PR?_PERI_READBYTE?PERIPHERAL
  +--> ?PR?_PERI_WRITEBYTE?PERIPHERAL
  +--> ?PR?_PLAYBACKRELEASEREF?AUDIO

_PLAYTWOCHOPEN/AUDIO20               ----- -----  0049H 0049H
  +--> ?PR?AUDIO20
  +--> ?PR?_SETDMAFREQ?AUDIO
  +--> ?PR?_PLAYTWOCHSTART?AUDIO

_PLAYTWOCHSTART/AUDIO                ----- -----  004AH 004AH
  +--> ?PR?_GETDMAFREQ?AUDIO
  +--> ?PR?AUDIO
  +--> ?PR?_I2CMASTERWRITE?PERIPHERAL
  +--> ?PR?_PERI_WRITEWORD?PERIPHERAL
  +--> ?CO?AUDIO
  +--> ?PR?_PERI_WRITEBYTE?PERIPHERAL
  +--> ?PR?_PERI_READBYTE?PERIPHERAL
  +--> ?PR?_PLAYBACKADDREF?AUDIO

RECTWOCHSTOP/AUDIO                   ----- -----  ----- -----
LX51 LINKER/LOCATER V4.41                                                             03/03/2017  15:53:01  PAGE 10


  +--> ?PR?_PERI_READBYTE?PERIPHERAL
  +--> ?PR?_PERI_WRITEBYTE?PERIPHERAL

_RECTWOCHOPEN/AUDIO20                ----- -----  0049H 0049H
  +--> ?PR?AUDIO20
  +--> ?PR?_SETDMAFREQ?AUDIO
  +--> ?PR?_RECTWOCHSTART?AUDIO

_RECTWOCHSTART/AUDIO                 ----- -----  004AH 004AH
  +--> ?PR?_GETDMAFREQ?AUDIO
  +--> ?PR?AUDIO
  +--> ?PR?_I2CMASTERWRITE?PERIPHERAL
  +--> ?PR?_PERI_WRITEBYTE?PERIPHERAL
  +--> ?PR?_PERI_WRITEWORD?PERIPHERAL
  +--> ?PR?_PERI_READBYTE?PERIPHERAL

RECMULTICHSTOP/AUDIO                 ----- -----  ----- -----
  +--> ?PR?_PERI_READBYTE?PERIPHERAL
  +--> ?PR?_PERI_WRITEBYTE?PERIPHERAL

_RECMULTICHOPEN/AUDIO20              ----- -----  0049H 0049H
  +--> ?PR?AUDIO20
  +--> ?PR?_SETDMAFREQ?AUDIO
  +--> ?PR?_RECMULTICHSTART?AUDIO

_RECMULTICHSTART/AUDIO               ----- -----  004AH 004BH
  +--> ?PR?_GETDMAFREQ?AUDIO
  +--> ?PR?AUDIO
  +--> ?PR?_PERI_WRITEBYTE?PERIPHERAL
  +--> ?PR?_PERI_WRITEWORD?PERIPHERAL
  +--> ?PR?_PERI_READBYTE?PERIPHERAL

RECSPDIFSTOP/AUDIO                   ----- -----  ----- -----
  +--> ?PR?_PERI_WRITEBYTE?PERIPHERAL
  +--> ?PR?_PERI_READBYTE?PERIPHERAL

_RECSPDIFOPEN/AUDIO20                ----- -----  0049H 0049H
  +--> ?PR?AUDIO20
  +--> ?PR?_SETDMAFREQ?AUDIO
  +--> ?PR?_RECSPDIFSTART?AUDIO

_RECSPDIFSTART/AUDIO                 ----- -----  004AH 004AH
  +--> ?PR?_GETDMAFREQ?AUDIO
  +--> ?PR?AUDIO
  +--> ?PR?_PERI_WRITEBYTE?PERIPHERAL
  +--> ?PR?_PERI_WRITEWORD?PERIPHERAL
  +--> ?PR?_PERI_READBYTE?PERIPHERAL

HANDLECLOCKVALID/AUDIO20             ----- -----  ----- -----
  +--> ?PR?AUDIO20
  +--> ?PR?_SETUSBCTRLDATA?USB

HANDLECONTROLDATAOUT/AUDIO20         ----- -----  ----- -----
  +--> ?PR?HANDLEMUTE?AUDIO20
  +--> ?PR?HANDLEVOLUME?AUDIO20
  +--> ?PR?HANDLEBOOST?AUDIO20
  +--> ?PR?HANDLECLOCKFREQUENCY?AUDIO20

_STREAMSETINTERFACE/AUDIO20          ----- -----  0046H 0048H
  +--> ?PR?AUDIO20
  +--> ?PR?_PLAYMULTICHOPEN?AUDIO20
  +--> ?PR?_PLAYSPDIFOPEN?AUDIO20
  +--> ?PR?_PLAYTWOCHOPEN?AUDIO20
  +--> ?PR?_RECTWOCHOPEN?AUDIO20
  +--> ?PR?_RECMULTICHOPEN?AUDIO20
LX51 LINKER/LOCATER V4.41                                                             03/03/2017  15:53:01  PAGE 11


  +--> ?PR?_RECSPDIFOPEN?AUDIO20
  +--> ?PR?PLAYMULTICHSTOP?AUDIO
  +--> ?PR?PLAYSPDIFSTOP?AUDIO
  +--> ?PR?PLAYTWOCHSTOP?AUDIO
  +--> ?PR?RECTWOCHSTOP?AUDIO
  +--> ?PR?RECMULTICHSTOP?AUDIO
  +--> ?PR?RECSPDIFSTOP?AUDIO

_HANDLESTREAMCMND/AUDIO20            ----- -----  0046H 0048H
  +--> ?PR?AUDIO20
  +--> ?PR?_SETUSBCTRLDATA?USB

HANDLESTREAMDATAOUT/AUDIO20          ----- -----  ----- -----

?CO?HID                              ----- -----  ----- -----
  +--> ?PR?HANDLEHIDGETDESC?HID
  +--> ?PR?HANDLEHIDCMND?HID
  +--> ?PR?HANDLEHIDDATAOUT?HID

HANDLEHIDGETDESC/HID                 ----- -----  ----- -----
  +--> ?PR?_SETUSBCTRLDATA?USB

HANDLEHIDCMND/HID                    ----- -----  ----- -----
  +--> ?PR?PACKINPUTREPORT?HID
  +--> ?PR?_SETUSBCTRLDATA?USB

PACKINPUTREPORT/HID                  ----- -----  ----- -----
  +--> ?PR?_PERI_READBYTE?PERIPHERAL

HANDLEHIDDATAOUT/HID                 ----- -----  ----- -----
  +--> ?PR?_PERI_WRITEBYTE?PERIPHERAL

HANDLECONFIGURED/DEVICE              ----- -----  ----- -----
  +--> ?PR?_PERI_WRITEBYTE?PERIPHERAL
  +--> ?PR?AUDIOINIT?AUDIO

AUDIOINIT/AUDIO                      ----- -----  ----- -----
  +--> ?PR?CODECRESET?AUDIO
  +--> ?PR?_PERI_WRITEBYTE?PERIPHERAL
  +--> ?PR?_PERI_WRITEWORD?PERIPHERAL
  +--> ?PR?_PERI_READBYTE?PERIPHERAL
  +--> ?PR?PLAYBACKRESETREF?AUDIO
  +--> ?PR?CODECINIT?AUDIO
  +--> ?PR?SETRECORDMUTE?AUDIO
  +--> ?PR?AUDIO
  +--> ?PR?_SETCURRENTMUTE?AUDIO
  +--> ?PR?_SETCURRENTBOOST?AUDIO
  +--> ?PR?_SETCURRENTVOL?AUDIO

CODECRESET/AUDIO                     ----- -----  ----- -----
  +--> ?PR?_PERI_READBYTE?PERIPHERAL
  +--> ?PR?_PERI_WRITEBYTE?PERIPHERAL

PLAYBACKRESETREF/AUDIO               ----- -----  ----- -----
  +--> ?PR?_PERI_READBYTE?PERIPHERAL
  +--> ?PR?_PERI_WRITEBYTE?PERIPHERAL

CODECINIT/AUDIO                      ----- -----  ----- -----
  +--> ?PR?AUDIO
  +--> ?PR?_I2CMASTERREAD?PERIPHERAL
  +--> ?PR?_PERI_READBYTE?PERIPHERAL
  +--> ?PR?_PERI_WRITEBYTE?PERIPHERAL
  +--> ?PR?_I2CMASTERWRITE?PERIPHERAL

SETRECORDMUTE/AUDIO                  22H.7 22H.7  ----- -----
LX51 LINKER/LOCATER V4.41                                                             03/03/2017  15:53:01  PAGE 12


  +--> ?PR?_GETCURRENTMUTE?AUDIO
  +--> ?PR?_PERI_READBYTE?PERIPHERAL
  +--> ?PR?_PERI_WRITEBYTE?PERIPHERAL

HANDLEDECONFIGURED/DEVICE            ----- -----  ----- -----
  +--> ?PR?_PERI_READBYTE?PERIPHERAL
  +--> ?PR?_PERI_WRITEBYTE?PERIPHERAL

HANDLEVENDORCMND/DEVICE              ----- -----  ----- -----
  +--> ?PR?DEVICE
  +--> ?PR?_PERI_READBYTE?PERIPHERAL
  +--> ?PR?_FLASHREAD?PERIPHERAL
  +--> ?PR?_SETUSBCTRLDATA?USB

DEVICE                               ----- -----  ----- -----

_FLASHREAD/PERIPHERAL                ----- -----  ----- -----

HANDLEVENDORDATAOUT/DEVICE           ----- -----  ----- -----
  +--> ?PR?DEVICE
  +--> ?PR?_PERI_WRITEBYTE?PERIPHERAL

?CO?AUDIO10                          ----- -----  ----- -----
  +--> ?PR?_HANDLESTREAMCMND?AUDIO10
  +--> ?PR?_HANDLESTREAMDATAOUT?AUDIO10
  +--> ?PR?HANDLECONTROLCMND?AUDIO10
  +--> ?PR?HANDLECONTROLDATAOUT?AUDIO10
  +--> ?PR?_STREAMSETINTERFACE?AUDIO10

_HANDLESTREAMCMND/AUDIO10            ----- -----  ----- -----
  +--> ?PR?_GETDMAFREQ?AUDIO
  +--> ?PR?_CONTROLBYTETOFREQ?AUDIO
  +--> ?PR?_SETUSBCTRLDATA?USB

_HANDLESTREAMDATAOUT/AUDIO10         ----- -----  0046H 0048H
  +--> ?PR?FREQTOCONTROLBYTE?AUDIO
  +--> ?PR?_SETDMAFREQ?AUDIO
  +--> ?PR?_PLAYMULTICHOPEN?AUDIO10
  +--> ?PR?_PLAYSPDIFOPEN?AUDIO10
  +--> ?PR?_PLAYTWOCHOPEN?AUDIO10
  +--> ?PR?_RECMULTICHOPEN?AUDIO10
  +--> ?PR?_RECTWOCHOPEN?AUDIO10
  +--> ?PR?_RECSPDIFOPEN?AUDIO10

_PLAYMULTICHOPEN/AUDIO10             ----- -----  0049H 0049H
  +--> ?PR?_PLAYMULTICHSTART?AUDIO

_PLAYSPDIFOPEN/AUDIO10               ----- -----  ----- -----
  +--> ?PR?_PLAYSPDIFSTART?AUDIO

_PLAYTWOCHOPEN/AUDIO10               ----- -----  ----- -----
  +--> ?PR?_PLAYTWOCHSTART?AUDIO

_RECMULTICHOPEN/AUDIO10              ----- -----  ----- -----
  +--> ?PR?_RECMULTICHSTART?AUDIO

_RECTWOCHOPEN/AUDIO10                ----- -----  ----- -----
  +--> ?PR?_RECTWOCHSTART?AUDIO

_RECSPDIFOPEN/AUDIO10                ----- -----  ----- -----
  +--> ?PR?_RECSPDIFSTART?AUDIO

HANDLECONTROLCMND/AUDIO10            ----- -----  ----- -----
  +--> ?PR?HANDLEMUTE?AUDIO10
  +--> ?PR?HANDLEVOLUME?AUDIO10
LX51 LINKER/LOCATER V4.41                                                             03/03/2017  15:53:01  PAGE 13


  +--> ?PR?HANDLEBOOST?AUDIO10

HANDLEMUTE/AUDIO10                   22H.7 22H.7  ----- -----
  +--> ?CO?AUDIO
  +--> ?PR?_GETCURRENTMUTE?AUDIO
  +--> ?PR?AUDIO10
  +--> ?PR?_SETUSBCTRLDATA?USB
  +--> ?PR?_SETCURRENTMUTE?AUDIO

AUDIO10                              ----- -----  ----- -----

HANDLEVOLUME/AUDIO10                 22H.7 22H.7  ----- -----
  +--> ?PR?AUDIO10
  +--> ?CO?AUDIO
  +--> ?PR?_GETCURRENTVOL?AUDIO
  +--> ?PR?_SETUSBCTRLDATA?USB
  +--> ?PR?_SETCURRENTVOL?AUDIO

HANDLEBOOST/AUDIO10                  22H.7 22H.7  ----- -----
  +--> ?CO?AUDIO
  +--> ?PR?_GETCURRENTBOOST?AUDIO
  +--> ?PR?AUDIO10
  +--> ?PR?_SETUSBCTRLDATA?USB
  +--> ?PR?_SETCURRENTBOOST?AUDIO

HANDLECONTROLDATAOUT/AUDIO10         ----- -----  ----- -----
  +--> ?PR?HANDLEMUTE?AUDIO10
  +--> ?PR?HANDLEVOLUME?AUDIO10
  +--> ?PR?HANDLEBOOST?AUDIO10

_STREAMSETINTERFACE/AUDIO10          ----- -----  ----- -----
  +--> ?PR?PLAYMULTICHSTOP?AUDIO
  +--> ?PR?PLAYSPDIFSTOP?AUDIO
  +--> ?PR?PLAYTWOCHSTOP?AUDIO
  +--> ?PR?RECMULTICHSTOP?AUDIO
  +--> ?PR?RECTWOCHSTOP?AUDIO
  +--> ?PR?RECSPDIFSTOP?AUDIO

_REGISTERUSBDEVICE/REQUEST           ----- -----  ----- -----
  +--> ?PR?REQUEST

REQUEST                              ----- -----  ----- -----

HANDLEGPI/DEVICE                     ----- -----  ----- -----
  +--> ?PR?_PERI_READBYTE?PERIPHERAL
  +--> ?PR?SETRECORDMUTE?AUDIO
  +--> ?PR?SENDINPUTREPORT?HID

SENDINPUTREPORT/HID                  ----- -----  ----- -----
  +--> ?PR?PACKINPUTREPORT?HID
  +--> ?PR?_SENDINT4DATA?USB

_SENDINT4DATA/USB                    ----- -----  0046H 0049H
  +--> ?PR?USB
  +--> ?PR?_PERI_WRITEBYTE?PERIPHERAL

USB                                  ----- -----  ----- -----

HANDLEGPIO/DEVICE                    ----- -----  ----- -----
  +--> ?PR?SENDINPUTREPORT?HID

USBPROCESS/USB                       ----- -----  ----- -----
  +--> ?PR?HANDLECONTROLTRANSFER?USB
  +--> ?PR?_PERI_READBYTE?PERIPHERAL
  +--> ?PR?_PERI_WRITEBYTE?PERIPHERAL
LX51 LINKER/LOCATER V4.41                                                             03/03/2017  15:53:01  PAGE 14


  +--> ?PR?HANDLEUSBRESET?DEVICE
  +--> ?PR?HANDLEUSBRESUME?DEVICE
  +--> ?PR?HANDLEUSBSUSPEND?DEVICE
  +--> ?PR?HANDLEINT4COMPLETE?DEVICE
  +--> ?PR?HANDLEINT15COMPLETE?DEVICE

HANDLECONTROLTRANSFER/USB            ----- -----  ----- -----
  +--> ?PR?USB
  +--> ?PR?HANDLEREQUEST?REQUEST
  +--> ?CO?REQUEST?0

HANDLEREQUEST/REQUEST                22H.7 22H.7  ----- -----
  +--> ?PR?REQUEST
  +--> ?PR?HANDLEGETDESCRIPTOR?REQUEST
  +--> ?PR?HANDLEGETINTERFACE?REQUEST
  +--> ?PR?HANDLESETINTERFACE?REQUEST
  +--> ?PR?HANDLESETCONFIGURATION?REQUEST
  +--> ?PR?HANDLEGETCONFIGURATION?REQUEST

HANDLEGETDESCRIPTOR/REQUEST          ----- -----  ----- -----
  +--> ?PR?REQUEST
  +--> ?PR?_SETUSBCTRLDATA?USB
  +--> ?PR?_GETSTRINGDSCR?REQUEST

_GETSTRINGDSCR/REQUEST               ----- -----  ----- -----
  +--> ?CO?REQUEST?1
  +--> ?PR?REQUEST

?CO?REQUEST?1                        ----- -----  ----- -----

HANDLEGETINTERFACE/REQUEST           ----- -----  ----- -----
  +--> ?PR?REQUEST
  +--> ?PR?_SETUSBCTRLDATA?USB

HANDLESETINTERFACE/REQUEST           ----- -----  ----- -----
  +--> ?PR?REQUEST
  +--> ?PR?_SETUSBCTRLDATA?USB

HANDLESETCONFIGURATION/REQUEST       ----- -----  ----- -----
  +--> ?PR?_PERI_WRITEBYTE?PERIPHERAL
  +--> ?PR?REQUEST
  +--> ?PR?_SETUSBCTRLDATA?USB

HANDLEGETCONFIGURATION/REQUEST       ----- -----  ----- -----
  +--> ?PR?_SETUSBCTRLDATA?USB

HANDLEUSBRESET/DEVICE                ----- -----  ----- -----
  +--> ?PR?_PERI_READBYTE?PERIPHERAL
  +--> ?CO?DEVICE
  +--> ?PR?_REGISTERUSBDEVICE?REQUEST
  +--> ?PR?HIDINIT?HID

HIDINIT/HID                          ----- -----  ----- -----

HANDLEUSBRESUME/DEVICE               ----- -----  ----- -----
  +--> ?PR?_PERI_WRITEBYTE?PERIPHERAL
  +--> ?PR?AUDIOINIT?AUDIO

HANDLEUSBSUSPEND/DEVICE              ----- -----  ----- -----
  +--> ?PR?AUDIOSTOP?AUDIO
  +--> ?PR?_PERI_WRITEBYTE?PERIPHERAL

AUDIOSTOP/AUDIO                      ----- -----  ----- -----
  +--> ?PR?PLAYMULTICHSTOP?AUDIO
  +--> ?PR?PLAYSPDIFSTOP?AUDIO
LX51 LINKER/LOCATER V4.41                                                             03/03/2017  15:53:01  PAGE 15


  +--> ?PR?PLAYTWOCHSTOP?AUDIO
  +--> ?PR?RECMULTICHSTOP?AUDIO
  +--> ?PR?RECTWOCHSTOP?AUDIO
  +--> ?PR?RECSPDIFSTOP?AUDIO
  +--> ?PR?PLAYBACKRESETREF?AUDIO

HANDLEINT4COMPLETE/DEVICE            ----- -----  ----- -----

HANDLEINT15COMPLETE/DEVICE           ----- -----  ----- -----

AUDIOPROCESS/AUDIO                   ----- -----  ----- -----
  +--> ?PR?HANDLEISOFEEDBACK?AUDIO
  +--> ?PR?HANDLESPDIFIN?AUDIO
  +--> ?PR?_PERI_READBYTE?PERIPHERAL
  +--> ?PR?_PERI_WRITEBYTE?PERIPHERAL

HANDLEISOFEEDBACK/AUDIO              ----- -----  ----- -----
  +--> ?PR?_PERI_READWORD?PERIPHERAL
  +--> ?PR?AUDIO
  +--> ?PR?_PERI_READBYTE?PERIPHERAL

_PERI_READWORD/PERIPHERAL            ----- -----  ----- -----
  +--> ?PR?PERIPHERAL

HANDLESPDIFIN/AUDIO                  ----- -----  ----- -----
  +--> ?PR?_PERI_READBYTE?PERIPHERAL
  +--> ?PR?GETSPDIFINSAMPLINGRATE?AUDIO
  +--> ?CO?AUDIO
  +--> ?PR?_SENDINT15DATA?USB
  +--> ?PR?_PERI_WRITEBYTE?PERIPHERAL
  +--> ?PR?_GETDMAFREQ?AUDIO

GETSPDIFINSAMPLINGRATE/AUDIO         ----- -----  ----- -----
  +--> ?PR?_PERI_READBYTE?PERIPHERAL

_SENDINT15DATA/USB                   ----- -----  0046H 0049H
  +--> ?PR?USB
  +--> ?PR?_PERI_WRITEBYTE?PERIPHERAL

?C_INITSEG                           ----- -----  ----- -----



PUBLIC SYMBOLS OF MODULE:  6632A-0303 (AUDIO)


      VALUE       CLASS    TYPE      PUBLIC SYMBOL NAME
      =================================================
      00000047H   DATA     BYTE      ?_I2cMasterRead?BYTE
      0000004CH   DATA     BYTE      ?_I2cMasterWrite?BYTE
      00000023H.0 BIT      BIT       ?_SetCurrentBoost?BIT
      00000023H.0 BIT      BIT       ?_SetCurrentMute?BIT
      010040C4H   CODE     ---       ?C?CCASE
      01003FCCH   CODE     ---       ?C?CLDOPTR
      01003FB3H   CODE     ---       ?C?CLDPTR
      00000000H   NUMBER   ---       ?C?CODESEG
      0100400BH   CODE     ---       ?C?CSTOPTR
      01003FF9H   CODE     ---       ?C?CSTPTR
      010040EAH   CODE     ---       ?C?ICALL
      010040EEH   CODE     ---       ?C?ICALL2
      0100402DH   CODE     ---       ?C?IMUL
      0100410BH   CODE     ---       ?C?PLDCODE
      010040F0H   CODE     ---       ?C?PLDIDATA
      01004094H   CODE     ---       ?C?PLDOPTR
      01004102H   CODE     ---       ?C?PLDPDATA
LX51 LINKER/LOCATER V4.41                                                             03/03/2017  15:53:01  PAGE 16


      010040F9H   CODE     ---       ?C?PLDXDATA
      0100403FH   CODE     ---       ?C?UIDIV
      00000000H   NUMBER   ---       ?C?XDATASEG
      0100536DH   CODE     ---       ?C_START
      01002028H   CODE     ---       ?C_STARTUP
      00000022H.7 BIT      BIT       ?HandleRequest?BIT
      00000022H.7 BIT      BIT       ?SetRecordMute?BIT
      0100635FH   CODE     ---       _ControlByteToFreq
      010067BAH   CODE     ---       _FlashRead
      010066ECH   CODE     ---       _GetCurrentBoost
      010066FBH   CODE     ---       _GetCurrentMute
      01006744H   CODE     ---       _GetCurrentVol
      01005FC0H   CODE     ---       _GetDmaFreq
      010053B2H   CODE     ---       _I2cMasterRead
      0100559EH   CODE     ---       _I2cMasterWrite
      01006768H   CODE     ---       _PERI_ReadByte
      01006681H   CODE     ---       _PERI_ReadWord
      010065D1H   CODE     ---       _PERI_WriteByte
      010066DCH   CODE     ---       _PERI_WriteWord
      01003695H   CODE     ---       _PlayMultiChStart
      01004639H   CODE     ---       _PlaySpdifStart
      01004265H   CODE     ---       _PlayTwoChStart
      01006609H   CODE     ---       _PutIntoTxQueue
      01003C8EH   CODE     ---       _RecMultiChStart
      010043AFH   CODE     ---       _RecSpdifStart
      01004117H   CODE     ---       _RecTwoChStart
      01006281H   CODE     ---       _RegisterUsbDevice
      010052B1H   CODE     ---       _SendHdaCommand
      0100624EH   CODE     ---       _SendInt15Data
      0100621BH   CODE     ---       _SendInt4Data
      010060A3H   CODE     ---       _SetCurrentBoost
      0100474AH   CODE     ---       _SetCurrentMute
      01005B36H   CODE     ---       _SetCurrentVol
      0100542EH   CODE     ---       _SetDmaFreq
      01006795H   CODE     ---       _SetUsbCtrlData
      01006487H   CODE     ---       _SpiReadByte
      0100659BH   CODE     ---       _SpiWriteByte
      01002903H   CODE     ---       Audio10DeviceDscr
      01002915H   CODE     ---       Audio10DeviceQualDscr
      01002DA0H   CODE     ---       Audio10FullSpeedConfigDscr
      0100291FH   CODE     ---       Audio10HighSpeedConfigDscr
      0100203AH   CODE     ---       Audio20DeviceDscr
      0100204CH   CODE     ---       Audio20DeviceQualDscr
      010025ECH   CODE     ---       Audio20FullSpeedConfigDscr
      01002056H   CODE     ---       Audio20HighSpeedConfigDscr
      0100485AH   CODE     ---       AudioInit
      010061E8H   CODE     ---       AudioProcess
      010065DFH   CODE     ---       AudioStop
      02000024H   XDATA    BYTE      BULK_CTRL_1
      02000025H   XDATA    BYTE      BULK_CTRL_2
      02000026H   XDATA    BYTE      BULK_CTRL_3
      0200002CH   XDATA    ---       BULK_IN_DATA
      02000028H   XDATA    ---       BULK_OUT_DATA
      02000013H   XDATA    ---       CONTROL_IN_DATA
      0200000BH   XDATA    ---       CONTROL_OUT_DATA
      01006387H   CODE     ---       FreqToControlByte
      000000C7H   IDATA    BYTE      g_AltHeadphone
      000000ACH   IDATA    BYTE      g_AltLineIn
      000000AEH   IDATA    BYTE      g_AltMicIn
      000000A4H   IDATA    BYTE      g_AltSpdifIn
      000000A5H   IDATA    BYTE      g_AltSpdifOut
      000000ADH   IDATA    BYTE      g_AltSpeaker
      01006BAEH   CONST    ---       g_Audio10InterfaceAudioCtrl
      01006BEAH   CONST    ---       g_Audio10InterfaceHeadphone
      01006BFEH   CONST    ---       g_Audio10InterfaceLineIn
LX51 LINKER/LOCATER V4.41                                                             03/03/2017  15:53:01  PAGE 17


      01006C12H   CONST    ---       g_Audio10InterfaceMicIn
      01006C26H   CONST    ---       g_Audio10InterfaceSpdifIn
      01006BD6H   CONST    ---       g_Audio10InterfaceSpdifOut
      01006BC2H   CONST    ---       g_Audio10InterfaceSpeaker
      01006809H   CONST    ---       g_Audio20InterfaceAudioCtrl
      01006845H   CONST    ---       g_Audio20InterfaceHeadphone
      01006859H   CONST    ---       g_Audio20InterfaceLineIn
      0100686DH   CONST    ---       g_Audio20InterfaceMicIn
      01006881H   CONST    ---       g_Audio20InterfaceSpdifIn
      01006831H   CONST    ---       g_Audio20InterfaceSpdifOut
      0100681DH   CONST    ---       g_Audio20InterfaceSpeaker
      01006A74H   CONST    ---       g_BoostTable
      000000C8H   IDATA    ---       g_Buffer16Bytes
      00000020H.0 BIT      BIT       g_BulkOutRequest
      01001010H   CODE     ---       g_ConfigString
      01001000H   CODE     ---       g_ConfigTable
      00000023H.3 BIT      BIT       g_ConfigTableValid
      00000020H.5 BIT      BIT       g_GpioRequest
      00000021H.1 BIT      BIT       g_GpiRequest
      00000020H.3 BIT      BIT       g_HdaRequest
      00000020H.1 BIT      BIT       g_I2cMasterRequest
      00000020H.2 BIT      BIT       g_I2cSlaveRequest
      0000001EH   DATA     BYTE      g_Index
      000000DBH   IDATA    ---       g_InputReport
      01006D6EH   CONST    ---       g_InterfaceHid
      01006D12H   CONST    ---       g_InterfaceMidiCtrl
      01006D26H   CONST    ---       g_InterfaceMidiStream
      00000021H.4 BIT      BIT       g_Interrupt15InComplete
      00000020H.4 BIT      BIT       g_Interrupt4InComplete
      00000022H.0 BIT      BIT       g_IsAudioClass20
      01006A6FH   CONST    ---       g_MuteTable
      00000017H   DATA     ---       g_Pointer
      00000022H.3 BIT      BIT       g_ReplaceOtherSpeed
      00000022H.6 BIT      BIT       g_ReplaceVidPid
      00000020H.7 BIT      BIT       g_SelfPowerRequest
      00000021H.2 BIT      BIT       g_SpdifInRequest
      00000021H.7 BIT      BIT       g_SpdifLockStatus
      0000009FH   IDATA    BYTE      g_SpdifRateStatus
      00000015H   DATA     BYTE      g_TempByte1
      00000016H   DATA     BYTE      g_TempByte2
      0000001AH   DATA     WORD      g_TempWord1
      0000001CH   DATA     WORD      g_TempWord2
      0000001FH   DATA     BYTE      g_Tick10ms
      000000FEH   IDATA    BYTE      g_UsbConfiguration
      00000024H   DATA     ---       g_UsbCtrlData
      00000044H   DATA     WORD      g_UsbCtrlLength
      00000022H.4 BIT      BIT       g_UsbIsActive
      00000022H.5 BIT      BIT       g_UsbIsHighSpeed
      0000003CH   DATA     ---       g_UsbRequest
      00000021H.3 BIT      BIT       g_UsbResetRequest
      00000021H.0 BIT      BIT       g_UsbResumeRequest
      00000020H.6 BIT      BIT       g_UsbSuspendRequest
      010069EBH   CONST    ---       g_VolumeTable
      0100665AH   CODE     ---       GetFromRxQueue
      010063AEH   CODE     ---       HandleGpi
      010067A0H   CODE     ---       HandleGpio
      010067C2H   CODE     ---       HandleInt15Complete
      01002006H   CODE     ---       HandleInt4Complete
      01003303H   CODE     ---       HandleIsoFeedback
      01003ABCH   CODE     ---       HandleRequest
      0100617FH   CODE     ---       HandleUsbReset
      010066A6H   CODE     ---       HandleUsbResume
      010066B8H   CODE     ---       HandleUsbSuspend
      010028F3H   CODE     ---       HIDDSCR
      01006111H   CODE     ---       HidInit
LX51 LINKER/LOCATER V4.41                                                             03/03/2017  15:53:01  PAGE 18


      010032D1H   CODE     ---       HIDREPORTDSCR
      010028FAH   CODE     ---       HIDREPORTDSCRLEN
      02000023H   XDATA    BYTE      INTERRUPT_CLEAR_H
      02000022H   XDATA    BYTE      INTERRUPT_CLEAR_L
      02000021H   XDATA    BYTE      INTERRUPT_STATUS_H
      02000020H   XDATA    BYTE      INTERRUPT_STATUS_L
      010064A6H   CODE     ---       main
      0200000AH   XDATA    BYTE      MCU_EXIST_REPORT
      0100670AH   CODE     ---       MidiInit
      010061B4H   CODE     ---       MidiProcess
      02000030H   XDATA    ---       MULTI_CH_FEEDBACK_DATA
      02000040H   XDATA    ---       MULTI_CH_PLAYBACK_COUNT
      02000005H   XDATA    BYTE      PERI_DATA_R_H
      02000004H   XDATA    BYTE      PERI_DATA_R_L
      02000003H   XDATA    BYTE      PERI_DATA_W_H
      02000002H   XDATA    BYTE      PERI_DATA_W_L
      02000027H   XDATA    BYTE      PERI_DEST_ADDR_H
      02000000H   XDATA    BYTE      PERI_DEST_ADDR_L
      02000001H   XDATA    BYTE      PERI_HANDSHAKE
      010064FEH   CODE     ---       PlayMultiChStop
      010062E0H   CODE     ---       PlaySpdifStop
      01006519H   CODE     ---       PlayTwoChStop
      01006632H   CODE     ---       RecMultiChStop
      010064E2H   CODE     ---       RecSpdifStop
      01006646H   CODE     ---       RecTwoChStop
      0100678AH   CODE     ---       RxQueueIsEmpty
      01006736H   CODE     ---       SendInputReport
      01005684H   CODE     ---       SetRecordMute
      02000034H   XDATA    ---       SPDIF_FEEDBACK_DATA
      02000042H   XDATA    ---       SPDIF_PLAYBACK_COUNT
      0100311AH   CODE     ---       StringDscr
      02000038H   XDATA    ---       TWO_CH_FEEDBACK_DATA
      02000044H   XDATA    ---       TWO_CH_PLAYBACK_COUNT
      01002016H   CODE     ---       TxQueueIsFull
      0100675CH   CODE     ---       UartInit
      02000009H   XDATA    BYTE      USB_CONTROL_LEN_H
      02000008H   XDATA    BYTE      USB_CONTROL_LEN_L
      02000006H   XDATA    BYTE      USB_HANDSHAKE1
      02000007H   XDATA    BYTE      USB_HANDSHAKE2
      0200003CH   XDATA    BYTE      USB_HANDSHAKE3
      0200003DH   XDATA    BYTE      USB_HANDSHAKE4
      0100654FH   CODE     ---       UsbInit
      0100581EH   CODE     ---       UsbProcess



SYMBOL TABLE OF MODULE:  6632A-0303 (AUDIO)

      VALUE       REP       CLASS    TYPE      SYMBOL NAME
      ====================================================
      ---         MODULE    ---      ---       AUDIO
      0000009FH   PUBLIC    IDATA    BYTE      g_SpdifRateStatus
      00000022H.0 PUBLIC    BIT      BIT       g_IsAudioClass20
      00000021H.7 PUBLIC    BIT      BIT       g_SpdifLockStatus
      01006A74H   PUBLIC    CONST    ---       g_BoostTable
      01006A6FH   PUBLIC    CONST    ---       g_MuteTable
      010069EBH   PUBLIC    CONST    ---       g_VolumeTable
      010065DFH   PUBLIC    CODE     ---       AudioStop
      010064E2H   PUBLIC    CODE     ---       RecSpdifStop
      01006646H   PUBLIC    CODE     ---       RecTwoChStop
      01006632H   PUBLIC    CODE     ---       RecMultiChStop
      01006519H   PUBLIC    CODE     ---       PlayTwoChStop
      010062E0H   PUBLIC    CODE     ---       PlaySpdifStop
      010064FEH   PUBLIC    CODE     ---       PlayMultiChStop
      010043AFH   PUBLIC    CODE     ---       _RecSpdifStart
LX51 LINKER/LOCATER V4.41                                                             03/03/2017  15:53:01  PAGE 19


      01004117H   PUBLIC    CODE     ---       _RecTwoChStart
      01003C8EH   PUBLIC    CODE     ---       _RecMultiChStart
      01004265H   PUBLIC    CODE     ---       _PlayTwoChStart
      01004639H   PUBLIC    CODE     ---       _PlaySpdifStart
      01003695H   PUBLIC    CODE     ---       _PlayMultiChStart
      00000022H.7 PUBLIC    BIT      BIT       ?SetRecordMute?BIT
      01005684H   PUBLIC    CODE     ---       SetRecordMute
      01005B36H   PUBLIC    CODE     ---       _SetCurrentVol
      00000023H.0 PUBLIC    BIT      BIT       ?_SetCurrentMute?BIT
      0100474AH   PUBLIC    CODE     ---       _SetCurrentMute
      00000023H.0 PUBLIC    BIT      BIT       ?_SetCurrentBoost?BIT
      010060A3H   PUBLIC    CODE     ---       _SetCurrentBoost
      010066FBH   PUBLIC    CODE     ---       _GetCurrentMute
      010066ECH   PUBLIC    CODE     ---       _GetCurrentBoost
      01006744H   PUBLIC    CODE     ---       _GetCurrentVol
      010061E8H   PUBLIC    CODE     ---       AudioProcess
      01003303H   PUBLIC    CODE     ---       HandleIsoFeedback
      0100485AH   PUBLIC    CODE     ---       AudioInit
      0100542EH   PUBLIC    CODE     ---       _SetDmaFreq
      01005FC0H   PUBLIC    CODE     ---       _GetDmaFreq
      01006387H   PUBLIC    CODE     ---       FreqToControlByte
      0100635FH   PUBLIC    CODE     ---       _ControlByteToFreq

      010038D7H   BLOCK     CODE     ---       LVL=0
      ---         BLOCKEND  ---      ---       LVL=0

      0100635FH   BLOCK     CODE     ---       LVL=0
      0100635FH   BLOCK     CODE     NEAR LAB  LVL=1
      00000006H   SYMBOL    DATA     VOID      index
      ---         BLOCKEND  ---      ---       LVL=1
      ---         BLOCKEND  ---      ---       LVL=0

      01006387H   BLOCK     CODE     ---       LVL=0
      01006387H   BLOCK     CODE     NEAR LAB  LVL=1
      00000007H   SYMBOL    DATA     VOID      index
      ---         BLOCKEND  ---      ---       LVL=1
      ---         BLOCKEND  ---      ---       LVL=0

      01005FC0H   BLOCK     CODE     ---       LVL=0
      ---         BLOCKEND  ---      ---       LVL=0

      0100542EH   BLOCK     CODE     ---       LVL=0
      ---         BLOCKEND  ---      ---       LVL=0

      010063FBH   BLOCK     CODE     ---       LVL=0
      ---         BLOCKEND  ---      ---       LVL=0

      0100661EH   BLOCK     CODE     ---       LVL=0
      ---         BLOCKEND  ---      ---       LVL=0

      01006728H   BLOCK     CODE     ---       LVL=0
      ---         BLOCKEND  ---      ---       LVL=0

      01006420H   BLOCK     CODE     ---       LVL=0
      ---         BLOCKEND  ---      ---       LVL=0

      01005F0CH   BLOCK     CODE     ---       LVL=0
      ---         BLOCKEND  ---      ---       LVL=0

      01005070H   BLOCK     CODE     ---       LVL=0
      01005070H   BLOCK     CODE     NEAR LAB  LVL=1
      01006B66H   SYMBOL    CONST    VOID      s_ClockRateChangeNotify
      01006B6CH   SYMBOL    CONST    VOID      s_ClockValidChangeNotify
      ---         BLOCKEND  ---      ---       LVL=1
      ---         BLOCKEND  ---      ---       LVL=0
LX51 LINKER/LOCATER V4.41                                                             03/03/2017  15:53:01  PAGE 20



      01006694H   BLOCK     CODE     ---       LVL=0
      ---         BLOCKEND  ---      ---       LVL=0

      01004FD0H   BLOCK     CODE     ---       LVL=0
      ---         BLOCKEND  ---      ---       LVL=0

      0100485AH   BLOCK     CODE     ---       LVL=0
      ---         BLOCKEND  ---      ---       LVL=0

      01003303H   BLOCK     CODE     ---       LVL=0
      ---         BLOCKEND  ---      ---       LVL=0

      010061E8H   BLOCK     CODE     ---       LVL=0
      ---         BLOCKEND  ---      ---       LVL=0

      01006583H   BLOCK     CODE     ---       LVL=0
      01006583H   BLOCK     CODE     NEAR LAB  LVL=1
      00000006H   SYMBOL    DATA     VOID      sword
      ---         BLOCKEND  ---      ---       LVL=1
      ---         BLOCKEND  ---      ---       LVL=0

      01006444H   BLOCK     CODE     ---       LVL=0
      01006444H   BLOCK     CODE     NEAR LAB  LVL=1
      00000006H   SYMBOL    DATA     VOID      sword
      ---         BLOCKEND  ---      ---       LVL=1
      ---         BLOCKEND  ---      ---       LVL=0

      01006468H   BLOCK     CODE     ---       LVL=0
      ---         BLOCKEND  ---      ---       LVL=0

      01006744H   BLOCK     CODE     ---       LVL=0
      ---         BLOCKEND  ---      ---       LVL=0

      010066ECH   BLOCK     CODE     ---       LVL=0
      ---         BLOCKEND  ---      ---       LVL=0

      010066FBH   BLOCK     CODE     ---       LVL=0
      ---         BLOCKEND  ---      ---       LVL=0

      010060A3H   BLOCK     CODE     ---       LVL=0
      ---         BLOCKEND  ---      ---       LVL=0

      0100474AH   BLOCK     CODE     ---       LVL=0
      ---         BLOCKEND  ---      ---       LVL=0

      01005B36H   BLOCK     CODE     ---       LVL=0
      ---         BLOCKEND  ---      ---       LVL=0

      01005684H   BLOCK     CODE     ---       LVL=0
      ---         BLOCKEND  ---      ---       LVL=0

      01003695H   BLOCK     CODE     ---       LVL=0
      ---         BLOCKEND  ---      ---       LVL=0

      01004639H   BLOCK     CODE     ---       LVL=0
      ---         BLOCKEND  ---      ---       LVL=0

      01004265H   BLOCK     CODE     ---       LVL=0
      ---         BLOCKEND  ---      ---       LVL=0

      01003C8EH   BLOCK     CODE     ---       LVL=0
      ---         BLOCKEND  ---      ---       LVL=0

      01004117H   BLOCK     CODE     ---       LVL=0
LX51 LINKER/LOCATER V4.41                                                             03/03/2017  15:53:01  PAGE 21


      ---         BLOCKEND  ---      ---       LVL=0

      010043AFH   BLOCK     CODE     ---       LVL=0
      ---         BLOCKEND  ---      ---       LVL=0

      010064FEH   BLOCK     CODE     ---       LVL=0
      ---         BLOCKEND  ---      ---       LVL=0

      010062E0H   BLOCK     CODE     ---       LVL=0
      ---         BLOCKEND  ---      ---       LVL=0

      01006519H   BLOCK     CODE     ---       LVL=0
      ---         BLOCKEND  ---      ---       LVL=0

      01006632H   BLOCK     CODE     ---       LVL=0
      ---         BLOCKEND  ---      ---       LVL=0

      01006646H   BLOCK     CODE     ---       LVL=0
      ---         BLOCKEND  ---      ---       LVL=0

      010064E2H   BLOCK     CODE     ---       LVL=0
      ---         BLOCKEND  ---      ---       LVL=0

      010065DFH   BLOCK     CODE     ---       LVL=0
      ---         BLOCKEND  ---      ---       LVL=0

      ---         MODULE    ---      ---       AUDIO10
      01006C26H   PUBLIC    CONST    ---       g_Audio10InterfaceSpdifIn
      01006C12H   PUBLIC    CONST    ---       g_Audio10InterfaceMicIn
      01006BFEH   PUBLIC    CONST    ---       g_Audio10InterfaceLineIn
      01006BEAH   PUBLIC    CONST    ---       g_Audio10InterfaceHeadphone
      01006BD6H   PUBLIC    CONST    ---       g_Audio10InterfaceSpdifOut
      01006BC2H   PUBLIC    CONST    ---       g_Audio10InterfaceSpeaker
      01006BAEH   PUBLIC    CONST    ---       g_Audio10InterfaceAudioCtrl

      010065B3H   BLOCK     CODE     ---       LVL=0
      ---         BLOCKEND  ---      ---       LVL=0

      01005617H   BLOCK     CODE     ---       LVL=0
      ---         BLOCKEND  ---      ---       LVL=0

      01004DC8H   BLOCK     CODE     ---       LVL=0
      ---         BLOCKEND  ---      ---       LVL=0

      010059F4H   BLOCK     CODE     ---       LVL=0
      ---         BLOCKEND  ---      ---       LVL=0

      0100630BH   BLOCK     CODE     ---       LVL=0
      ---         BLOCKEND  ---      ---       LVL=0

      01006335H   BLOCK     CODE     ---       LVL=0
      ---         BLOCKEND  ---      ---       LVL=0

      01005E4FH   BLOCK     CODE     ---       LVL=0
      ---         BLOCKEND  ---      ---       LVL=0

      01006534H   BLOCK     CODE     ---       LVL=0
      ---         BLOCKEND  ---      ---       LVL=0

      0100666EH   BLOCK     CODE     ---       LVL=0
      ---         BLOCKEND  ---      ---       LVL=0

      010065F4H   BLOCK     CODE     ---       LVL=0
      ---         BLOCKEND  ---      ---       LVL=0

LX51 LINKER/LOCATER V4.41                                                             03/03/2017  15:53:01  PAGE 22


      01006774H   BLOCK     CODE     ---       LVL=0
      ---         BLOCKEND  ---      ---       LVL=0

      0100677FH   BLOCK     CODE     ---       LVL=0
      ---         BLOCKEND  ---      ---       LVL=0

      01005D41H   BLOCK     CODE     ---       LVL=0
      ---         BLOCKEND  ---      ---       LVL=0

      01005F48H   BLOCK     CODE     ---       LVL=0
      ---         BLOCKEND  ---      ---       LVL=0

      01004D11H   BLOCK     CODE     ---       LVL=0
      ---         BLOCKEND  ---      ---       LVL=0

      ---         MODULE    ---      ---       AUDIO20
      000000C7H   PUBLIC    IDATA    BYTE      g_AltHeadphone
      000000AEH   PUBLIC    IDATA    BYTE      g_AltMicIn
      000000ADH   PUBLIC    IDATA    BYTE      g_AltSpeaker
      000000ACH   PUBLIC    IDATA    BYTE      g_AltLineIn
      000000A5H   PUBLIC    IDATA    BYTE      g_AltSpdifOut
      000000A4H   PUBLIC    IDATA    BYTE      g_AltSpdifIn
      01006881H   PUBLIC    CONST    ---       g_Audio20InterfaceSpdifIn
      0100686DH   PUBLIC    CONST    ---       g_Audio20InterfaceMicIn
      01006859H   PUBLIC    CONST    ---       g_Audio20InterfaceLineIn
      01006845H   PUBLIC    CONST    ---       g_Audio20InterfaceHeadphone
      01006831H   PUBLIC    CONST    ---       g_Audio20InterfaceSpdifOut
      0100681DH   PUBLIC    CONST    ---       g_Audio20InterfaceSpeaker
      01006809H   PUBLIC    CONST    ---       g_Audio20InterfaceAudioCtrl

      01004ADEH   BLOCK     CODE     ---       LVL=0
      ---         BLOCKEND  ---      ---       LVL=0

      010056EBH   BLOCK     CODE     ---       LVL=0
      ---         BLOCKEND  ---      ---       LVL=0

      01004A18H   BLOCK     CODE     ---       LVL=0
      ---         BLOCKEND  ---      ---       LVL=0

      01005A46H   BLOCK     CODE     ---       LVL=0
      ---         BLOCKEND  ---      ---       LVL=0

      01005C70H   BLOCK     CODE     ---       LVL=0
      ---         BLOCKEND  ---      ---       LVL=0

      0100522DH   BLOCK     CODE     ---       LVL=0
      ---         BLOCKEND  ---      ---       LVL=0

      01005CB7H   BLOCK     CODE     ---       LVL=0
      ---         BLOCKEND  ---      ---       LVL=0

      010044F5H   BLOCK     CODE     ---       LVL=0
      ---         BLOCKEND  ---      ---       LVL=0

      01004F28H   BLOCK     CODE     ---       LVL=0
      ---         BLOCKEND  ---      ---       LVL=0

      010058E1H   BLOCK     CODE     ---       LVL=0
      ---         BLOCKEND  ---      ---       LVL=0

      01005940H   BLOCK     CODE     ---       LVL=0
      ---         BLOCKEND  ---      ---       LVL=0

      01005CFCH   BLOCK     CODE     ---       LVL=0
      ---         BLOCKEND  ---      ---       LVL=0
LX51 LINKER/LOCATER V4.41                                                             03/03/2017  15:53:01  PAGE 23



      01005DC9H   BLOCK     CODE     ---       LVL=0
      ---         BLOCKEND  ---      ---       LVL=0

      01005E0CH   BLOCK     CODE     ---       LVL=0
      ---         BLOCKEND  ---      ---       LVL=0

      01005880H   BLOCK     CODE     ---       LVL=0
      ---         BLOCKEND  ---      ---       LVL=0

      0100606BH   BLOCK     CODE     ---       LVL=0
      ---         BLOCKEND  ---      ---       LVL=0

      01005109H   BLOCK     CODE     ---       LVL=0
      ---         BLOCKEND  ---      ---       LVL=0

      01004E7BH   BLOCK     CODE     ---       LVL=0
      ---         BLOCKEND  ---      ---       LVL=0

      01002011H   BLOCK     CODE     ---       LVL=0
      ---         BLOCKEND  ---      ---       LVL=0

      ---         MODULE    ---      ---       DEVICE
      010064A6H   PUBLIC    CODE     ---       main
      010067C2H   PUBLIC    CODE     ---       HandleInt15Complete
      01002006H   PUBLIC    CODE     ---       HandleInt4Complete
      010066B8H   PUBLIC    CODE     ---       HandleUsbSuspend
      010066A6H   PUBLIC    CODE     ---       HandleUsbResume
      0100617FH   PUBLIC    CODE     ---       HandleUsbReset
      010063AEH   PUBLIC    CODE     ---       HandleGpi
      010067A0H   PUBLIC    CODE     ---       HandleGpio

      01005FF9H   BLOCK     CODE     ---       LVL=0
      ---         BLOCKEND  ---      ---       LVL=0

      010067A0H   BLOCK     CODE     ---       LVL=0
      ---         BLOCKEND  ---      ---       LVL=0

      010063AEH   BLOCK     CODE     ---       LVL=0
      ---         BLOCKEND  ---      ---       LVL=0

      0100617FH   BLOCK     CODE     ---       LVL=0
      ---         BLOCKEND  ---      ---       LVL=0

      010066A6H   BLOCK     CODE     ---       LVL=0
      ---         BLOCKEND  ---      ---       LVL=0

      010066B8H   BLOCK     CODE     ---       LVL=0
      ---         BLOCKEND  ---      ---       LVL=0

      01002006H   BLOCK     CODE     ---       LVL=0
      ---         BLOCKEND  ---      ---       LVL=0

      010067C2H   BLOCK     CODE     ---       LVL=0
      ---         BLOCKEND  ---      ---       LVL=0

      01006750H   BLOCK     CODE     ---       LVL=0
      ---         BLOCKEND  ---      ---       LVL=0

      010066CAH   BLOCK     CODE     ---       LVL=0
      ---         BLOCKEND  ---      ---       LVL=0

      0100519BH   BLOCK     CODE     ---       LVL=0
      ---         BLOCKEND  ---      ---       LVL=0

LX51 LINKER/LOCATER V4.41                                                             03/03/2017  15:53:01  PAGE 24


      01005752H   BLOCK     CODE     ---       LVL=0
      ---         BLOCKEND  ---      ---       LVL=0

      01005ECEH   BLOCK     CODE     ---       LVL=0
      ---         BLOCKEND  ---      ---       LVL=0

      010062B1H   BLOCK     CODE     ---       LVL=0
      ---         BLOCKEND  ---      ---       LVL=0

      010064A6H   BLOCK     CODE     ---       LVL=0
      ---         BLOCKEND  ---      ---       LVL=0

      ---         MODULE    ---      ---       ?C_STARTUP
      01002028H   PUBLIC    CODE     ---       ?C_STARTUP

      ---         MODULE    ---      ---       DSCR
      01002903H   PUBLIC    CODE     ---       AUDIO10DEVICEDSCR
      01002915H   PUBLIC    CODE     ---       AUDIO10DEVICEQUALDSCR
      01002DA0H   PUBLIC    CODE     ---       AUDIO10FULLSPEEDCONFIGDSCR
      0100291FH   PUBLIC    CODE     ---       AUDIO10HIGHSPEEDCONFIGDSCR
      0100203AH   PUBLIC    CODE     ---       AUDIO20DEVICEDSCR
      0100204CH   PUBLIC    CODE     ---       AUDIO20DEVICEQUALDSCR
      010025ECH   PUBLIC    CODE     ---       AUDIO20FULLSPEEDCONFIGDSCR
      01002056H   PUBLIC    CODE     ---       AUDIO20HIGHSPEEDCONFIGDSCR
      010028F3H   PUBLIC    CODE     ---       HIDDSCR
      010032D1H   PUBLIC    CODE     ---       HIDREPORTDSCR
      010028FAH   PUBLIC    CODE     ---       HIDREPORTDSCRLEN
      0100311AH   PUBLIC    CODE     ---       STRINGDSCR

      ---         MODULE    ---      ---       TIMER
      0000001FH   PUBLIC    DATA     BYTE      g_Tick10ms

      010067A9H   BLOCK     CODE     ---       LVL=0
      ---         BLOCKEND  ---      ---       LVL=0

      ---         MODULE    ---      ---       UART
      01006609H   PUBLIC    CODE     ---       _PutIntoTxQueue
      0100665AH   PUBLIC    CODE     ---       GetFromRxQueue
      0100678AH   PUBLIC    CODE     ---       RxQueueIsEmpty
      01002016H   PUBLIC    CODE     ---       TxQueueIsFull
      0100675CH   PUBLIC    CODE     ---       UartInit

      01005BD4H   BLOCK     CODE     ---       LVL=0
      ---         BLOCKEND  ---      ---       LVL=0

      0100675CH   BLOCK     CODE     ---       LVL=0
      ---         BLOCKEND  ---      ---       LVL=0

      01002016H   BLOCK     CODE     ---       LVL=0
      ---         BLOCKEND  ---      ---       LVL=0

      0100678AH   BLOCK     CODE     ---       LVL=0
      ---         BLOCKEND  ---      ---       LVL=0

      0100665AH   BLOCK     CODE     ---       LVL=0
      ---         BLOCKEND  ---      ---       LVL=0

      01006609H   BLOCK     CODE     ---       LVL=0
      ---         BLOCKEND  ---      ---       LVL=0

      ---         MODULE    ---      ---       MIDI
      01006D26H   PUBLIC    CONST    ---       g_InterfaceMidiStream
      01006D12H   PUBLIC    CONST    ---       g_InterfaceMidiCtrl
      010061B4H   PUBLIC    CODE     ---       MidiProcess
      0100670AH   PUBLIC    CODE     ---       MidiInit
LX51 LINKER/LOCATER V4.41                                                             03/03/2017  15:53:01  PAGE 25



      010067B2H   BLOCK     CODE     ---       LVL=0
      ---         BLOCKEND  ---      ---       LVL=0

      0100656AH   BLOCK     CODE     ---       LVL=0
      ---         BLOCKEND  ---      ---       LVL=0

      01005F84H   BLOCK     CODE     ---       LVL=0
      ---         BLOCKEND  ---      ---       LVL=0

      01005A96H   BLOCK     CODE     ---       LVL=0
      ---         BLOCKEND  ---      ---       LVL=0

      010064C4H   BLOCK     CODE     ---       LVL=0
      ---         BLOCKEND  ---      ---       LVL=0

      0100599AH   BLOCK     CODE     ---       LVL=0
      ---         BLOCKEND  ---      ---       LVL=0

      010060DAH   BLOCK     CODE     ---       LVL=0
      ---         BLOCKEND  ---      ---       LVL=0

      0100670AH   BLOCK     CODE     ---       LVL=0
      ---         BLOCKEND  ---      ---       LVL=0

      010061B4H   BLOCK     CODE     ---       LVL=0
      ---         BLOCKEND  ---      ---       LVL=0

      ---         MODULE    ---      ---       HID
      000000DBH   PUBLIC    IDATA    ---       g_InputReport
      000000C8H   PUBLIC    IDATA    ---       g_Buffer16Bytes
      01006D6EH   PUBLIC    CONST    ---       g_InterfaceHid
      01006736H   PUBLIC    CODE     ---       SendInputReport
      01006111H   PUBLIC    CODE     ---       HidInit

      01006111H   BLOCK     CODE     ---       LVL=0
      ---         BLOCKEND  ---      ---       LVL=0

      01006032H   BLOCK     CODE     ---       LVL=0
      ---         BLOCKEND  ---      ---       LVL=0

      01006736H   BLOCK     CODE     ---       LVL=0
      ---         BLOCKEND  ---      ---       LVL=0

      010063D5H   BLOCK     CODE     ---       LVL=0
      ---         BLOCKEND  ---      ---       LVL=0

      01005AE6H   BLOCK     CODE     ---       LVL=0
      ---         BLOCKEND  ---      ---       LVL=0

      01005524H   BLOCK     CODE     ---       LVL=0
      ---         BLOCKEND  ---      ---       LVL=0

      ---         MODULE    ---      ---       USB
      00000044H   PUBLIC    DATA     WORD      g_UsbCtrlLength
      0000003CH   PUBLIC    DATA     ---       g_UsbRequest
      00000022H.6 PUBLIC    BIT      BIT       g_ReplaceVidPid
      00000022H.5 PUBLIC    BIT      BIT       g_UsbIsHighSpeed
      00000022H.4 PUBLIC    BIT      BIT       g_UsbIsActive
      00000024H   PUBLIC    DATA     ---       g_UsbCtrlData
      00000022H.3 PUBLIC    BIT      BIT       g_ReplaceOtherSpeed
      0100624EH   PUBLIC    CODE     ---       _SendInt15Data
      0100621BH   PUBLIC    CODE     ---       _SendInt4Data
      01006795H   PUBLIC    CODE     ---       _SetUsbCtrlData
      0100581EH   PUBLIC    CODE     ---       UsbProcess
LX51 LINKER/LOCATER V4.41                                                             03/03/2017  15:53:01  PAGE 26


      0100654FH   PUBLIC    CODE     ---       UsbInit

      01005D85H   BLOCK     CODE     ---       LVL=0
      ---         BLOCKEND  ---      ---       LVL=0

      0100200EH   BLOCK     CODE     ---       LVL=0
      ---         BLOCKEND  ---      ---       LVL=0

      01003E34H   BLOCK     CODE     ---       LVL=0
      ---         BLOCKEND  ---      ---       LVL=0

      0100654FH   BLOCK     CODE     ---       LVL=0
      ---         BLOCKEND  ---      ---       LVL=0

      0100581EH   BLOCK     CODE     ---       LVL=0
      ---         BLOCKEND  ---      ---       LVL=0

      01006795H   BLOCK     CODE     ---       LVL=0
      ---         BLOCKEND  ---      ---       LVL=0

      0100621BH   BLOCK     CODE     ---       LVL=0
      ---         BLOCKEND  ---      ---       LVL=0

      0100624EH   BLOCK     CODE     ---       LVL=0
      ---         BLOCKEND  ---      ---       LVL=0

      ---         MODULE    ---      ---       REQUEST
      000000FEH   PUBLIC    IDATA    BYTE      g_UsbConfiguration
      01001010H   PUBLIC    CODE     ---       g_ConfigString
      01001000H   PUBLIC    CODE     ---       g_ConfigTable
      00000023H.3 PUBLIC    BIT      BIT       g_ConfigTableValid
      00000022H.7 PUBLIC    BIT      BIT       ?HandleRequest?BIT
      01003ABCH   PUBLIC    CODE     ---       HandleRequest
      01006281H   PUBLIC    CODE     ---       _RegisterUsbDevice

      01004C59H   BLOCK     CODE     ---       LVL=0
      ---         BLOCKEND  ---      ---       LVL=0

      01005B85H   BLOCK     CODE     ---       LVL=0
      ---         BLOCKEND  ---      ---       LVL=0

      0100494BH   BLOCK     CODE     ---       LVL=0
      ---         BLOCKEND  ---      ---       LVL=0

      01005E8FH   BLOCK     CODE     ---       LVL=0
      ---         BLOCKEND  ---      ---       LVL=0

      01006719H   BLOCK     CODE     ---       LVL=0
      ---         BLOCKEND  ---      ---       LVL=0

      010057B9H   BLOCK     CODE     ---       LVL=0
      ---         BLOCKEND  ---      ---       LVL=0

      01006148H   BLOCK     CODE     ---       LVL=0
      ---         BLOCKEND  ---      ---       LVL=0

      01006281H   BLOCK     CODE     ---       LVL=0
      ---         BLOCKEND  ---      ---       LVL=0

      01003ABCH   BLOCK     CODE     ---       LVL=0
      ---         BLOCKEND  ---      ---       LVL=0

      ---         MODULE    ---      ---       PERIPHERAL
      02000030H   PUBLIC    XDATA    ---       MULTI_CH_FEEDBACK_DATA
      02000044H   PUBLIC    XDATA    ---       TWO_CH_PLAYBACK_COUNT
LX51 LINKER/LOCATER V4.41                                                             03/03/2017  15:53:01  PAGE 27


      02000034H   PUBLIC    XDATA    ---       SPDIF_FEEDBACK_DATA
      0200000BH   PUBLIC    XDATA    ---       CONTROL_OUT_DATA
      00000021H.4 PUBLIC    BIT      BIT       g_Interrupt15InComplete
      02000000H   PUBLIC    XDATA    BYTE      PERI_DEST_ADDR_L
      02000038H   PUBLIC    XDATA    ---       TWO_CH_FEEDBACK_DATA
      02000027H   PUBLIC    XDATA    BYTE      PERI_DEST_ADDR_H
      00000021H.3 PUBLIC    BIT      BIT       g_UsbResetRequest
      00000021H.2 PUBLIC    BIT      BIT       g_SpdifInRequest
      02000008H   PUBLIC    XDATA    BYTE      USB_CONTROL_LEN_L
      02000026H   PUBLIC    XDATA    BYTE      BULK_CTRL_3
      02000009H   PUBLIC    XDATA    BYTE      USB_CONTROL_LEN_H
      02000025H   PUBLIC    XDATA    BYTE      BULK_CTRL_2
      02000024H   PUBLIC    XDATA    BYTE      BULK_CTRL_1
      00000021H.1 PUBLIC    BIT      BIT       g_GpiRequest
      00000021H.0 PUBLIC    BIT      BIT       g_UsbResumeRequest
      00000020H.7 PUBLIC    BIT      BIT       g_SelfPowerRequest
      00000020H.6 PUBLIC    BIT      BIT       g_UsbSuspendRequest
      02000022H   PUBLIC    XDATA    BYTE      INTERRUPT_CLEAR_L
      00000020H.5 PUBLIC    BIT      BIT       g_GpioRequest
      00000020H.4 PUBLIC    BIT      BIT       g_Interrupt4InComplete
      02000020H   PUBLIC    XDATA    BYTE      INTERRUPT_STATUS_L
      00000020H.3 PUBLIC    BIT      BIT       g_HdaRequest
      02000023H   PUBLIC    XDATA    BYTE      INTERRUPT_CLEAR_H
      0000001EH   PUBLIC    DATA     BYTE      g_Index
      02000021H   PUBLIC    XDATA    BYTE      INTERRUPT_STATUS_H
      0000001CH   PUBLIC    DATA     WORD      g_TempWord2
      0000001AH   PUBLIC    DATA     WORD      g_TempWord1
      00000017H   PUBLIC    DATA     ---       g_Pointer
      00000016H   PUBLIC    DATA     BYTE      g_TempByte2
      00000015H   PUBLIC    DATA     BYTE      g_TempByte1
      0200002CH   PUBLIC    XDATA    ---       BULK_IN_DATA
      02000001H   PUBLIC    XDATA    BYTE      PERI_HANDSHAKE
      02000013H   PUBLIC    XDATA    ---       CONTROL_IN_DATA
      0200000AH   PUBLIC    XDATA    BYTE      MCU_EXIST_REPORT
      00000020H.2 PUBLIC    BIT      BIT       g_I2cSlaveRequest
      02000002H   PUBLIC    XDATA    BYTE      PERI_DATA_W_L
      02000040H   PUBLIC    XDATA    ---       MULTI_CH_PLAYBACK_COUNT
      02000042H   PUBLIC    XDATA    ---       SPDIF_PLAYBACK_COUNT
      02000003H   PUBLIC    XDATA    BYTE      PERI_DATA_W_H
      02000004H   PUBLIC    XDATA    BYTE      PERI_DATA_R_L
      0200003DH   PUBLIC    XDATA    BYTE      USB_HANDSHAKE4
      0200003CH   PUBLIC    XDATA    BYTE      USB_HANDSHAKE3
      02000007H   PUBLIC    XDATA    BYTE      USB_HANDSHAKE2
      02000005H   PUBLIC    XDATA    BYTE      PERI_DATA_R_H
      02000006H   PUBLIC    XDATA    BYTE      USB_HANDSHAKE1
      00000020H.1 PUBLIC    BIT      BIT       g_I2cMasterRequest
      02000028H   PUBLIC    XDATA    ---       BULK_OUT_DATA
      00000020H.0 PUBLIC    BIT      BIT       g_BulkOutRequest
      010067BAH   PUBLIC    CODE     ---       _FlashRead
      010052B1H   PUBLIC    CODE     ---       _SendHdaCommand
      00000047H   PUBLIC    DATA     BYTE      ?_I2cMasterRead?BYTE
      010053B2H   PUBLIC    CODE     ---       _I2cMasterRead
      0000004CH   PUBLIC    DATA     BYTE      ?_I2cMasterWrite?BYTE
      0100559EH   PUBLIC    CODE     ---       _I2cMasterWrite
      01006487H   PUBLIC    CODE     ---       _SpiReadByte
      0100659BH   PUBLIC    CODE     ---       _SpiWriteByte
      01006681H   PUBLIC    CODE     ---       _PERI_ReadWord
      01006768H   PUBLIC    CODE     ---       _PERI_ReadByte
      010066DCH   PUBLIC    CODE     ---       _PERI_WriteWord
      010065D1H   PUBLIC    CODE     ---       _PERI_WriteByte

      01005C22H   BLOCK     CODE     ---       LVL=0
      ---         BLOCKEND  ---      ---       LVL=0

      01004B9DH   BLOCK     CODE     ---       LVL=0
LX51 LINKER/LOCATER V4.41                                                             03/03/2017  15:53:01  PAGE 28


      01004BAAH   BLOCK     CODE     NEAR LAB  LVL=1
      00000007H   SYMBOL    DATA     VOID      status
      ---         BLOCKEND  ---      ---       LVL=1
      ---         BLOCKEND  ---      ---       LVL=0

      010065C9H   BLOCK     CODE     ---       LVL=0
      ---         BLOCKEND  ---      ---       LVL=0

      010065D1H   BLOCK     CODE     ---       LVL=0
      ---         BLOCKEND  ---      ---       LVL=0

      010066DCH   BLOCK     CODE     ---       LVL=0
      ---         BLOCKEND  ---      ---       LVL=0

      01006768H   BLOCK     CODE     ---       LVL=0
      ---         BLOCKEND  ---      ---       LVL=0

      01006681H   BLOCK     CODE     ---       LVL=0
      ---         BLOCKEND  ---      ---       LVL=0

      0100659BH   BLOCK     CODE     ---       LVL=0
      ---         BLOCKEND  ---      ---       LVL=0

      01006487H   BLOCK     CODE     ---       LVL=0
      ---         BLOCKEND  ---      ---       LVL=0

      0100559EH   BLOCK     CODE     ---       LVL=0
      ---         BLOCKEND  ---      ---       LVL=0

      010053B2H   BLOCK     CODE     ---       LVL=0
      ---         BLOCKEND  ---      ---       LVL=0

      010052B1H   BLOCK     CODE     ---       LVL=0
      ---         BLOCKEND  ---      ---       LVL=0

      010067BAH   BLOCK     CODE     ---       LVL=0
      ---         BLOCKEND  ---      ---       LVL=0

      ---         MODULE    ---      ---       ?C_INIT
      0100536DH   PUBLIC    CODE     ---       ?C_START

      ---         MODULE    ---      ---       ?C?CLDPTR
      01003FB3H   PUBLIC    CODE     ---       ?C?CLDPTR

      ---         MODULE    ---      ---       ?C?CLDOPTR
      01003FCCH   PUBLIC    CODE     ---       ?C?CLDOPTR

      ---         MODULE    ---      ---       ?C?CSTPTR
      01003FF9H   PUBLIC    CODE     ---       ?C?CSTPTR

      ---         MODULE    ---      ---       ?C?CSTOPTR
      0100400BH   PUBLIC    CODE     ---       ?C?CSTOPTR

      ---         MODULE    ---      ---       ?C?IMUL
      0100402DH   PUBLIC    CODE     ---       ?C?IMUL

      ---         MODULE    ---      ---       ?C?UIDIV
      0100403FH   PUBLIC    CODE     ---       ?C?UIDIV

      ---         MODULE    ---      ---       ?C?PLDOPTR
      01004094H   PUBLIC    CODE     ---       ?C?PLDOPTR

      ---         MODULE    ---      ---       ?C?CCASE
      010040C4H   PUBLIC    CODE     ---       ?C?CCASE

LX51 LINKER/LOCATER V4.41                                                             03/03/2017  15:53:01  PAGE 29


      ---         MODULE    ---      ---       ?C?ICALL
      010040EAH   PUBLIC    CODE     ---       ?C?ICALL
      010040EEH   PUBLIC    CODE     ---       ?C?ICALL2

      ---         MODULE    ---      ---       ?C?PLDIDATA
      010040F0H   PUBLIC    CODE     ---       ?C?PLDIDATA

      ---         MODULE    ---      ---       ?C?PLDXDATA
      010040F9H   PUBLIC    CODE     ---       ?C?PLDXDATA

      ---         MODULE    ---      ---       ?C?PLDPDATA
      01004102H   PUBLIC    CODE     ---       ?C?PLDPDATA

      ---         MODULE    ---      ---       ?C?PLDCODE
      0100410BH   PUBLIC    CODE     ---       ?C?PLDCODE



*** WARNING L13: RECURSIVE CALL TO FUNCTION
    CALLED:  ?CO?AUDIO20
    CALLER:  HANDLECLOCKFREQUENCY/AUDIO20

*** WARNING L16: UNCALLED FUNCTION, IGNORED FOR OVERLAY PROCESS
    NAME:    MIDIINIT/MIDI

*** WARNING L16: UNCALLED FUNCTION, IGNORED FOR OVERLAY PROCESS
    NAME:    MIDIPROCESS/MIDI

*** WARNING L16: UNCALLED FUNCTION, IGNORED FOR OVERLAY PROCESS
    NAME:    _SPIWRITEBYTE/PERIPHERAL

*** WARNING L16: UNCALLED FUNCTION, IGNORED FOR OVERLAY PROCESS
    NAME:    _SPIREADBYTE/PERIPHERAL

*** WARNING L16: UNCALLED FUNCTION, IGNORED FOR OVERLAY PROCESS
    NAME:    _SENDHDACOMMAND/PERIPHERAL

Program Size: data=249.4 xdata=63 const=1471 code=18382
LX51 RUN COMPLETE.  6 WARNING(S),  0 ERROR(S)
