LX51 LINKER/LOCATER V4.41                                                               04/14/2017  15:09:34  PAGE 1


LX51 LINKER/LOCATER V4.41, INVOKED BY:
C:\KEIL\C51\BIN\LX51.EXE AUDIO.OBJ, AUDIO10.OBJ, AUDIO20.OBJ, DEVICE.OBJ, STARTUP.OBJ, DSCR.OBJ, TIMER.OBJ, UART.OBJ, MI
>> DI.OBJ, HID.OBJ, USB.OBJ, REQUEST.OBJ, PERIPHERAL.OBJ TO 6632A-0413 CLASSES (DATA (D:0X00-D:0X7F), IDATA (I:0X80-I:0X
>> FF), CODE (C:0X2000-C:0X7FFF), CONST (C:0X2000-C:0X7FFF)) SEGMENTS (?STACK (D:0X60))




PROGRAM RECURSIONS REMOVED FROM CALL TREE
=========================================
+--> ?CO?AUDIO20
|  | HANDLECONTROLCMND/AUDIO20
<--+ HANDLECLOCKFREQUENCY/AUDIO20



CPU MODE:     8051 MODE
MEMORY MODEL: SMALL


INPUT MODULES INCLUDED:
  AUDIO.OBJ (AUDIO)
         COMMENT TYPE 0: C51 V9.01
  AUDIO10.OBJ (AUDIO10)
         COMMENT TYPE 0: C51 V9.01
  AUDIO20.OBJ (AUDIO20)
         COMMENT TYPE 0: C51 V9.01
  DEVICE.OBJ (DEVICE)
         COMMENT TYPE 0: C51 V9.01
  STARTUP.OBJ (?C_STARTUP)
         COMMENT TYPE 1: A51 / ASM51 Assembler
  DSCR.OBJ (DSCR)
         COMMENT TYPE 1: A51 / ASM51 Assembler
  TIMER.OBJ (TIMER)
         COMMENT TYPE 0: C51 V9.01
  UART.OBJ (UART)
         COMMENT TYPE 0: C51 V9.01
  MIDI.OBJ (MIDI)
         COMMENT TYPE 0: C51 V9.01
  HID.OBJ (HID)
         COMMENT TYPE 0: C51 V9.01
  USB.OBJ (USB)
         COMMENT TYPE 0: C51 V9.01
  REQUEST.OBJ (REQUEST)
         COMMENT TYPE 0: C51 V9.01
  PERIPHERAL.OBJ (PERIPHERAL)
         COMMENT TYPE 0: C51 V9.01
  C:\KEIL\C51\LIB\C51S.LIB (?C_INIT)
         COMMENT TYPE 1: A51 / ASM51 Assembler
  C:\KEIL\C51\LIB\C51S.LIB (?C?CLDPTR)
         COMMENT TYPE 1: A51 / ASM51 Assembler
  C:\KEIL\C51\LIB\C51S.LIB (?C?CLDOPTR)
         COMMENT TYPE 1: A51 / ASM51 Assembler
  C:\KEIL\C51\LIB\C51S.LIB (?C?CSTPTR)
         COMMENT TYPE 1: A51 / ASM51 Assembler
  C:\KEIL\C51\LIB\C51S.LIB (?C?CSTOPTR)
         COMMENT TYPE 1: A51 / ASM51 Assembler
  C:\KEIL\C51\LIB\C51S.LIB (?C?IMUL)
         COMMENT TYPE 1: A51 / ASM51 Assembler
  C:\KEIL\C51\LIB\C51S.LIB (?C?UIDIV)
         COMMENT TYPE 1: A51 / ASM51 Assembler
  C:\KEIL\C51\LIB\C51S.LIB (?C?PLDOPTR)
         COMMENT TYPE 1: A51 / ASM51 Assembler
  C:\KEIL\C51\LIB\C51S.LIB (?C?CCASE)
         COMMENT TYPE 1: A51 / ASM51 Assembler
  C:\KEIL\C51\LIB\C51S.LIB (?C?ICALL)
LX51 LINKER/LOCATER V4.41                                                             04/14/2017  15:09:34  PAGE 2


         COMMENT TYPE 1: A51 / ASM51 Assembler
  C:\KEIL\C51\LIB\C51S.LIB (?C?PLDIDATA)
         COMMENT TYPE 1: A51 / ASM51 Assembler
  C:\KEIL\C51\LIB\C51S.LIB (?C?PLDXDATA)
         COMMENT TYPE 1: A51 / ASM51 Assembler
  C:\KEIL\C51\LIB\C51S.LIB (?C?PLDPDATA)
         COMMENT TYPE 1: A51 / ASM51 Assembler
  C:\KEIL\C51\LIB\C51S.LIB (?C?PLDCODE)
         COMMENT TYPE 1: A51 / ASM51 Assembler


ACTIVE MEMORY CLASSES OF MODULE:  6632A-0413 (AUDIO)

BASE        START       END         USED      MEMORY CLASS
==========================================================
I:000000H   I:000000H   I:00007FH   00007BH   DATA
I:000000H   I:000080H   I:0000FFH   00007FH   IDATA
C:000000H   C:002000H   C:007FFFH   004844H   CODE
C:000000H   C:002000H   C:007FFFH   0005BFH   CONST
I:000020H.0 I:000020H.0 I:00002FH.7 000003H.5 BIT
X:000000H   X:000000H   X:00FFFFH   00003FH   XDATA


MEMORY MAP OF MODULE:  6632A-0413 (AUDIO)


START     STOP      LENGTH    ALIGN  RELOC    MEMORY CLASS   SEGMENT NAME
=========================================================================

* * * * * * * * * * *   D A T A   M E M O R Y   * * * * * * * * * * * * *
000000H   000007H   000008H   ---    AT..     DATA           "REG BANK 0"
000008H   000016H   00000FH   BYTE   UNIT     DATA           ?DT?AUDIO
000017H   00001BH   000005H   BYTE   UNIT     DATA           ?DT?REQUEST
00001CH   00001FH   000004H   BYTE   UNIT     DATA           ?DT?_SENDHDACOMMAND?PERIPHERAL
000020H.0 000021H.4 000001H.5 BIT    UNIT     BIT            ?BI?PERIPHERAL
000021H.5 000022H.2 000000H.6 BIT    UNIT     BIT            ?BI?AUDIO
000022H.3 000022H.6 000000H.4 BIT    UNIT     BIT            ?BI?USB
000022H.7 000023H.0 000000H.2 BIT    UNIT     BIT            ?BI?DEVICE
000023H.1 000023H.2 000000H.2 BIT    UNIT     BIT            _BIT_GROUP_
000023H.3 000023H.3 000000H.1 BIT    UNIT     BIT            ?BI?UART
000023H.4 000023H.4 000000H.1 BIT    UNIT     BIT            ?BI?REQUEST
000023H.5 000023H   000000H.3 ---    ---      **GAP**
000024H   000045H   000022H   BYTE   UNIT     DATA           ?DT?USB
000046H   000051H   00000CH   BYTE   UNIT     DATA           _DATA_GROUP_
000052H   00005BH   00000AH   BYTE   UNIT     DATA           ?DT?PERIPHERAL
00005CH   00005EH   000003H   BYTE   UNIT     DATA           ?DT?TIMER
00005FH   00005FH   000001H   ---    ---      **GAP**
000060H   00007FH   000020H   BYTE   UNIT     DATA           ?STACK
000080H   0000A3H   000024H   BYTE   UNIT     IDATA          ?ID?AUDIO
0000A4H   0000C7H   000024H   BYTE   UNIT     IDATA          ?ID?AUDIO20
0000C8H   0000EAH   000023H   BYTE   UNIT     IDATA          ?ID?HID
0000EBH   0000F6H   00000CH   BYTE   UNIT     IDATA          ?ID?UART
0000F7H   0000FDH   000007H   BYTE   UNIT     IDATA          ?ID?MIDI
0000FEH   0000FEH   000001H   BYTE   UNIT     IDATA          ?ID?REQUEST

* * * * * * * * * * *   C O D E   M E M O R Y   * * * * * * * * * * * * *
001000H   001007H   000008H   BYTE   OFFS..   CODE           ?CO?REQUEST?0
001008H   00100FH   000008H   ---    ---      **GAP**
001010H   001012H   000003H   BYTE   OFFS..   CODE           ?CO?REQUEST?1
001013H   001FFFH   000FEDH   ---    ---      **GAP**
002000H   002002H   000003H   ---    OFFS..   CODE           ?CO??C_STARTUP?0
002003H   002005H   000003H   BYTE   OFFS..   CODE           ?USB?02003
002006H   00200AH   000005H   BYTE   UNIT     CODE           ?PR?HANDLEINT4COMPLETE?DEVICE
00200BH   00200DH   000003H   BYTE   OFFS..   CODE           ?TIMER?0200B
00200EH   002010H   000003H   BYTE   UNIT     CODE           ?PR?ISR_INT0?USB
LX51 LINKER/LOCATER V4.41                                                             04/14/2017  15:09:34  PAGE 3


002011H   002012H   000002H   BYTE   UNIT     CODE           ?PR?HANDLESTREAMDATAOUT?AUDIO20
002013H   002015H   000003H   BYTE   OFFS..   CODE           ?PERIPHERAL?02013
002016H   002022H   00000DH   BYTE   UNIT     CODE           ?PR?TXQUEUEISFULL?UART
002023H   002025H   000003H   BYTE   OFFS..   CODE           ?UART?02023
002026H   002027H   000002H   ---    OFFS..   CODE           ?CO??C_STARTUP?1
002028H   002039H   000012H   ---    OFFS..   CODE           ?CO??C_STARTUP?2
00203AH   003302H   0012C9H   BYTE   UNIT     CODE           USB_DESCRIPTOR
003303H   003694H   000392H   BYTE   UNIT     CODE           ?PR?HANDLEISOFEEDBACK?AUDIO
003695H   0038D6H   000242H   BYTE   UNIT     CODE           ?PR?_PLAYMULTICHSTART?AUDIO
0038D7H   003ABBH   0001E5H   BYTE   UNIT     CODE           ?PR?AUDIO
003ABCH   003C8DH   0001D2H   BYTE   UNIT     CODE           ?PR?HANDLEREQUEST?REQUEST
003C8EH   003E33H   0001A6H   BYTE   UNIT     CODE           ?PR?_RECMULTICHSTART?AUDIO
003E34H   003FB2H   00017FH   BYTE   UNIT     CODE           ?PR?HANDLECONTROLTRANSFER?USB
003FB3H   004116H   000164H   BYTE   UNIT     CODE           ?C?LIB_CODE
004117H   004264H   00014EH   BYTE   UNIT     CODE           ?PR?_RECTWOCHSTART?AUDIO
004265H   0043AEH   00014AH   BYTE   UNIT     CODE           ?PR?_PLAYTWOCHSTART?AUDIO
0043AFH   0044F4H   000146H   BYTE   UNIT     CODE           ?PR?_RECSPDIFSTART?AUDIO
0044F5H   004638H   000144H   BYTE   UNIT     CODE           ?PR?HANDLECLOCKFREQUENCY?AUDIO20
004639H   004749H   000111H   BYTE   UNIT     CODE           ?PR?_PLAYSPDIFSTART?AUDIO
00474AH   004859H   000110H   BYTE   UNIT     CODE           ?PR?_SETCURRENTMUTE?AUDIO
00485AH   00494AH   0000F1H   BYTE   UNIT     CODE           ?PR?AUDIOINIT?AUDIO
00494BH   004A17H   0000CDH   BYTE   UNIT     CODE           ?PR?HANDLEGETDESCRIPTOR?REQUEST
004A18H   004ADDH   0000C6H   BYTE   UNIT     CODE           ?PR?HANDLEVOLUME?AUDIO20
004ADEH   004B9CH   0000BFH   BYTE   UNIT     CODE           ?PR?AUDIO20
004B9DH   004C58H   0000BCH   BYTE   UNIT     CODE           ?PR?ISR_INT1?PERIPHERAL
004C59H   004D10H   0000B8H   BYTE   UNIT     CODE           ?PR?REQUEST
004D11H   004DC7H   0000B7H   BYTE   UNIT     CODE           ?PR?_HANDLESTREAMDATAOUT?AUDIO10
004DC8H   004E7AH   0000B3H   BYTE   UNIT     CODE           ?PR?HANDLEVOLUME?AUDIO10
004E7BH   004F27H   0000ADH   BYTE   UNIT     CODE           ?PR?_HANDLESTREAMCMND?AUDIO20
004F28H   004FCFH   0000A8H   BYTE   UNIT     CODE           ?PR?_PLAYMULTICHOPEN?AUDIO20
004FD0H   00506FH   0000A0H   BYTE   UNIT     CODE           ?PR?CODECINIT?AUDIO
005070H   005108H   000099H   BYTE   UNIT     CODE           ?PR?HANDLESPDIFIN?AUDIO
005109H   00519AH   000092H   BYTE   UNIT     CODE           ?PR?_STREAMSETINTERFACE?AUDIO20
00519BH   00522CH   000092H   BYTE   UNIT     CODE           ?PR?HANDLEVENDORCMND?DEVICE
00522DH   0052B0H   000084H   BYTE   UNIT     CODE           ?C_INITSEG
0052B1H   005334H   000084H   BYTE   UNIT     CODE           ?PR?HANDLETERMINALCONNECTOR?AUDIO20
005335H   0053B5H   000081H   BYTE   UNIT     CODE           ?PR?_SENDHDACOMMAND?PERIPHERAL
0053B6H   005435H   000080H   BYTE   UNIT     CODE           ?C_C51STARTUP
005436H   0054B1H   00007CH   BYTE   UNIT     CODE           ?PR?_I2CMASTERREAD?PERIPHERAL
0054B2H   00552CH   00007BH   BYTE   UNIT     CODE           ?PR?_SETDMAFREQ?AUDIO
00552DH   0055A6H   00007AH   BYTE   UNIT     CODE           ?PR?HANDLEHIDDATAOUT?HID
0055A7H   00561FH   000079H   BYTE   UNIT     CODE           ?PR?_I2CMASTERWRITE?PERIPHERAL
005620H   00568CH   00006DH   BYTE   UNIT     CODE           ?PR?HANDLEBOOST?AUDIO10
00568DH   0056F3H   000067H   BYTE   UNIT     CODE           ?PR?SETRECORDMUTE?AUDIO
0056F4H   00575AH   000067H   BYTE   UNIT     CODE           ?PR?HANDLEBOOST?AUDIO20
00575BH   0057C1H   000067H   BYTE   UNIT     CODE           ?PR?HANDLEVENDORDATAOUT?DEVICE
0057C2H   005826H   000065H   BYTE   UNIT     CODE           ?PR?HANDLESETINTERFACE?REQUEST
005827H   005888H   000062H   BYTE   UNIT     CODE           ?PR?MAIN?DEVICE
005889H   0058EAH   000062H   BYTE   UNIT     CODE           ?PR?USBPROCESS?USB
0058EBH   00594BH   000061H   BYTE   UNIT     CODE           ?PR?HANDLECONTROLCMND?AUDIO20
00594CH   0059AAH   00005FH   BYTE   UNIT     CODE           ?PR?_PLAYSPDIFOPEN?AUDIO20
0059ABH   005A04H   00005AH   BYTE   UNIT     CODE           ?PR?_PLAYTWOCHOPEN?AUDIO20
005A05H   005A5EH   00005AH   BYTE   UNIT     CODE           ?PR?PROCESSMIDIINBYTE?MIDI
005A5FH   005AB0H   000052H   BYTE   UNIT     CODE           ?PR?HANDLEMUTE?AUDIO10
005AB1H   005B00H   000050H   BYTE   UNIT     CODE           ?PR?HANDLEMUTE?AUDIO20
005B01H   005B50H   000050H   BYTE   UNIT     CODE           ?PR?GPIOINIT?DEVICE
005B51H   005BA0H   000050H   BYTE   UNIT     CODE           ?PR?DONEPACKET?MIDI
005BA1H   005BF0H   000050H   BYTE   UNIT     CODE           ?PR?HANDLEHIDCMND?HID
005BF1H   005C3FH   00004FH   BYTE   UNIT     CODE           ?PR?_SETCURRENTVOL?AUDIO
005C40H   005C8EH   00004FH   BYTE   UNIT     CODE           ?PR?_GETSTRINGDSCR?REQUEST
005C8FH   005CDCH   00004EH   BYTE   UNIT     CODE           ?PR?ISR_UART?UART
005CDDH   005D2AH   00004EH   BYTE   UNIT     CODE           ?PR?PERIPHERAL
005D2BH   005D71H   000047H   BYTE   UNIT     CODE           ?PR?HANDLETERMINALCLUSTER?AUDIO20
005D72H   005DB6H   000045H   BYTE   UNIT     CODE           ?PR?HANDLECLOCKVALID?AUDIO20
005DB7H   005DFBH   000045H   BYTE   UNIT     CODE           ?PR?_RECMULTICHOPEN?AUDIO20
LX51 LINKER/LOCATER V4.41                                                             04/14/2017  15:09:34  PAGE 4


005DFCH   005E3FH   000044H   BYTE   UNIT     CODE           ?PR?_STREAMSETINTERFACE?AUDIO10
005E40H   005E83H   000044H   BYTE   UNIT     CODE           ?PR?USB
005E84H   005EC6H   000043H   BYTE   UNIT     CODE           ?PR?_RECTWOCHOPEN?AUDIO20
005EC7H   005F09H   000043H   BYTE   UNIT     CODE           ?PR?_RECSPDIFOPEN?AUDIO20
005F0AH   005F49H   000040H   BYTE   UNIT     CODE           ?PR?_PLAYMULTICHOPEN?AUDIO10
005F4AH   005F88H   00003FH   BYTE   UNIT     CODE           ?PR?HANDLESETCONFIGURATION?REQUEST
005F89H   005FC4H   00003CH   BYTE   UNIT     CODE           ?PR?GETSPDIFINSAMPLINGRATE?AUDIO
005FC5H   006000H   00003CH   BYTE   UNIT     CODE           ?PR?_HANDLESTREAMCMND?AUDIO10
006001H   00603CH   00003CH   BYTE   UNIT     CODE           ?PR?CIN?MIDI
00603DH   006075H   000039H   BYTE   UNIT     CODE           ?PR?_GETDMAFREQ?AUDIO
006076H   0060AEH   000039H   BYTE   UNIT     CODE           ?PR?DEVICE
0060AFH   0060E7H   000039H   BYTE   UNIT     CODE           ?PR?PACKINPUTREPORT?HID
0060E8H   00611FH   000038H   BYTE   UNIT     CODE           ?PR?HANDLECONTROLDATAOUT?AUDIO20
006120H   006156H   000037H   BYTE   UNIT     CODE           ?PR?_SETCURRENTBOOST?AUDIO
006157H   00618DH   000037H   BYTE   UNIT     CODE           ?PR?POWERONRESET?DEVICE
00618EH   0061C4H   000037H   BYTE   UNIT     CODE           ?PR?PROCESSMIDIOUTBYTE?MIDI
0061C5H   0061FBH   000037H   BYTE   UNIT     CODE           ?PR?HIDINIT?HID
0061FCH   006232H   000037H   BYTE   UNIT     CODE           ?PR?HANDLEGETINTERFACE?REQUEST
006233H   006267H   000035H   BYTE   UNIT     CODE           ?PR?HANDLEUSBRESET?DEVICE
006268H   00629BH   000034H   BYTE   UNIT     CODE           ?PR?MIDIPROCESS?MIDI
00629CH   0062CEH   000033H   BYTE   UNIT     CODE           ?PR?AUDIOPROCESS?AUDIO
0062CFH   006301H   000033H   BYTE   UNIT     CODE           ?PR?_SENDINT4DATA?USB
006302H   006334H   000033H   BYTE   UNIT     CODE           ?PR?_SENDINT15DATA?USB
006335H   006364H   000030H   BYTE   UNIT     CODE           ?PR?_REGISTERUSBDEVICE?REQUEST
006365H   00638FH   00002BH   BYTE   UNIT     CODE           ?PR?PLAYSPDIFSTOP?AUDIO
006390H   0063B9H   00002AH   BYTE   UNIT     CODE           ?PR?HANDLECONTROLCMND?AUDIO10
0063BAH   0063E3H   00002AH   BYTE   UNIT     CODE           ?PR?HANDLECONTROLDATAOUT?AUDIO10
0063E4H   00640BH   000028H   BYTE   UNIT     CODE           ?PR?_CONTROLBYTETOFREQ?AUDIO
00640CH   006432H   000027H   BYTE   UNIT     CODE           ?PR?FREQTOCONTROLBYTE?AUDIO
006433H   006459H   000027H   BYTE   UNIT     CODE           ?PR?HANDLEGPI?DEVICE
00645AH   00647FH   000026H   BYTE   UNIT     CODE           ?PR?HANDLEHIDGETDESC?HID
006480H   0064A4H   000025H   BYTE   UNIT     CODE           ?PR?_GETSAMPLINGRATE?AUDIO
0064A5H   0064C8H   000024H   BYTE   UNIT     CODE           ?PR?_PLAYBACKRELEASEREF?AUDIO
0064C9H   0064ECH   000024H   BYTE   UNIT     CODE           ?PR?CONVERTTOANALOGDAC4398?AUDIO
0064EDH   00650BH   00001FH   BYTE   UNIT     CODE           ?PR?CONVERTTOANALOGDAC5346?AUDIO
00650CH   00652AH   00001FH   BYTE   UNIT     CODE           ?PR?_SPIREADBYTE?PERIPHERAL
00652BH   006548H   00001EH   BYTE   UNIT     CODE           ?PR?PASSPACKET?MIDI
006549H   006564H   00001CH   BYTE   UNIT     CODE           ?PR?RECSPDIFSTOP?AUDIO
006565H   00657FH   00001BH   BYTE   UNIT     CODE           ?PR?PLAYMULTICHSTOP?AUDIO
006580H   00659AH   00001BH   BYTE   UNIT     CODE           ?PR?PLAYTWOCHSTOP?AUDIO
00659BH   0065B5H   00001BH   BYTE   UNIT     CODE           ?PR?_PLAYSPDIFOPEN?AUDIO10
0065B6H   0065D0H   00001BH   BYTE   UNIT     CODE           ?PR?USBINIT?USB
0065D1H   0065E9H   000019H   BYTE   UNIT     CODE           ?PR?_MSGLEN?MIDI
0065EAH   006601H   000018H   BYTE   UNIT     CODE           ?PR?CONVERTTOANALOGDAC4382?AUDIO
006602H   006619H   000018H   BYTE   UNIT     CODE           ?PR?ISR_TMR0?TIMER
00661AH   006631H   000018H   BYTE   UNIT     CODE           ?PR?_SPIWRITEBYTE?PERIPHERAL
006632H   006647H   000016H   BYTE   UNIT     CODE           ?PR?AUDIO10
006648H   00665DH   000016H   BYTE   UNIT     CODE           ?PR?_PERI_WRITEBYTE?PERIPHERAL
00665EH   006672H   000015H   BYTE   UNIT     CODE           ?PR?AUDIOSTOP?AUDIO
006673H   006687H   000015H   BYTE   UNIT     CODE           ?PR?_RECMULTICHOPEN?AUDIO10
006688H   00669CH   000015H   BYTE   UNIT     CODE           ?PR?_PUTINTOTXQUEUE?UART
00669DH   0066B0H   000014H   BYTE   UNIT     CODE           ?PR?PLAYBACKRESETREF?AUDIO
0066B1H   0066C4H   000014H   BYTE   UNIT     CODE           ?PR?RECMULTICHSTOP?AUDIO
0066C5H   0066D8H   000014H   BYTE   UNIT     CODE           ?PR?RECTWOCHSTOP?AUDIO
0066D9H   0066ECH   000014H   BYTE   UNIT     CODE           ?PR?GETFROMRXQUEUE?UART
0066EDH   0066FFH   000013H   BYTE   UNIT     CODE           ?PR?_PLAYTWOCHOPEN?AUDIO10
006700H   006712H   000013H   BYTE   UNIT     CODE           ?PR?_PERI_READWORD?PERIPHERAL
006713H   006724H   000012H   BYTE   UNIT     CODE           ?PR?CODECRESET?AUDIO
006725H   006736H   000012H   BYTE   UNIT     CODE           ?PR?HANDLEUSBRESUME?DEVICE
006737H   006748H   000012H   BYTE   UNIT     CODE           ?PR?HANDLEUSBSUSPEND?DEVICE
006749H   00675AH   000012H   BYTE   UNIT     CODE           ?PR?HANDLEDECONFIGURED?DEVICE
00675BH   00676AH   000010H   BYTE   UNIT     CODE           ?PR?_PERI_WRITEWORD?PERIPHERAL
00676BH   006779H   00000FH   BYTE   UNIT     CODE           ?PR?_GETCURRENTBOOST?AUDIO
00677AH   006788H   00000FH   BYTE   UNIT     CODE           ?PR?_GETCURRENTMUTE?AUDIO
006789H   006797H   00000FH   BYTE   UNIT     CODE           ?PR?MIDIINIT?MIDI
LX51 LINKER/LOCATER V4.41                                                             04/14/2017  15:09:34  PAGE 5


006798H   0067A6H   00000FH   BYTE   UNIT     CODE           ?PR?HANDLEGETCONFIGURATION?REQUEST
0067A7H   0067B4H   00000EH   BYTE   UNIT     CODE           ?PR?_PLAYBACKADDREF?AUDIO
0067B5H   0067C2H   00000EH   BYTE   UNIT     CODE           ?PR?SENDINPUTREPORT?HID
0067C3H   0067CEH   00000CH   BYTE   UNIT     CODE           ?PR?_GETCURRENTVOL?AUDIO
0067CFH   0067DAH   00000CH   BYTE   UNIT     CODE           ?PR?HANDLECONFIGURED?DEVICE
0067DBH   0067E6H   00000CH   BYTE   UNIT     CODE           ?PR?UARTINIT?UART
0067E7H   0067F2H   00000CH   BYTE   UNIT     CODE           ?PR?_PERI_READBYTE?PERIPHERAL
0067F3H   0067FDH   00000BH   BYTE   UNIT     CODE           ?PR?_RECTWOCHOPEN?AUDIO10
0067FEH   006808H   00000BH   BYTE   UNIT     CODE           ?PR?_RECSPDIFOPEN?AUDIO10
006809H   006813H   00000BH   BYTE   UNIT     CODE           ?PR?RXQUEUEISEMPTY?UART
006814H   00681EH   00000BH   BYTE   UNIT     CODE           ?PR?_SETUSBCTRLDATA?USB
00681FH   006827H   000009H   BYTE   UNIT     CODE           ?PR?HANDLEGPIO?DEVICE
006828H   00682FH   000008H   BYTE   UNIT     CODE           ?PR?MIDI
006830H   006837H   000008H   BYTE   UNIT     CODE           ?PR?_FLASHREAD?PERIPHERAL
006838H   006838H   000001H   BYTE   UNIT     CODE           ?PR?HANDLEINT15COMPLETE?DEVICE
006839H   006A60H   000228H   BYTE   UNIT     CONST          ?CO?AUDIO20
006A61H   006BE7H   000187H   BYTE   UNIT     CONST          ?CO?AUDIO
006BE8H   006CC1H   0000DAH   BYTE   UNIT     CONST          ?CO?AUDIO10
006CC2H   006D73H   0000B2H   BYTE   UNIT     CONST          ?CO?DEVICE
006D74H   006DD9H   000066H   BYTE   UNIT     CONST          ?CO?MIDI
006DDAH   006DF7H   00001EH   BYTE   UNIT     CONST          ?CO?HID

* * * * * * * * * * *  X D A T A   M E M O R Y  * * * * * * * * * * * * *
000000H   000000H   000001H   BYTE   OFFS..   XDATA          ?XD?PERIPHERAL?26
000001H   000001H   000001H   BYTE   OFFS..   XDATA          ?XD?PERIPHERAL?13
000002H   000002H   000001H   BYTE   OFFS..   XDATA          ?XD?PERIPHERAL?10
000003H   000003H   000001H   BYTE   OFFS..   XDATA          ?XD?PERIPHERAL?7
000004H   000004H   000001H   BYTE   OFFS..   XDATA          ?XD?PERIPHERAL?6
000005H   000005H   000001H   BYTE   OFFS..   XDATA          ?XD?PERIPHERAL?2
000006H   000006H   000001H   BYTE   OFFS..   XDATA          ?XD?PERIPHERAL?1
000007H   000007H   000001H   BYTE   OFFS..   XDATA          ?XD?PERIPHERAL?3
000008H   000008H   000001H   BYTE   OFFS..   XDATA          ?XD?PERIPHERAL?23
000009H   000009H   000001H   BYTE   OFFS..   XDATA          ?XD?PERIPHERAL?21
00000AH   00000AH   000001H   BYTE   OFFS..   XDATA          ?XD?PERIPHERAL?11
00000BH   000012H   000008H   BYTE   OFFS..   XDATA          ?XD?PERIPHERAL?27
000013H   00001AH   000008H   BYTE   OFFS..   XDATA          ?XD?PERIPHERAL?12
00001BH   00001FH   000005H   ---    ---      **GAP**
000020H   000020H   000001H   BYTE   OFFS..   XDATA          ?XD?PERIPHERAL?17
000021H   000021H   000001H   BYTE   OFFS..   XDATA          ?XD?PERIPHERAL?15
000022H   000022H   000001H   BYTE   OFFS..   XDATA          ?XD?PERIPHERAL?18
000023H   000023H   000001H   BYTE   OFFS..   XDATA          ?XD?PERIPHERAL?16
000024H   000024H   000001H   BYTE   OFFS..   XDATA          ?XD?PERIPHERAL?19
000025H   000025H   000001H   BYTE   OFFS..   XDATA          ?XD?PERIPHERAL?20
000026H   000026H   000001H   BYTE   OFFS..   XDATA          ?XD?PERIPHERAL?22
000027H   000027H   000001H   BYTE   OFFS..   XDATA          ?XD?PERIPHERAL?24
000028H   00002BH   000004H   BYTE   OFFS..   XDATA          ?XD?PERIPHERAL?0
00002CH   00002FH   000004H   BYTE   OFFS..   XDATA          ?XD?PERIPHERAL?14
000030H   000033H   000004H   BYTE   OFFS..   XDATA          ?XD?PERIPHERAL?30
000034H   000037H   000004H   BYTE   OFFS..   XDATA          ?XD?PERIPHERAL?28
000038H   00003BH   000004H   BYTE   OFFS..   XDATA          ?XD?PERIPHERAL?25
00003CH   00003CH   000001H   BYTE   OFFS..   XDATA          ?XD?PERIPHERAL?4
00003DH   00003DH   000001H   BYTE   OFFS..   XDATA          ?XD?PERIPHERAL?5
00003EH   00003FH   000002H   ---    ---      **GAP**
000040H   000041H   000002H   BYTE   OFFS..   XDATA          ?XD?PERIPHERAL?9
000042H   000043H   000002H   BYTE   OFFS..   XDATA          ?XD?PERIPHERAL?8
000044H   000045H   000002H   BYTE   OFFS..   XDATA          ?XD?PERIPHERAL?29



OVERLAY MAP OF MODULE:   6632A-0413 (AUDIO)


FUNCTION/MODULE                       BIT_GROUP   DATA_GROUP 
--> CALLED FUNCTION/MODULE           START  STOP  START  STOP
=============================================================
LX51 LINKER/LOCATER V4.41                                                             04/14/2017  15:09:34  PAGE 6


ISR_TMR0/TIMER                       ----- -----  ----- -----

*** NEW ROOT ***********************

ISR_UART/UART                        ----- -----  ----- -----

*** NEW ROOT ***********************

ISR_INT0/USB                         ----- -----  ----- -----

*** NEW ROOT ***********************

ISR_INT1/PERIPHERAL                  ----- -----  ----- -----

*** NEW ROOT ***********************

?C_C51STARTUP                        ----- -----  ----- -----
  +--> ?PR?MAIN?DEVICE
  +--> ?C_INITSEG

MAIN/DEVICE                          ----- -----  ----- -----
  +--> ?PR?POWERONRESET?DEVICE
  +--> ?PR?HANDLEGPI?DEVICE
  +--> ?PR?HANDLEGPIO?DEVICE
  +--> ?PR?USBPROCESS?USB
  +--> ?PR?_PERI_READBYTE?PERIPHERAL
  +--> ?PR?_PERI_WRITEBYTE?PERIPHERAL
  +--> ?PR?AUDIOPROCESS?AUDIO

POWERONRESET/DEVICE                  ----- -----  ----- -----
  +--> ?PR?_PERI_READBYTE?PERIPHERAL
  +--> ?PR?GPIOINIT?DEVICE
  +--> ?PR?USBINIT?USB
  +--> ?CO?DEVICE
  +--> ?PR?_REGISTERUSBDEVICE?REQUEST

_PERI_READBYTE/PERIPHERAL            ----- -----  ----- -----

GPIOINIT/DEVICE                      ----- -----  ----- -----
  +--> ?PR?_PERI_WRITEBYTE?PERIPHERAL
  +--> ?PR?_PERI_READBYTE?PERIPHERAL

_PERI_WRITEBYTE/PERIPHERAL           ----- -----  ----- -----

USBINIT/USB                          ----- -----  ----- -----
  +--> ?CO?REQUEST?0

?CO?REQUEST?0                        ----- -----  ----- -----

?CO?DEVICE                           ----- -----  ----- -----
  +--> ?CO?AUDIO20
  +--> ?CO?HID
  +--> ?PR?HANDLECONFIGURED?DEVICE
  +--> ?PR?HANDLEDECONFIGURED?DEVICE
  +--> ?PR?HANDLEVENDORCMND?DEVICE
  +--> ?PR?HANDLEVENDORDATAOUT?DEVICE
  +--> ?CO?AUDIO10

?CO?AUDIO20                          ----- -----  ----- -----
  +--> ?PR?HANDLECONTROLCMND?AUDIO20
  +--> ?PR?HANDLECONTROLDATAOUT?AUDIO20
  +--> ?PR?_STREAMSETINTERFACE?AUDIO20
  +--> ?PR?_HANDLESTREAMCMND?AUDIO20
  +--> ?PR?HANDLESTREAMDATAOUT?AUDIO20

LX51 LINKER/LOCATER V4.41                                                             04/14/2017  15:09:34  PAGE 7


HANDLECONTROLCMND/AUDIO20            ----- -----  ----- -----
  +--> ?PR?HANDLETERMINALCLUSTER?AUDIO20
  +--> ?PR?HANDLETERMINALCONNECTOR?AUDIO20
  +--> ?PR?HANDLEMUTE?AUDIO20
  +--> ?PR?HANDLEVOLUME?AUDIO20
  +--> ?PR?HANDLEBOOST?AUDIO20
  +--> ?PR?HANDLECLOCKFREQUENCY?AUDIO20
  +--> ?PR?HANDLECLOCKVALID?AUDIO20

HANDLETERMINALCLUSTER/AUDIO20        ----- -----  ----- -----
  +--> ?PR?AUDIO20
  +--> ?PR?_SETUSBCTRLDATA?USB

AUDIO20                              ----- -----  ----- -----

_SETUSBCTRLDATA/USB                  ----- -----  ----- -----

HANDLETERMINALCONNECTOR/AUDIO20      ----- -----  ----- -----
  +--> ?PR?AUDIO20
  +--> ?PR?_SETUSBCTRLDATA?USB

HANDLEMUTE/AUDIO20                   23H.1 23H.1  ----- -----
  +--> ?CO?AUDIO
  +--> ?PR?_GETCURRENTMUTE?AUDIO
  +--> ?PR?AUDIO20
  +--> ?PR?_SETUSBCTRLDATA?USB
  +--> ?PR?_SETCURRENTMUTE?AUDIO

?CO?AUDIO                            ----- -----  ----- -----

_GETCURRENTMUTE/AUDIO                ----- -----  ----- -----

_SETCURRENTMUTE/AUDIO                23H.2 23H.2  0046H 0046H
  +--> ?CO?AUDIO
  +--> ?PR?_PERI_READBYTE?PERIPHERAL
  +--> ?PR?_PERI_WRITEBYTE?PERIPHERAL
  +--> ?PR?AUDIO
  +--> ?PR?_I2CMASTERREAD?PERIPHERAL
  +--> ?PR?_I2CMASTERWRITE?PERIPHERAL

AUDIO                                ----- -----  ----- -----
  +--> ?CO?AUDIO
  +--> ?PR?_GETSAMPLINGRATE?AUDIO

_GETSAMPLINGRATE/AUDIO               ----- -----  ----- -----
  +--> ?CO?AUDIO

_I2CMASTERREAD/PERIPHERAL            ----- -----  0047H 004CH
  +--> ?PR?_PERI_WRITEBYTE?PERIPHERAL
  +--> ?PR?PERIPHERAL
  +--> ?PR?_PERI_READBYTE?PERIPHERAL

PERIPHERAL                           ----- -----  ----- -----
  +--> ?PR?_PERI_READBYTE?PERIPHERAL
  +--> ?PR?_PERI_WRITEBYTE?PERIPHERAL
  +--> ?PR?_PERI_WRITEWORD?PERIPHERAL

_PERI_WRITEWORD/PERIPHERAL           ----- -----  ----- -----

_I2CMASTERWRITE/PERIPHERAL           ----- -----  004CH 0051H
  +--> ?PR?_PERI_WRITEBYTE?PERIPHERAL
  +--> ?PR?PERIPHERAL
  +--> ?PR?_PERI_READBYTE?PERIPHERAL

HANDLEVOLUME/AUDIO20                 23H.1 23H.1  ----- -----
LX51 LINKER/LOCATER V4.41                                                             04/14/2017  15:09:34  PAGE 8


  +--> ?PR?AUDIO20
  +--> ?CO?AUDIO
  +--> ?PR?_GETCURRENTVOL?AUDIO
  +--> ?PR?_SETUSBCTRLDATA?USB
  +--> ?PR?_SETCURRENTVOL?AUDIO

_GETCURRENTVOL/AUDIO                 ----- -----  ----- -----

_SETCURRENTVOL/AUDIO                 ----- -----  0046H 0046H
  +--> ?PR?AUDIO
  +--> ?PR?CONVERTTOANALOGDAC4382?AUDIO
  +--> ?PR?CONVERTTOANALOGDAC4398?AUDIO
  +--> ?PR?CONVERTTOANALOGDAC5346?AUDIO
  +--> ?CO?AUDIO
  +--> ?PR?_I2CMASTERWRITE?PERIPHERAL

CONVERTTOANALOGDAC4382/AUDIO         ----- -----  ----- -----

CONVERTTOANALOGDAC4398/AUDIO         ----- -----  ----- -----

CONVERTTOANALOGDAC5346/AUDIO         ----- -----  ----- -----

HANDLEBOOST/AUDIO20                  23H.1 23H.1  ----- -----
  +--> ?CO?AUDIO
  +--> ?PR?_GETCURRENTBOOST?AUDIO
  +--> ?PR?AUDIO20
  +--> ?PR?_SETUSBCTRLDATA?USB
  +--> ?PR?_SETCURRENTBOOST?AUDIO

_GETCURRENTBOOST/AUDIO               ----- -----  ----- -----

_SETCURRENTBOOST/AUDIO               23H.2 23H.2  ----- -----
  +--> ?PR?AUDIO
  +--> ?PR?_I2CMASTERWRITE?PERIPHERAL

HANDLECLOCKFREQUENCY/AUDIO20         23H.1 23H.1  ----- -----
  +--> ?PR?AUDIO20
  +--> ?PR?_CONTROLBYTETOFREQ?AUDIO
  +--> ?PR?_SETUSBCTRLDATA?USB
  +--> ?PR?FREQTOCONTROLBYTE?AUDIO
  +--> ?PR?PLAYMULTICHSTOP?AUDIO
  +--> ?PR?_PLAYMULTICHOPEN?AUDIO20
  +--> ?PR?PLAYSPDIFSTOP?AUDIO
  +--> ?PR?_PLAYSPDIFOPEN?AUDIO20
  +--> ?PR?PLAYTWOCHSTOP?AUDIO
  +--> ?PR?_PLAYTWOCHOPEN?AUDIO20
  +--> ?PR?RECTWOCHSTOP?AUDIO
  +--> ?PR?_RECTWOCHOPEN?AUDIO20
  +--> ?PR?RECMULTICHSTOP?AUDIO
  +--> ?PR?_RECMULTICHOPEN?AUDIO20
  +--> ?PR?RECSPDIFSTOP?AUDIO
  +--> ?PR?_RECSPDIFOPEN?AUDIO20

_CONTROLBYTETOFREQ/AUDIO             ----- -----  ----- -----
  +--> ?PR?AUDIO

FREQTOCONTROLBYTE/AUDIO              ----- -----  ----- -----
  +--> ?PR?AUDIO

PLAYMULTICHSTOP/AUDIO                ----- -----  ----- -----
  +--> ?PR?_PERI_READBYTE?PERIPHERAL
  +--> ?PR?_PERI_WRITEBYTE?PERIPHERAL
  +--> ?PR?_PLAYBACKRELEASEREF?AUDIO

_PLAYBACKRELEASEREF/AUDIO            ----- -----  ----- -----
LX51 LINKER/LOCATER V4.41                                                             04/14/2017  15:09:34  PAGE 9


  +--> ?PR?_PERI_READBYTE?PERIPHERAL
  +--> ?PR?_PERI_WRITEBYTE?PERIPHERAL

_PLAYMULTICHOPEN/AUDIO20             ----- -----  0049H 0049H
  +--> ?PR?AUDIO20
  +--> ?PR?_SETDMAFREQ?AUDIO
  +--> ?PR?_PLAYMULTICHSTART?AUDIO

_SETDMAFREQ/AUDIO                    ----- -----  004AH 004AH
  +--> ?PR?_GETDMAFREQ?AUDIO
  +--> ?PR?_PERI_WRITEBYTE?PERIPHERAL
  +--> ?PR?_PERI_READBYTE?PERIPHERAL

_GETDMAFREQ/AUDIO                    ----- -----  ----- -----
  +--> ?PR?_PERI_READBYTE?PERIPHERAL

_PLAYMULTICHSTART/AUDIO              ----- -----  004AH 004BH
  +--> ?PR?_GETDMAFREQ?AUDIO
  +--> ?PR?AUDIO
  +--> ?PR?_I2CMASTERWRITE?PERIPHERAL
  +--> ?PR?_PERI_WRITEWORD?PERIPHERAL
  +--> ?PR?_PERI_WRITEBYTE?PERIPHERAL
  +--> ?CO?AUDIO
  +--> ?PR?_PERI_READBYTE?PERIPHERAL
  +--> ?PR?_PLAYBACKADDREF?AUDIO

_PLAYBACKADDREF/AUDIO                ----- -----  ----- -----

PLAYSPDIFSTOP/AUDIO                  ----- -----  ----- -----
  +--> ?PR?_PERI_WRITEBYTE?PERIPHERAL
  +--> ?PR?_PLAYBACKRELEASEREF?AUDIO
  +--> ?PR?_PERI_READBYTE?PERIPHERAL

_PLAYSPDIFOPEN/AUDIO20               ----- -----  0049H 0049H
  +--> ?PR?AUDIO20
  +--> ?PR?_SETDMAFREQ?AUDIO
  +--> ?PR?_PLAYSPDIFSTART?AUDIO

_PLAYSPDIFSTART/AUDIO                ----- -----  004AH 004AH
  +--> ?PR?_GETDMAFREQ?AUDIO
  +--> ?PR?_PERI_READBYTE?PERIPHERAL
  +--> ?PR?AUDIO
  +--> ?PR?_PERI_WRITEBYTE?PERIPHERAL
  +--> ?CO?AUDIO
  +--> ?PR?_PLAYBACKADDREF?AUDIO

PLAYTWOCHSTOP/AUDIO                  ----- -----  ----- -----
  +--> ?PR?_PERI_READBYTE?PERIPHERAL
  +--> ?PR?_PERI_WRITEBYTE?PERIPHERAL
  +--> ?PR?_PLAYBACKRELEASEREF?AUDIO

_PLAYTWOCHOPEN/AUDIO20               ----- -----  0049H 0049H
  +--> ?PR?AUDIO20
  +--> ?PR?_SETDMAFREQ?AUDIO
  +--> ?PR?_PLAYTWOCHSTART?AUDIO

_PLAYTWOCHSTART/AUDIO                ----- -----  004AH 004AH
  +--> ?PR?_GETDMAFREQ?AUDIO
  +--> ?PR?AUDIO
  +--> ?PR?_I2CMASTERWRITE?PERIPHERAL
  +--> ?PR?_PERI_WRITEWORD?PERIPHERAL
  +--> ?CO?AUDIO
  +--> ?PR?_PERI_WRITEBYTE?PERIPHERAL
  +--> ?PR?_PERI_READBYTE?PERIPHERAL
  +--> ?PR?_PLAYBACKADDREF?AUDIO
LX51 LINKER/LOCATER V4.41                                                             04/14/2017  15:09:34  PAGE 10



RECTWOCHSTOP/AUDIO                   ----- -----  ----- -----
  +--> ?PR?_PERI_READBYTE?PERIPHERAL
  +--> ?PR?_PERI_WRITEBYTE?PERIPHERAL

_RECTWOCHOPEN/AUDIO20                ----- -----  0049H 0049H
  +--> ?PR?AUDIO20
  +--> ?PR?_SETDMAFREQ?AUDIO
  +--> ?PR?_RECTWOCHSTART?AUDIO

_RECTWOCHSTART/AUDIO                 ----- -----  004AH 004AH
  +--> ?PR?_GETDMAFREQ?AUDIO
  +--> ?PR?AUDIO
  +--> ?PR?_I2CMASTERWRITE?PERIPHERAL
  +--> ?PR?_PERI_WRITEBYTE?PERIPHERAL
  +--> ?PR?_PERI_WRITEWORD?PERIPHERAL
  +--> ?PR?_PERI_READBYTE?PERIPHERAL

RECMULTICHSTOP/AUDIO                 ----- -----  ----- -----
  +--> ?PR?_PERI_READBYTE?PERIPHERAL
  +--> ?PR?_PERI_WRITEBYTE?PERIPHERAL

_RECMULTICHOPEN/AUDIO20              ----- -----  0049H 0049H
  +--> ?PR?AUDIO20
  +--> ?PR?_SETDMAFREQ?AUDIO
  +--> ?PR?_RECMULTICHSTART?AUDIO

_RECMULTICHSTART/AUDIO               ----- -----  004AH 004BH
  +--> ?PR?_GETDMAFREQ?AUDIO
  +--> ?PR?AUDIO
  +--> ?PR?_PERI_WRITEBYTE?PERIPHERAL
  +--> ?PR?_PERI_WRITEWORD?PERIPHERAL
  +--> ?PR?_PERI_READBYTE?PERIPHERAL

RECSPDIFSTOP/AUDIO                   ----- -----  ----- -----
  +--> ?PR?_PERI_WRITEBYTE?PERIPHERAL
  +--> ?PR?_PERI_READBYTE?PERIPHERAL

_RECSPDIFOPEN/AUDIO20                ----- -----  0049H 0049H
  +--> ?PR?AUDIO20
  +--> ?PR?_SETDMAFREQ?AUDIO
  +--> ?PR?_RECSPDIFSTART?AUDIO

_RECSPDIFSTART/AUDIO                 ----- -----  004AH 004AH
  +--> ?PR?_GETDMAFREQ?AUDIO
  +--> ?PR?AUDIO
  +--> ?PR?_PERI_WRITEBYTE?PERIPHERAL
  +--> ?PR?_PERI_WRITEWORD?PERIPHERAL
  +--> ?PR?_PERI_READBYTE?PERIPHERAL

HANDLECLOCKVALID/AUDIO20             ----- -----  ----- -----
  +--> ?PR?AUDIO20
  +--> ?PR?_SETUSBCTRLDATA?USB

HANDLECONTROLDATAOUT/AUDIO20         ----- -----  ----- -----
  +--> ?PR?HANDLEMUTE?AUDIO20
  +--> ?PR?HANDLEVOLUME?AUDIO20
  +--> ?PR?HANDLEBOOST?AUDIO20
  +--> ?PR?HANDLECLOCKFREQUENCY?AUDIO20

_STREAMSETINTERFACE/AUDIO20          ----- -----  0046H 0048H
  +--> ?PR?AUDIO20
  +--> ?PR?_PLAYMULTICHOPEN?AUDIO20
  +--> ?PR?_PLAYSPDIFOPEN?AUDIO20
  +--> ?PR?_PLAYTWOCHOPEN?AUDIO20
LX51 LINKER/LOCATER V4.41                                                             04/14/2017  15:09:34  PAGE 11


  +--> ?PR?_RECTWOCHOPEN?AUDIO20
  +--> ?PR?_RECMULTICHOPEN?AUDIO20
  +--> ?PR?_RECSPDIFOPEN?AUDIO20
  +--> ?PR?PLAYMULTICHSTOP?AUDIO
  +--> ?PR?PLAYSPDIFSTOP?AUDIO
  +--> ?PR?PLAYTWOCHSTOP?AUDIO
  +--> ?PR?RECTWOCHSTOP?AUDIO
  +--> ?PR?RECMULTICHSTOP?AUDIO
  +--> ?PR?RECSPDIFSTOP?AUDIO

_HANDLESTREAMCMND/AUDIO20            ----- -----  0046H 0048H
  +--> ?PR?AUDIO20
  +--> ?PR?_SETUSBCTRLDATA?USB

HANDLESTREAMDATAOUT/AUDIO20          ----- -----  ----- -----

?CO?HID                              ----- -----  ----- -----
  +--> ?PR?HANDLEHIDGETDESC?HID
  +--> ?PR?HANDLEHIDCMND?HID
  +--> ?PR?HANDLEHIDDATAOUT?HID

HANDLEHIDGETDESC/HID                 ----- -----  ----- -----
  +--> ?PR?_SETUSBCTRLDATA?USB

HANDLEHIDCMND/HID                    ----- -----  ----- -----
  +--> ?PR?PACKINPUTREPORT?HID
  +--> ?PR?_SETUSBCTRLDATA?USB

PACKINPUTREPORT/HID                  ----- -----  ----- -----
  +--> ?PR?_PERI_READBYTE?PERIPHERAL

HANDLEHIDDATAOUT/HID                 ----- -----  ----- -----
  +--> ?PR?_PERI_WRITEBYTE?PERIPHERAL

HANDLECONFIGURED/DEVICE              ----- -----  ----- -----
  +--> ?PR?_PERI_WRITEBYTE?PERIPHERAL
  +--> ?PR?AUDIOINIT?AUDIO

AUDIOINIT/AUDIO                      ----- -----  ----- -----
  +--> ?PR?CODECRESET?AUDIO
  +--> ?PR?_PERI_WRITEBYTE?PERIPHERAL
  +--> ?PR?_PERI_WRITEWORD?PERIPHERAL
  +--> ?PR?_PERI_READBYTE?PERIPHERAL
  +--> ?PR?PLAYBACKRESETREF?AUDIO
  +--> ?PR?CODECINIT?AUDIO
  +--> ?PR?SETRECORDMUTE?AUDIO
  +--> ?PR?AUDIO
  +--> ?PR?_SETCURRENTMUTE?AUDIO
  +--> ?PR?_SETCURRENTBOOST?AUDIO
  +--> ?PR?_SETCURRENTVOL?AUDIO

CODECRESET/AUDIO                     ----- -----  ----- -----
  +--> ?PR?_PERI_READBYTE?PERIPHERAL
  +--> ?PR?_PERI_WRITEBYTE?PERIPHERAL

PLAYBACKRESETREF/AUDIO               ----- -----  ----- -----
  +--> ?PR?_PERI_READBYTE?PERIPHERAL
  +--> ?PR?_PERI_WRITEBYTE?PERIPHERAL

CODECINIT/AUDIO                      ----- -----  ----- -----
  +--> ?PR?AUDIO
  +--> ?PR?_I2CMASTERREAD?PERIPHERAL
  +--> ?PR?_PERI_READBYTE?PERIPHERAL
  +--> ?PR?_PERI_WRITEBYTE?PERIPHERAL
  +--> ?PR?_I2CMASTERWRITE?PERIPHERAL
LX51 LINKER/LOCATER V4.41                                                             04/14/2017  15:09:34  PAGE 12



SETRECORDMUTE/AUDIO                  23H.1 23H.1  ----- -----
  +--> ?PR?_GETCURRENTMUTE?AUDIO
  +--> ?PR?_PERI_READBYTE?PERIPHERAL
  +--> ?PR?_PERI_WRITEBYTE?PERIPHERAL

HANDLEDECONFIGURED/DEVICE            ----- -----  ----- -----
  +--> ?PR?_PERI_READBYTE?PERIPHERAL
  +--> ?PR?_PERI_WRITEBYTE?PERIPHERAL

HANDLEVENDORCMND/DEVICE              ----- -----  ----- -----
  +--> ?PR?DEVICE
  +--> ?PR?_PERI_READBYTE?PERIPHERAL
  +--> ?PR?_FLASHREAD?PERIPHERAL
  +--> ?PR?_SETUSBCTRLDATA?USB

DEVICE                               ----- -----  ----- -----

_FLASHREAD/PERIPHERAL                ----- -----  ----- -----

HANDLEVENDORDATAOUT/DEVICE           ----- -----  ----- -----
  +--> ?PR?DEVICE
  +--> ?PR?_PERI_WRITEBYTE?PERIPHERAL

?CO?AUDIO10                          ----- -----  ----- -----
  +--> ?PR?_HANDLESTREAMCMND?AUDIO10
  +--> ?PR?_HANDLESTREAMDATAOUT?AUDIO10
  +--> ?PR?HANDLECONTROLCMND?AUDIO10
  +--> ?PR?HANDLECONTROLDATAOUT?AUDIO10
  +--> ?PR?_STREAMSETINTERFACE?AUDIO10

_HANDLESTREAMCMND/AUDIO10            ----- -----  ----- -----
  +--> ?PR?_GETDMAFREQ?AUDIO
  +--> ?PR?_CONTROLBYTETOFREQ?AUDIO
  +--> ?PR?_SETUSBCTRLDATA?USB

_HANDLESTREAMDATAOUT/AUDIO10         ----- -----  0046H 0048H
  +--> ?PR?FREQTOCONTROLBYTE?AUDIO
  +--> ?PR?_SETDMAFREQ?AUDIO
  +--> ?PR?_PLAYMULTICHOPEN?AUDIO10
  +--> ?PR?_PLAYSPDIFOPEN?AUDIO10
  +--> ?PR?_PLAYTWOCHOPEN?AUDIO10
  +--> ?PR?_RECMULTICHOPEN?AUDIO10
  +--> ?PR?_RECTWOCHOPEN?AUDIO10
  +--> ?PR?_RECSPDIFOPEN?AUDIO10

_PLAYMULTICHOPEN/AUDIO10             ----- -----  0049H 0049H
  +--> ?PR?_PLAYMULTICHSTART?AUDIO

_PLAYSPDIFOPEN/AUDIO10               ----- -----  ----- -----
  +--> ?PR?_PLAYSPDIFSTART?AUDIO

_PLAYTWOCHOPEN/AUDIO10               ----- -----  ----- -----
  +--> ?PR?_PLAYTWOCHSTART?AUDIO

_RECMULTICHOPEN/AUDIO10              ----- -----  ----- -----
  +--> ?PR?_RECMULTICHSTART?AUDIO

_RECTWOCHOPEN/AUDIO10                ----- -----  ----- -----
  +--> ?PR?_RECTWOCHSTART?AUDIO

_RECSPDIFOPEN/AUDIO10                ----- -----  ----- -----
  +--> ?PR?_RECSPDIFSTART?AUDIO

HANDLECONTROLCMND/AUDIO10            ----- -----  ----- -----
LX51 LINKER/LOCATER V4.41                                                             04/14/2017  15:09:34  PAGE 13


  +--> ?PR?HANDLEMUTE?AUDIO10
  +--> ?PR?HANDLEVOLUME?AUDIO10
  +--> ?PR?HANDLEBOOST?AUDIO10

HANDLEMUTE/AUDIO10                   23H.1 23H.1  ----- -----
  +--> ?CO?AUDIO
  +--> ?PR?_GETCURRENTMUTE?AUDIO
  +--> ?PR?AUDIO10
  +--> ?PR?_SETUSBCTRLDATA?USB
  +--> ?PR?_SETCURRENTMUTE?AUDIO

AUDIO10                              ----- -----  ----- -----

HANDLEVOLUME/AUDIO10                 23H.1 23H.1  ----- -----
  +--> ?PR?AUDIO10
  +--> ?CO?AUDIO
  +--> ?PR?_GETCURRENTVOL?AUDIO
  +--> ?PR?_SETUSBCTRLDATA?USB
  +--> ?PR?_SETCURRENTVOL?AUDIO

HANDLEBOOST/AUDIO10                  23H.1 23H.1  ----- -----
  +--> ?CO?AUDIO
  +--> ?PR?_GETCURRENTBOOST?AUDIO
  +--> ?PR?AUDIO10
  +--> ?PR?_SETUSBCTRLDATA?USB
  +--> ?PR?_SETCURRENTBOOST?AUDIO

HANDLECONTROLDATAOUT/AUDIO10         ----- -----  ----- -----
  +--> ?PR?HANDLEMUTE?AUDIO10
  +--> ?PR?HANDLEVOLUME?AUDIO10
  +--> ?PR?HANDLEBOOST?AUDIO10

_STREAMSETINTERFACE/AUDIO10          ----- -----  ----- -----
  +--> ?PR?PLAYMULTICHSTOP?AUDIO
  +--> ?PR?PLAYSPDIFSTOP?AUDIO
  +--> ?PR?PLAYTWOCHSTOP?AUDIO
  +--> ?PR?RECMULTICHSTOP?AUDIO
  +--> ?PR?RECTWOCHSTOP?AUDIO
  +--> ?PR?RECSPDIFSTOP?AUDIO

_REGISTERUSBDEVICE/REQUEST           ----- -----  ----- -----
  +--> ?PR?REQUEST

REQUEST                              ----- -----  ----- -----

HANDLEGPI/DEVICE                     ----- -----  ----- -----
  +--> ?PR?_PERI_READBYTE?PERIPHERAL
  +--> ?PR?SETRECORDMUTE?AUDIO
  +--> ?PR?SENDINPUTREPORT?HID

SENDINPUTREPORT/HID                  ----- -----  ----- -----
  +--> ?PR?PACKINPUTREPORT?HID
  +--> ?PR?_SENDINT4DATA?USB

_SENDINT4DATA/USB                    ----- -----  0046H 0049H
  +--> ?PR?USB
  +--> ?PR?_PERI_WRITEBYTE?PERIPHERAL

USB                                  ----- -----  ----- -----

HANDLEGPIO/DEVICE                    ----- -----  ----- -----
  +--> ?PR?SENDINPUTREPORT?HID

USBPROCESS/USB                       ----- -----  ----- -----
  +--> ?PR?HANDLECONTROLTRANSFER?USB
LX51 LINKER/LOCATER V4.41                                                             04/14/2017  15:09:34  PAGE 14


  +--> ?PR?_PERI_READBYTE?PERIPHERAL
  +--> ?PR?_PERI_WRITEBYTE?PERIPHERAL
  +--> ?PR?HANDLEUSBRESET?DEVICE
  +--> ?PR?HANDLEUSBRESUME?DEVICE
  +--> ?PR?HANDLEUSBSUSPEND?DEVICE
  +--> ?PR?HANDLEINT4COMPLETE?DEVICE
  +--> ?PR?HANDLEINT15COMPLETE?DEVICE

HANDLECONTROLTRANSFER/USB            ----- -----  ----- -----
  +--> ?PR?USB
  +--> ?PR?HANDLEREQUEST?REQUEST
  +--> ?CO?REQUEST?0

HANDLEREQUEST/REQUEST                23H.1 23H.1  ----- -----
  +--> ?PR?REQUEST
  +--> ?PR?HANDLEGETDESCRIPTOR?REQUEST
  +--> ?PR?HANDLEGETINTERFACE?REQUEST
  +--> ?PR?HANDLESETINTERFACE?REQUEST
  +--> ?PR?HANDLESETCONFIGURATION?REQUEST
  +--> ?PR?HANDLEGETCONFIGURATION?REQUEST

HANDLEGETDESCRIPTOR/REQUEST          ----- -----  ----- -----
  +--> ?PR?REQUEST
  +--> ?PR?_SETUSBCTRLDATA?USB
  +--> ?PR?_GETSTRINGDSCR?REQUEST

_GETSTRINGDSCR/REQUEST               ----- -----  ----- -----
  +--> ?CO?REQUEST?1
  +--> ?PR?REQUEST

?CO?REQUEST?1                        ----- -----  ----- -----

HANDLEGETINTERFACE/REQUEST           ----- -----  ----- -----
  +--> ?PR?REQUEST
  +--> ?PR?_SETUSBCTRLDATA?USB

HANDLESETINTERFACE/REQUEST           ----- -----  ----- -----
  +--> ?PR?REQUEST
  +--> ?PR?_SETUSBCTRLDATA?USB

HANDLESETCONFIGURATION/REQUEST       ----- -----  ----- -----
  +--> ?PR?_PERI_WRITEBYTE?PERIPHERAL
  +--> ?PR?REQUEST
  +--> ?PR?_SETUSBCTRLDATA?USB

HANDLEGETCONFIGURATION/REQUEST       ----- -----  ----- -----
  +--> ?PR?_SETUSBCTRLDATA?USB

HANDLEUSBRESET/DEVICE                ----- -----  ----- -----
  +--> ?PR?_PERI_READBYTE?PERIPHERAL
  +--> ?CO?DEVICE
  +--> ?PR?_REGISTERUSBDEVICE?REQUEST
  +--> ?PR?HIDINIT?HID

HIDINIT/HID                          ----- -----  ----- -----

HANDLEUSBRESUME/DEVICE               ----- -----  ----- -----
  +--> ?PR?_PERI_WRITEBYTE?PERIPHERAL
  +--> ?PR?AUDIOINIT?AUDIO

HANDLEUSBSUSPEND/DEVICE              ----- -----  ----- -----
  +--> ?PR?AUDIOSTOP?AUDIO
  +--> ?PR?_PERI_WRITEBYTE?PERIPHERAL

AUDIOSTOP/AUDIO                      ----- -----  ----- -----
LX51 LINKER/LOCATER V4.41                                                             04/14/2017  15:09:34  PAGE 15


  +--> ?PR?PLAYMULTICHSTOP?AUDIO
  +--> ?PR?PLAYSPDIFSTOP?AUDIO
  +--> ?PR?PLAYTWOCHSTOP?AUDIO
  +--> ?PR?RECMULTICHSTOP?AUDIO
  +--> ?PR?RECTWOCHSTOP?AUDIO
  +--> ?PR?RECSPDIFSTOP?AUDIO
  +--> ?PR?PLAYBACKRESETREF?AUDIO

HANDLEINT4COMPLETE/DEVICE            ----- -----  ----- -----

HANDLEINT15COMPLETE/DEVICE           ----- -----  ----- -----

AUDIOPROCESS/AUDIO                   ----- -----  ----- -----
  +--> ?PR?HANDLEISOFEEDBACK?AUDIO
  +--> ?PR?HANDLESPDIFIN?AUDIO
  +--> ?PR?_PERI_READBYTE?PERIPHERAL
  +--> ?PR?_PERI_WRITEBYTE?PERIPHERAL

HANDLEISOFEEDBACK/AUDIO              ----- -----  ----- -----
  +--> ?PR?_PERI_READWORD?PERIPHERAL
  +--> ?PR?AUDIO
  +--> ?PR?_PERI_READBYTE?PERIPHERAL

_PERI_READWORD/PERIPHERAL            ----- -----  ----- -----
  +--> ?PR?PERIPHERAL

HANDLESPDIFIN/AUDIO                  ----- -----  ----- -----
  +--> ?PR?_PERI_READBYTE?PERIPHERAL
  +--> ?PR?GETSPDIFINSAMPLINGRATE?AUDIO
  +--> ?CO?AUDIO
  +--> ?PR?_SENDINT15DATA?USB
  +--> ?PR?_PERI_WRITEBYTE?PERIPHERAL
  +--> ?PR?_GETDMAFREQ?AUDIO

GETSPDIFINSAMPLINGRATE/AUDIO         ----- -----  ----- -----
  +--> ?PR?_PERI_READBYTE?PERIPHERAL

_SENDINT15DATA/USB                   ----- -----  0046H 0049H
  +--> ?PR?USB
  +--> ?PR?_PERI_WRITEBYTE?PERIPHERAL

?C_INITSEG                           ----- -----  ----- -----



PUBLIC SYMBOLS OF MODULE:  6632A-0413 (AUDIO)


      VALUE       CLASS    TYPE      PUBLIC SYMBOL NAME
      =================================================
      00000047H   DATA     BYTE      ?_I2cMasterRead?BYTE
      0000004CH   DATA     BYTE      ?_I2cMasterWrite?BYTE
      00000023H.2 BIT      BIT       ?_SetCurrentBoost?BIT
      00000023H.2 BIT      BIT       ?_SetCurrentMute?BIT
      010040C4H   CODE     ---       ?C?CCASE
      01003FCCH   CODE     ---       ?C?CLDOPTR
      01003FB3H   CODE     ---       ?C?CLDPTR
      00000000H   NUMBER   ---       ?C?CODESEG
      0100400BH   CODE     ---       ?C?CSTOPTR
      01003FF9H   CODE     ---       ?C?CSTPTR
      010040EAH   CODE     ---       ?C?ICALL
      010040EEH   CODE     ---       ?C?ICALL2
      0100402DH   CODE     ---       ?C?IMUL
      0100410BH   CODE     ---       ?C?PLDCODE
      010040F0H   CODE     ---       ?C?PLDIDATA
LX51 LINKER/LOCATER V4.41                                                             04/14/2017  15:09:34  PAGE 16


      01004094H   CODE     ---       ?C?PLDOPTR
      01004102H   CODE     ---       ?C?PLDPDATA
      010040F9H   CODE     ---       ?C?PLDXDATA
      0100403FH   CODE     ---       ?C?UIDIV
      00000000H   NUMBER   ---       ?C?XDATASEG
      010053F1H   CODE     ---       ?C_START
      01002028H   CODE     ---       ?C_STARTUP
      00000023H.1 BIT      BIT       ?HandleRequest?BIT
      00000023H.1 BIT      BIT       ?SetRecordMute?BIT
      010063E4H   CODE     ---       _ControlByteToFreq
      01006830H   CODE     ---       _FlashRead
      0100676BH   CODE     ---       _GetCurrentBoost
      0100677AH   CODE     ---       _GetCurrentMute
      010067C3H   CODE     ---       _GetCurrentVol
      0100603DH   CODE     ---       _GetDmaFreq
      01005436H   CODE     ---       _I2cMasterRead
      010055A7H   CODE     ---       _I2cMasterWrite
      010067E7H   CODE     ---       _PERI_ReadByte
      01006700H   CODE     ---       _PERI_ReadWord
      01006650H   CODE     ---       _PERI_WriteByte
      0100675BH   CODE     ---       _PERI_WriteWord
      01003695H   CODE     ---       _PlayMultiChStart
      01004639H   CODE     ---       _PlaySpdifStart
      01004265H   CODE     ---       _PlayTwoChStart
      01006688H   CODE     ---       _PutIntoTxQueue
      01003C8EH   CODE     ---       _RecMultiChStart
      010043AFH   CODE     ---       _RecSpdifStart
      01004117H   CODE     ---       _RecTwoChStart
      01006335H   CODE     ---       _RegisterUsbDevice
      01005335H   CODE     ---       _SendHdaCommand
      01006302H   CODE     ---       _SendInt15Data
      010062CFH   CODE     ---       _SendInt4Data
      01006120H   CODE     ---       _SetCurrentBoost
      0100474AH   CODE     ---       _SetCurrentMute
      01005BF1H   CODE     ---       _SetCurrentVol
      010054B2H   CODE     ---       _SetDmaFreq
      01006814H   CODE     ---       _SetUsbCtrlData
      0100650CH   CODE     ---       _SpiReadByte
      0100661AH   CODE     ---       _SpiWriteByte
      01002903H   CODE     ---       Audio10DeviceDscr
      01002915H   CODE     ---       Audio10DeviceQualDscr
      01002DA0H   CODE     ---       Audio10FullSpeedConfigDscr
      0100291FH   CODE     ---       Audio10HighSpeedConfigDscr
      0100203AH   CODE     ---       Audio20DeviceDscr
      0100204CH   CODE     ---       Audio20DeviceQualDscr
      010025ECH   CODE     ---       Audio20FullSpeedConfigDscr
      01002056H   CODE     ---       Audio20HighSpeedConfigDscr
      0100485AH   CODE     ---       AudioInit
      0100629CH   CODE     ---       AudioProcess
      0100665EH   CODE     ---       AudioStop
      02000024H   XDATA    BYTE      BULK_CTRL_1
      02000025H   XDATA    BYTE      BULK_CTRL_2
      02000026H   XDATA    BYTE      BULK_CTRL_3
      0200002CH   XDATA    ---       BULK_IN_DATA
      02000028H   XDATA    ---       BULK_OUT_DATA
      02000013H   XDATA    ---       CONTROL_IN_DATA
      0200000BH   XDATA    ---       CONTROL_OUT_DATA
      0100640CH   CODE     ---       FreqToControlByte
      000000C7H   IDATA    BYTE      g_AltHeadphone
      000000ACH   IDATA    BYTE      g_AltLineIn
      000000AEH   IDATA    BYTE      g_AltMicIn
      000000A4H   IDATA    BYTE      g_AltSpdifIn
      000000A5H   IDATA    BYTE      g_AltSpdifOut
      000000ADH   IDATA    BYTE      g_AltSpeaker
      01006C24H   CONST    ---       g_Audio10InterfaceAudioCtrl
LX51 LINKER/LOCATER V4.41                                                             04/14/2017  15:09:34  PAGE 17


      01006C60H   CONST    ---       g_Audio10InterfaceHeadphone
      01006C74H   CONST    ---       g_Audio10InterfaceLineIn
      01006C88H   CONST    ---       g_Audio10InterfaceMicIn
      01006C9CH   CONST    ---       g_Audio10InterfaceSpdifIn
      01006C4CH   CONST    ---       g_Audio10InterfaceSpdifOut
      01006C38H   CONST    ---       g_Audio10InterfaceSpeaker
      0100687FH   CONST    ---       g_Audio20InterfaceAudioCtrl
      010068BBH   CONST    ---       g_Audio20InterfaceHeadphone
      010068CFH   CONST    ---       g_Audio20InterfaceLineIn
      010068E3H   CONST    ---       g_Audio20InterfaceMicIn
      010068F7H   CONST    ---       g_Audio20InterfaceSpdifIn
      010068A7H   CONST    ---       g_Audio20InterfaceSpdifOut
      01006893H   CONST    ---       g_Audio20InterfaceSpeaker
      01006AEAH   CONST    ---       g_BoostTable
      000000C8H   IDATA    ---       g_Buffer16Bytes
      00000020H.0 BIT      BIT       g_BulkOutRequest
      01001010H   CODE     ---       g_ConfigString
      01001000H   CODE     ---       g_ConfigTable
      00000023H.4 BIT      BIT       g_ConfigTableValid
      00000020H.5 BIT      BIT       g_GpioRequest
      00000021H.1 BIT      BIT       g_GpiRequest
      00000020H.3 BIT      BIT       g_HdaRequest
      00000020H.1 BIT      BIT       g_I2cMasterRequest
      00000020H.2 BIT      BIT       g_I2cSlaveRequest
      0000005BH   DATA     BYTE      g_Index
      000000DBH   IDATA    ---       g_InputReport
      01006DE4H   CONST    ---       g_InterfaceHid
      01006D88H   CONST    ---       g_InterfaceMidiCtrl
      01006D9CH   CONST    ---       g_InterfaceMidiStream
      00000021H.4 BIT      BIT       g_Interrupt15InComplete
      00000020H.4 BIT      BIT       g_Interrupt4InComplete
      00000022H.0 BIT      BIT       g_IsAudioClass20
      01006AE5H   CONST    ---       g_MuteTable
      00000011H   DATA     INT       g_PlayMode
      00000054H   DATA     ---       g_Pointer
      00000022H.3 BIT      BIT       g_ReplaceOtherSpeed
      00000022H.6 BIT      BIT       g_ReplaceVidPid
      00000020H.7 BIT      BIT       g_SelfPowerRequest
      00000021H.2 BIT      BIT       g_SpdifInRequest
      00000021H.7 BIT      BIT       g_SpdifLockStatus
      0000009FH   IDATA    BYTE      g_SpdifRateStatus
      00000052H   DATA     BYTE      g_TempByte1
      00000053H   DATA     BYTE      g_TempByte2
      00000057H   DATA     WORD      g_TempWord1
      00000059H   DATA     WORD      g_TempWord2
      0000005CH   DATA     BYTE      g_Tick10ms
      0000005EH   DATA     BYTE      g_Tick500ms
      0000005DH   DATA     BYTE      g_Tick500ms_Switch
      000000FEH   IDATA    BYTE      g_UsbConfiguration
      00000024H   DATA     ---       g_UsbCtrlData
      00000044H   DATA     WORD      g_UsbCtrlLength
      00000022H.4 BIT      BIT       g_UsbIsActive
      00000022H.5 BIT      BIT       g_UsbIsHighSpeed
      0000003CH   DATA     ---       g_UsbRequest
      00000021H.3 BIT      BIT       g_UsbResetRequest
      00000021H.0 BIT      BIT       g_UsbResumeRequest
      00000020H.6 BIT      BIT       g_UsbSuspendRequest
      01006A61H   CONST    ---       g_VolumeTable
      010066D9H   CODE     ---       GetFromRxQueue
      01006433H   CODE     ---       HandleGpi
      0100681FH   CODE     ---       HandleGpio
      01006838H   CODE     ---       HandleInt15Complete
      01002006H   CODE     ---       HandleInt4Complete
      01003303H   CODE     ---       HandleIsoFeedback
      01003ABCH   CODE     ---       HandleRequest
LX51 LINKER/LOCATER V4.41                                                             04/14/2017  15:09:34  PAGE 18


      01006233H   CODE     ---       HandleUsbReset
      01006725H   CODE     ---       HandleUsbResume
      01006737H   CODE     ---       HandleUsbSuspend
      010028F3H   CODE     ---       HIDDSCR
      010061C5H   CODE     ---       HidInit
      010032D1H   CODE     ---       HIDREPORTDSCR
      010028FAH   CODE     ---       HIDREPORTDSCRLEN
      02000023H   XDATA    BYTE      INTERRUPT_CLEAR_H
      02000022H   XDATA    BYTE      INTERRUPT_CLEAR_L
      02000021H   XDATA    BYTE      INTERRUPT_STATUS_H
      02000020H   XDATA    BYTE      INTERRUPT_STATUS_L
      01005827H   CODE     ---       main
      0200000AH   XDATA    BYTE      MCU_EXIST_REPORT
      01006789H   CODE     ---       MidiInit
      01006268H   CODE     ---       MidiProcess
      02000030H   XDATA    ---       MULTI_CH_FEEDBACK_DATA
      02000040H   XDATA    ---       MULTI_CH_PLAYBACK_COUNT
      02000005H   XDATA    BYTE      PERI_DATA_R_H
      02000004H   XDATA    BYTE      PERI_DATA_R_L
      02000003H   XDATA    BYTE      PERI_DATA_W_H
      02000002H   XDATA    BYTE      PERI_DATA_W_L
      02000027H   XDATA    BYTE      PERI_DEST_ADDR_H
      02000000H   XDATA    BYTE      PERI_DEST_ADDR_L
      02000001H   XDATA    BYTE      PERI_HANDSHAKE
      01006565H   CODE     ---       PlayMultiChStop
      01006365H   CODE     ---       PlaySpdifStop
      01006580H   CODE     ---       PlayTwoChStop
      010066B1H   CODE     ---       RecMultiChStop
      01006549H   CODE     ---       RecSpdifStop
      010066C5H   CODE     ---       RecTwoChStop
      01006809H   CODE     ---       RxQueueIsEmpty
      010067B5H   CODE     ---       SendInputReport
      0100568DH   CODE     ---       SetRecordMute
      02000034H   XDATA    ---       SPDIF_FEEDBACK_DATA
      02000042H   XDATA    ---       SPDIF_PLAYBACK_COUNT
      0100311AH   CODE     ---       StringDscr
      02000038H   XDATA    ---       TWO_CH_FEEDBACK_DATA
      02000044H   XDATA    ---       TWO_CH_PLAYBACK_COUNT
      01002016H   CODE     ---       TxQueueIsFull
      010067DBH   CODE     ---       UartInit
      02000009H   XDATA    BYTE      USB_CONTROL_LEN_H
      02000008H   XDATA    BYTE      USB_CONTROL_LEN_L
      02000006H   XDATA    BYTE      USB_HANDSHAKE1
      02000007H   XDATA    BYTE      USB_HANDSHAKE2
      0200003CH   XDATA    BYTE      USB_HANDSHAKE3
      0200003DH   XDATA    BYTE      USB_HANDSHAKE4
      010065B6H   CODE     ---       UsbInit
      01005889H   CODE     ---       UsbProcess



SYMBOL TABLE OF MODULE:  6632A-0413 (AUDIO)

      VALUE       REP       CLASS    TYPE      SYMBOL NAME
      ====================================================
      ---         MODULE    ---      ---       AUDIO
      00000011H   PUBLIC    DATA     INT       g_PlayMode
      0000009FH   PUBLIC    IDATA    BYTE      g_SpdifRateStatus
      00000022H.0 PUBLIC    BIT      BIT       g_IsAudioClass20
      00000021H.7 PUBLIC    BIT      BIT       g_SpdifLockStatus
      01006AEAH   PUBLIC    CONST    ---       g_BoostTable
      01006AE5H   PUBLIC    CONST    ---       g_MuteTable
      01006A61H   PUBLIC    CONST    ---       g_VolumeTable
      0100665EH   PUBLIC    CODE     ---       AudioStop
      01006549H   PUBLIC    CODE     ---       RecSpdifStop
LX51 LINKER/LOCATER V4.41                                                             04/14/2017  15:09:34  PAGE 19


      010066C5H   PUBLIC    CODE     ---       RecTwoChStop
      010066B1H   PUBLIC    CODE     ---       RecMultiChStop
      01006580H   PUBLIC    CODE     ---       PlayTwoChStop
      01006365H   PUBLIC    CODE     ---       PlaySpdifStop
      01006565H   PUBLIC    CODE     ---       PlayMultiChStop
      010043AFH   PUBLIC    CODE     ---       _RecSpdifStart
      01004117H   PUBLIC    CODE     ---       _RecTwoChStart
      01003C8EH   PUBLIC    CODE     ---       _RecMultiChStart
      01004265H   PUBLIC    CODE     ---       _PlayTwoChStart
      01004639H   PUBLIC    CODE     ---       _PlaySpdifStart
      01003695H   PUBLIC    CODE     ---       _PlayMultiChStart
      00000023H.1 PUBLIC    BIT      BIT       ?SetRecordMute?BIT
      0100568DH   PUBLIC    CODE     ---       SetRecordMute
      01005BF1H   PUBLIC    CODE     ---       _SetCurrentVol
      00000023H.2 PUBLIC    BIT      BIT       ?_SetCurrentMute?BIT
      0100474AH   PUBLIC    CODE     ---       _SetCurrentMute
      00000023H.2 PUBLIC    BIT      BIT       ?_SetCurrentBoost?BIT
      01006120H   PUBLIC    CODE     ---       _SetCurrentBoost
      0100677AH   PUBLIC    CODE     ---       _GetCurrentMute
      0100676BH   PUBLIC    CODE     ---       _GetCurrentBoost
      010067C3H   PUBLIC    CODE     ---       _GetCurrentVol
      0100629CH   PUBLIC    CODE     ---       AudioProcess
      01003303H   PUBLIC    CODE     ---       HandleIsoFeedback
      0100485AH   PUBLIC    CODE     ---       AudioInit
      010054B2H   PUBLIC    CODE     ---       _SetDmaFreq
      0100603DH   PUBLIC    CODE     ---       _GetDmaFreq
      0100640CH   PUBLIC    CODE     ---       FreqToControlByte
      010063E4H   PUBLIC    CODE     ---       _ControlByteToFreq

      010038D7H   BLOCK     CODE     ---       LVL=0
      ---         BLOCKEND  ---      ---       LVL=0

      010063E4H   BLOCK     CODE     ---       LVL=0
      010063E4H   BLOCK     CODE     NEAR LAB  LVL=1
      00000006H   SYMBOL    DATA     VOID      index
      ---         BLOCKEND  ---      ---       LVL=1
      ---         BLOCKEND  ---      ---       LVL=0

      0100640CH   BLOCK     CODE     ---       LVL=0
      0100640CH   BLOCK     CODE     NEAR LAB  LVL=1
      00000007H   SYMBOL    DATA     VOID      index
      ---         BLOCKEND  ---      ---       LVL=1
      ---         BLOCKEND  ---      ---       LVL=0

      0100603DH   BLOCK     CODE     ---       LVL=0
      ---         BLOCKEND  ---      ---       LVL=0

      010054B2H   BLOCK     CODE     ---       LVL=0
      ---         BLOCKEND  ---      ---       LVL=0

      01006480H   BLOCK     CODE     ---       LVL=0
      ---         BLOCKEND  ---      ---       LVL=0

      0100669DH   BLOCK     CODE     ---       LVL=0
      ---         BLOCKEND  ---      ---       LVL=0

      010067A7H   BLOCK     CODE     ---       LVL=0
      ---         BLOCKEND  ---      ---       LVL=0

      010064A5H   BLOCK     CODE     ---       LVL=0
      ---         BLOCKEND  ---      ---       LVL=0

      01005F89H   BLOCK     CODE     ---       LVL=0
      ---         BLOCKEND  ---      ---       LVL=0

LX51 LINKER/LOCATER V4.41                                                             04/14/2017  15:09:34  PAGE 20


      01005070H   BLOCK     CODE     ---       LVL=0
      01005070H   BLOCK     CODE     NEAR LAB  LVL=1
      01006BDCH   SYMBOL    CONST    VOID      s_ClockRateChangeNotify
      01006BE2H   SYMBOL    CONST    VOID      s_ClockValidChangeNotify
      ---         BLOCKEND  ---      ---       LVL=1
      ---         BLOCKEND  ---      ---       LVL=0

      01006713H   BLOCK     CODE     ---       LVL=0
      ---         BLOCKEND  ---      ---       LVL=0

      01004FD0H   BLOCK     CODE     ---       LVL=0
      ---         BLOCKEND  ---      ---       LVL=0

      0100485AH   BLOCK     CODE     ---       LVL=0
      ---         BLOCKEND  ---      ---       LVL=0

      01003303H   BLOCK     CODE     ---       LVL=0
      ---         BLOCKEND  ---      ---       LVL=0

      0100629CH   BLOCK     CODE     ---       LVL=0
      ---         BLOCKEND  ---      ---       LVL=0

      010065EAH   BLOCK     CODE     ---       LVL=0
      010065EAH   BLOCK     CODE     NEAR LAB  LVL=1
      00000006H   SYMBOL    DATA     VOID      sword
      ---         BLOCKEND  ---      ---       LVL=1
      ---         BLOCKEND  ---      ---       LVL=0

      010064C9H   BLOCK     CODE     ---       LVL=0
      010064C9H   BLOCK     CODE     NEAR LAB  LVL=1
      00000006H   SYMBOL    DATA     VOID      sword
      ---         BLOCKEND  ---      ---       LVL=1
      ---         BLOCKEND  ---      ---       LVL=0

      010064EDH   BLOCK     CODE     ---       LVL=0
      ---         BLOCKEND  ---      ---       LVL=0

      010067C3H   BLOCK     CODE     ---       LVL=0
      ---         BLOCKEND  ---      ---       LVL=0

      0100676BH   BLOCK     CODE     ---       LVL=0
      ---         BLOCKEND  ---      ---       LVL=0

      0100677AH   BLOCK     CODE     ---       LVL=0
      ---         BLOCKEND  ---      ---       LVL=0

      01006120H   BLOCK     CODE     ---       LVL=0
      ---         BLOCKEND  ---      ---       LVL=0

      0100474AH   BLOCK     CODE     ---       LVL=0
      ---         BLOCKEND  ---      ---       LVL=0

      01005BF1H   BLOCK     CODE     ---       LVL=0
      ---         BLOCKEND  ---      ---       LVL=0

      0100568DH   BLOCK     CODE     ---       LVL=0
      ---         BLOCKEND  ---      ---       LVL=0

      01003695H   BLOCK     CODE     ---       LVL=0
      ---         BLOCKEND  ---      ---       LVL=0

      01004639H   BLOCK     CODE     ---       LVL=0
      ---         BLOCKEND  ---      ---       LVL=0

      01004265H   BLOCK     CODE     ---       LVL=0
LX51 LINKER/LOCATER V4.41                                                             04/14/2017  15:09:34  PAGE 21


      ---         BLOCKEND  ---      ---       LVL=0

      01003C8EH   BLOCK     CODE     ---       LVL=0
      ---         BLOCKEND  ---      ---       LVL=0

      01004117H   BLOCK     CODE     ---       LVL=0
      ---         BLOCKEND  ---      ---       LVL=0

      010043AFH   BLOCK     CODE     ---       LVL=0
      ---         BLOCKEND  ---      ---       LVL=0

      01006565H   BLOCK     CODE     ---       LVL=0
      ---         BLOCKEND  ---      ---       LVL=0

      01006365H   BLOCK     CODE     ---       LVL=0
      ---         BLOCKEND  ---      ---       LVL=0

      01006580H   BLOCK     CODE     ---       LVL=0
      ---         BLOCKEND  ---      ---       LVL=0

      010066B1H   BLOCK     CODE     ---       LVL=0
      ---         BLOCKEND  ---      ---       LVL=0

      010066C5H   BLOCK     CODE     ---       LVL=0
      ---         BLOCKEND  ---      ---       LVL=0

      01006549H   BLOCK     CODE     ---       LVL=0
      ---         BLOCKEND  ---      ---       LVL=0

      0100665EH   BLOCK     CODE     ---       LVL=0
      ---         BLOCKEND  ---      ---       LVL=0

      ---         MODULE    ---      ---       AUDIO10
      01006C9CH   PUBLIC    CONST    ---       g_Audio10InterfaceSpdifIn
      01006C88H   PUBLIC    CONST    ---       g_Audio10InterfaceMicIn
      01006C74H   PUBLIC    CONST    ---       g_Audio10InterfaceLineIn
      01006C60H   PUBLIC    CONST    ---       g_Audio10InterfaceHeadphone
      01006C4CH   PUBLIC    CONST    ---       g_Audio10InterfaceSpdifOut
      01006C38H   PUBLIC    CONST    ---       g_Audio10InterfaceSpeaker
      01006C24H   PUBLIC    CONST    ---       g_Audio10InterfaceAudioCtrl

      01006632H   BLOCK     CODE     ---       LVL=0
      ---         BLOCKEND  ---      ---       LVL=0

      01005620H   BLOCK     CODE     ---       LVL=0
      ---         BLOCKEND  ---      ---       LVL=0

      01004DC8H   BLOCK     CODE     ---       LVL=0
      ---         BLOCKEND  ---      ---       LVL=0

      01005A5FH   BLOCK     CODE     ---       LVL=0
      ---         BLOCKEND  ---      ---       LVL=0

      01006390H   BLOCK     CODE     ---       LVL=0
      ---         BLOCKEND  ---      ---       LVL=0

      010063BAH   BLOCK     CODE     ---       LVL=0
      ---         BLOCKEND  ---      ---       LVL=0

      01005F0AH   BLOCK     CODE     ---       LVL=0
      ---         BLOCKEND  ---      ---       LVL=0

      0100659BH   BLOCK     CODE     ---       LVL=0
      ---         BLOCKEND  ---      ---       LVL=0

LX51 LINKER/LOCATER V4.41                                                             04/14/2017  15:09:34  PAGE 22


      010066EDH   BLOCK     CODE     ---       LVL=0
      ---         BLOCKEND  ---      ---       LVL=0

      01006673H   BLOCK     CODE     ---       LVL=0
      ---         BLOCKEND  ---      ---       LVL=0

      010067F3H   BLOCK     CODE     ---       LVL=0
      ---         BLOCKEND  ---      ---       LVL=0

      010067FEH   BLOCK     CODE     ---       LVL=0
      ---         BLOCKEND  ---      ---       LVL=0

      01005DFCH   BLOCK     CODE     ---       LVL=0
      ---         BLOCKEND  ---      ---       LVL=0

      01005FC5H   BLOCK     CODE     ---       LVL=0
      ---         BLOCKEND  ---      ---       LVL=0

      01004D11H   BLOCK     CODE     ---       LVL=0
      ---         BLOCKEND  ---      ---       LVL=0

      ---         MODULE    ---      ---       AUDIO20
      000000C7H   PUBLIC    IDATA    BYTE      g_AltHeadphone
      000000AEH   PUBLIC    IDATA    BYTE      g_AltMicIn
      000000ADH   PUBLIC    IDATA    BYTE      g_AltSpeaker
      000000ACH   PUBLIC    IDATA    BYTE      g_AltLineIn
      000000A5H   PUBLIC    IDATA    BYTE      g_AltSpdifOut
      000000A4H   PUBLIC    IDATA    BYTE      g_AltSpdifIn
      010068F7H   PUBLIC    CONST    ---       g_Audio20InterfaceSpdifIn
      010068E3H   PUBLIC    CONST    ---       g_Audio20InterfaceMicIn
      010068CFH   PUBLIC    CONST    ---       g_Audio20InterfaceLineIn
      010068BBH   PUBLIC    CONST    ---       g_Audio20InterfaceHeadphone
      010068A7H   PUBLIC    CONST    ---       g_Audio20InterfaceSpdifOut
      01006893H   PUBLIC    CONST    ---       g_Audio20InterfaceSpeaker
      0100687FH   PUBLIC    CONST    ---       g_Audio20InterfaceAudioCtrl

      01004ADEH   BLOCK     CODE     ---       LVL=0
      ---         BLOCKEND  ---      ---       LVL=0

      010056F4H   BLOCK     CODE     ---       LVL=0
      ---         BLOCKEND  ---      ---       LVL=0

      01004A18H   BLOCK     CODE     ---       LVL=0
      ---         BLOCKEND  ---      ---       LVL=0

      01005AB1H   BLOCK     CODE     ---       LVL=0
      ---         BLOCKEND  ---      ---       LVL=0

      01005D2BH   BLOCK     CODE     ---       LVL=0
      ---         BLOCKEND  ---      ---       LVL=0

      010052B1H   BLOCK     CODE     ---       LVL=0
      ---         BLOCKEND  ---      ---       LVL=0

      01005D72H   BLOCK     CODE     ---       LVL=0
      ---         BLOCKEND  ---      ---       LVL=0

      010044F5H   BLOCK     CODE     ---       LVL=0
      ---         BLOCKEND  ---      ---       LVL=0

      01004F28H   BLOCK     CODE     ---       LVL=0
      ---         BLOCKEND  ---      ---       LVL=0

      0100594CH   BLOCK     CODE     ---       LVL=0
      ---         BLOCKEND  ---      ---       LVL=0
LX51 LINKER/LOCATER V4.41                                                             04/14/2017  15:09:34  PAGE 23



      010059ABH   BLOCK     CODE     ---       LVL=0
      ---         BLOCKEND  ---      ---       LVL=0

      01005DB7H   BLOCK     CODE     ---       LVL=0
      ---         BLOCKEND  ---      ---       LVL=0

      01005E84H   BLOCK     CODE     ---       LVL=0
      ---         BLOCKEND  ---      ---       LVL=0

      01005EC7H   BLOCK     CODE     ---       LVL=0
      ---         BLOCKEND  ---      ---       LVL=0

      010058EBH   BLOCK     CODE     ---       LVL=0
      ---         BLOCKEND  ---      ---       LVL=0

      010060E8H   BLOCK     CODE     ---       LVL=0
      ---         BLOCKEND  ---      ---       LVL=0

      01005109H   BLOCK     CODE     ---       LVL=0
      ---         BLOCKEND  ---      ---       LVL=0

      01004E7BH   BLOCK     CODE     ---       LVL=0
      ---         BLOCKEND  ---      ---       LVL=0

      01002011H   BLOCK     CODE     ---       LVL=0
      ---         BLOCKEND  ---      ---       LVL=0

      ---         MODULE    ---      ---       DEVICE
      01005827H   PUBLIC    CODE     ---       main
      01006838H   PUBLIC    CODE     ---       HandleInt15Complete
      01002006H   PUBLIC    CODE     ---       HandleInt4Complete
      01006737H   PUBLIC    CODE     ---       HandleUsbSuspend
      01006725H   PUBLIC    CODE     ---       HandleUsbResume
      01006233H   PUBLIC    CODE     ---       HandleUsbReset
      01006433H   PUBLIC    CODE     ---       HandleGpi
      0100681FH   PUBLIC    CODE     ---       HandleGpio

      01006076H   BLOCK     CODE     ---       LVL=0
      ---         BLOCKEND  ---      ---       LVL=0

      0100681FH   BLOCK     CODE     ---       LVL=0
      ---         BLOCKEND  ---      ---       LVL=0

      01006433H   BLOCK     CODE     ---       LVL=0
      ---         BLOCKEND  ---      ---       LVL=0

      01006233H   BLOCK     CODE     ---       LVL=0
      ---         BLOCKEND  ---      ---       LVL=0

      01006725H   BLOCK     CODE     ---       LVL=0
      ---         BLOCKEND  ---      ---       LVL=0

      01006737H   BLOCK     CODE     ---       LVL=0
      ---         BLOCKEND  ---      ---       LVL=0

      01002006H   BLOCK     CODE     ---       LVL=0
      ---         BLOCKEND  ---      ---       LVL=0

      01006838H   BLOCK     CODE     ---       LVL=0
      ---         BLOCKEND  ---      ---       LVL=0

      010067CFH   BLOCK     CODE     ---       LVL=0
      ---         BLOCKEND  ---      ---       LVL=0

LX51 LINKER/LOCATER V4.41                                                             04/14/2017  15:09:34  PAGE 24


      01006749H   BLOCK     CODE     ---       LVL=0
      ---         BLOCKEND  ---      ---       LVL=0

      0100519BH   BLOCK     CODE     ---       LVL=0
      ---         BLOCKEND  ---      ---       LVL=0

      0100575BH   BLOCK     CODE     ---       LVL=0
      ---         BLOCKEND  ---      ---       LVL=0

      01005B01H   BLOCK     CODE     ---       LVL=0
      ---         BLOCKEND  ---      ---       LVL=0

      01006157H   BLOCK     CODE     ---       LVL=0
      ---         BLOCKEND  ---      ---       LVL=0

      01005827H   BLOCK     CODE     ---       LVL=0
      ---         BLOCKEND  ---      ---       LVL=0

      ---         MODULE    ---      ---       ?C_STARTUP
      01002028H   PUBLIC    CODE     ---       ?C_STARTUP

      ---         MODULE    ---      ---       DSCR
      01002903H   PUBLIC    CODE     ---       AUDIO10DEVICEDSCR
      01002915H   PUBLIC    CODE     ---       AUDIO10DEVICEQUALDSCR
      01002DA0H   PUBLIC    CODE     ---       AUDIO10FULLSPEEDCONFIGDSCR
      0100291FH   PUBLIC    CODE     ---       AUDIO10HIGHSPEEDCONFIGDSCR
      0100203AH   PUBLIC    CODE     ---       AUDIO20DEVICEDSCR
      0100204CH   PUBLIC    CODE     ---       AUDIO20DEVICEQUALDSCR
      010025ECH   PUBLIC    CODE     ---       AUDIO20FULLSPEEDCONFIGDSCR
      01002056H   PUBLIC    CODE     ---       AUDIO20HIGHSPEEDCONFIGDSCR
      010028F3H   PUBLIC    CODE     ---       HIDDSCR
      010032D1H   PUBLIC    CODE     ---       HIDREPORTDSCR
      010028FAH   PUBLIC    CODE     ---       HIDREPORTDSCRLEN
      0100311AH   PUBLIC    CODE     ---       STRINGDSCR

      ---         MODULE    ---      ---       TIMER
      0000005EH   PUBLIC    DATA     BYTE      g_Tick500ms
      0000005DH   PUBLIC    DATA     BYTE      g_Tick500ms_Switch
      0000005CH   PUBLIC    DATA     BYTE      g_Tick10ms

      01006602H   BLOCK     CODE     ---       LVL=0
      ---         BLOCKEND  ---      ---       LVL=0

      ---         MODULE    ---      ---       UART
      01006688H   PUBLIC    CODE     ---       _PutIntoTxQueue
      010066D9H   PUBLIC    CODE     ---       GetFromRxQueue
      01006809H   PUBLIC    CODE     ---       RxQueueIsEmpty
      01002016H   PUBLIC    CODE     ---       TxQueueIsFull
      010067DBH   PUBLIC    CODE     ---       UartInit

      01005C8FH   BLOCK     CODE     ---       LVL=0
      ---         BLOCKEND  ---      ---       LVL=0

      010067DBH   BLOCK     CODE     ---       LVL=0
      ---         BLOCKEND  ---      ---       LVL=0

      01002016H   BLOCK     CODE     ---       LVL=0
      ---         BLOCKEND  ---      ---       LVL=0

      01006809H   BLOCK     CODE     ---       LVL=0
      ---         BLOCKEND  ---      ---       LVL=0

      010066D9H   BLOCK     CODE     ---       LVL=0
      ---         BLOCKEND  ---      ---       LVL=0

LX51 LINKER/LOCATER V4.41                                                             04/14/2017  15:09:34  PAGE 25


      01006688H   BLOCK     CODE     ---       LVL=0
      ---         BLOCKEND  ---      ---       LVL=0

      ---         MODULE    ---      ---       MIDI
      01006D9CH   PUBLIC    CONST    ---       g_InterfaceMidiStream
      01006D88H   PUBLIC    CONST    ---       g_InterfaceMidiCtrl
      01006268H   PUBLIC    CODE     ---       MidiProcess
      01006789H   PUBLIC    CODE     ---       MidiInit

      01006828H   BLOCK     CODE     ---       LVL=0
      ---         BLOCKEND  ---      ---       LVL=0

      010065D1H   BLOCK     CODE     ---       LVL=0
      ---         BLOCKEND  ---      ---       LVL=0

      01006001H   BLOCK     CODE     ---       LVL=0
      ---         BLOCKEND  ---      ---       LVL=0

      01005B51H   BLOCK     CODE     ---       LVL=0
      ---         BLOCKEND  ---      ---       LVL=0

      0100652BH   BLOCK     CODE     ---       LVL=0
      ---         BLOCKEND  ---      ---       LVL=0

      01005A05H   BLOCK     CODE     ---       LVL=0
      ---         BLOCKEND  ---      ---       LVL=0

      0100618EH   BLOCK     CODE     ---       LVL=0
      ---         BLOCKEND  ---      ---       LVL=0

      01006789H   BLOCK     CODE     ---       LVL=0
      ---         BLOCKEND  ---      ---       LVL=0

      01006268H   BLOCK     CODE     ---       LVL=0
      ---         BLOCKEND  ---      ---       LVL=0

      ---         MODULE    ---      ---       HID
      000000DBH   PUBLIC    IDATA    ---       g_InputReport
      000000C8H   PUBLIC    IDATA    ---       g_Buffer16Bytes
      01006DE4H   PUBLIC    CONST    ---       g_InterfaceHid
      010067B5H   PUBLIC    CODE     ---       SendInputReport
      010061C5H   PUBLIC    CODE     ---       HidInit

      010061C5H   BLOCK     CODE     ---       LVL=0
      ---         BLOCKEND  ---      ---       LVL=0

      010060AFH   BLOCK     CODE     ---       LVL=0
      ---         BLOCKEND  ---      ---       LVL=0

      010067B5H   BLOCK     CODE     ---       LVL=0
      ---         BLOCKEND  ---      ---       LVL=0

      0100645AH   BLOCK     CODE     ---       LVL=0
      ---         BLOCKEND  ---      ---       LVL=0

      01005BA1H   BLOCK     CODE     ---       LVL=0
      ---         BLOCKEND  ---      ---       LVL=0

      0100552DH   BLOCK     CODE     ---       LVL=0
      ---         BLOCKEND  ---      ---       LVL=0

      ---         MODULE    ---      ---       USB
      00000044H   PUBLIC    DATA     WORD      g_UsbCtrlLength
      0000003CH   PUBLIC    DATA     ---       g_UsbRequest
      00000022H.6 PUBLIC    BIT      BIT       g_ReplaceVidPid
LX51 LINKER/LOCATER V4.41                                                             04/14/2017  15:09:34  PAGE 26


      00000022H.5 PUBLIC    BIT      BIT       g_UsbIsHighSpeed
      00000022H.4 PUBLIC    BIT      BIT       g_UsbIsActive
      00000024H   PUBLIC    DATA     ---       g_UsbCtrlData
      00000022H.3 PUBLIC    BIT      BIT       g_ReplaceOtherSpeed
      01006302H   PUBLIC    CODE     ---       _SendInt15Data
      010062CFH   PUBLIC    CODE     ---       _SendInt4Data
      01006814H   PUBLIC    CODE     ---       _SetUsbCtrlData
      01005889H   PUBLIC    CODE     ---       UsbProcess
      010065B6H   PUBLIC    CODE     ---       UsbInit

      01005E40H   BLOCK     CODE     ---       LVL=0
      ---         BLOCKEND  ---      ---       LVL=0

      0100200EH   BLOCK     CODE     ---       LVL=0
      ---         BLOCKEND  ---      ---       LVL=0

      01003E34H   BLOCK     CODE     ---       LVL=0
      ---         BLOCKEND  ---      ---       LVL=0

      010065B6H   BLOCK     CODE     ---       LVL=0
      ---         BLOCKEND  ---      ---       LVL=0

      01005889H   BLOCK     CODE     ---       LVL=0
      ---         BLOCKEND  ---      ---       LVL=0

      01006814H   BLOCK     CODE     ---       LVL=0
      ---         BLOCKEND  ---      ---       LVL=0

      010062CFH   BLOCK     CODE     ---       LVL=0
      ---         BLOCKEND  ---      ---       LVL=0

      01006302H   BLOCK     CODE     ---       LVL=0
      ---         BLOCKEND  ---      ---       LVL=0

      ---         MODULE    ---      ---       REQUEST
      000000FEH   PUBLIC    IDATA    BYTE      g_UsbConfiguration
      01001010H   PUBLIC    CODE     ---       g_ConfigString
      01001000H   PUBLIC    CODE     ---       g_ConfigTable
      00000023H.4 PUBLIC    BIT      BIT       g_ConfigTableValid
      00000023H.1 PUBLIC    BIT      BIT       ?HandleRequest?BIT
      01003ABCH   PUBLIC    CODE     ---       HandleRequest
      01006335H   PUBLIC    CODE     ---       _RegisterUsbDevice

      01004C59H   BLOCK     CODE     ---       LVL=0
      ---         BLOCKEND  ---      ---       LVL=0

      01005C40H   BLOCK     CODE     ---       LVL=0
      ---         BLOCKEND  ---      ---       LVL=0

      0100494BH   BLOCK     CODE     ---       LVL=0
      ---         BLOCKEND  ---      ---       LVL=0

      01005F4AH   BLOCK     CODE     ---       LVL=0
      ---         BLOCKEND  ---      ---       LVL=0

      01006798H   BLOCK     CODE     ---       LVL=0
      ---         BLOCKEND  ---      ---       LVL=0

      010057C2H   BLOCK     CODE     ---       LVL=0
      ---         BLOCKEND  ---      ---       LVL=0

      010061FCH   BLOCK     CODE     ---       LVL=0
      ---         BLOCKEND  ---      ---       LVL=0

      01006335H   BLOCK     CODE     ---       LVL=0
LX51 LINKER/LOCATER V4.41                                                             04/14/2017  15:09:34  PAGE 27


      ---         BLOCKEND  ---      ---       LVL=0

      01003ABCH   BLOCK     CODE     ---       LVL=0
      ---         BLOCKEND  ---      ---       LVL=0

      ---         MODULE    ---      ---       PERIPHERAL
      02000030H   PUBLIC    XDATA    ---       MULTI_CH_FEEDBACK_DATA
      02000044H   PUBLIC    XDATA    ---       TWO_CH_PLAYBACK_COUNT
      02000034H   PUBLIC    XDATA    ---       SPDIF_FEEDBACK_DATA
      0200000BH   PUBLIC    XDATA    ---       CONTROL_OUT_DATA
      00000021H.4 PUBLIC    BIT      BIT       g_Interrupt15InComplete
      02000000H   PUBLIC    XDATA    BYTE      PERI_DEST_ADDR_L
      02000038H   PUBLIC    XDATA    ---       TWO_CH_FEEDBACK_DATA
      02000027H   PUBLIC    XDATA    BYTE      PERI_DEST_ADDR_H
      00000021H.3 PUBLIC    BIT      BIT       g_UsbResetRequest
      00000021H.2 PUBLIC    BIT      BIT       g_SpdifInRequest
      02000008H   PUBLIC    XDATA    BYTE      USB_CONTROL_LEN_L
      02000026H   PUBLIC    XDATA    BYTE      BULK_CTRL_3
      02000009H   PUBLIC    XDATA    BYTE      USB_CONTROL_LEN_H
      02000025H   PUBLIC    XDATA    BYTE      BULK_CTRL_2
      02000024H   PUBLIC    XDATA    BYTE      BULK_CTRL_1
      00000021H.1 PUBLIC    BIT      BIT       g_GpiRequest
      00000021H.0 PUBLIC    BIT      BIT       g_UsbResumeRequest
      00000020H.7 PUBLIC    BIT      BIT       g_SelfPowerRequest
      00000020H.6 PUBLIC    BIT      BIT       g_UsbSuspendRequest
      02000022H   PUBLIC    XDATA    BYTE      INTERRUPT_CLEAR_L
      00000020H.5 PUBLIC    BIT      BIT       g_GpioRequest
      00000020H.4 PUBLIC    BIT      BIT       g_Interrupt4InComplete
      02000020H   PUBLIC    XDATA    BYTE      INTERRUPT_STATUS_L
      00000020H.3 PUBLIC    BIT      BIT       g_HdaRequest
      02000023H   PUBLIC    XDATA    BYTE      INTERRUPT_CLEAR_H
      0000005BH   PUBLIC    DATA     BYTE      g_Index
      02000021H   PUBLIC    XDATA    BYTE      INTERRUPT_STATUS_H
      00000059H   PUBLIC    DATA     WORD      g_TempWord2
      00000057H   PUBLIC    DATA     WORD      g_TempWord1
      00000054H   PUBLIC    DATA     ---       g_Pointer
      00000053H   PUBLIC    DATA     BYTE      g_TempByte2
      00000052H   PUBLIC    DATA     BYTE      g_TempByte1
      0200002CH   PUBLIC    XDATA    ---       BULK_IN_DATA
      02000001H   PUBLIC    XDATA    BYTE      PERI_HANDSHAKE
      02000013H   PUBLIC    XDATA    ---       CONTROL_IN_DATA
      0200000AH   PUBLIC    XDATA    BYTE      MCU_EXIST_REPORT
      00000020H.2 PUBLIC    BIT      BIT       g_I2cSlaveRequest
      02000002H   PUBLIC    XDATA    BYTE      PERI_DATA_W_L
      02000040H   PUBLIC    XDATA    ---       MULTI_CH_PLAYBACK_COUNT
      02000042H   PUBLIC    XDATA    ---       SPDIF_PLAYBACK_COUNT
      02000003H   PUBLIC    XDATA    BYTE      PERI_DATA_W_H
      02000004H   PUBLIC    XDATA    BYTE      PERI_DATA_R_L
      0200003DH   PUBLIC    XDATA    BYTE      USB_HANDSHAKE4
      0200003CH   PUBLIC    XDATA    BYTE      USB_HANDSHAKE3
      02000007H   PUBLIC    XDATA    BYTE      USB_HANDSHAKE2
      02000005H   PUBLIC    XDATA    BYTE      PERI_DATA_R_H
      02000006H   PUBLIC    XDATA    BYTE      USB_HANDSHAKE1
      00000020H.1 PUBLIC    BIT      BIT       g_I2cMasterRequest
      02000028H   PUBLIC    XDATA    ---       BULK_OUT_DATA
      00000020H.0 PUBLIC    BIT      BIT       g_BulkOutRequest
      01006830H   PUBLIC    CODE     ---       _FlashRead
      01005335H   PUBLIC    CODE     ---       _SendHdaCommand
      00000047H   PUBLIC    DATA     BYTE      ?_I2cMasterRead?BYTE
      01005436H   PUBLIC    CODE     ---       _I2cMasterRead
      0000004CH   PUBLIC    DATA     BYTE      ?_I2cMasterWrite?BYTE
      010055A7H   PUBLIC    CODE     ---       _I2cMasterWrite
      0100650CH   PUBLIC    CODE     ---       _SpiReadByte
      0100661AH   PUBLIC    CODE     ---       _SpiWriteByte
      01006700H   PUBLIC    CODE     ---       _PERI_ReadWord
LX51 LINKER/LOCATER V4.41                                                             04/14/2017  15:09:34  PAGE 28


      010067E7H   PUBLIC    CODE     ---       _PERI_ReadByte
      0100675BH   PUBLIC    CODE     ---       _PERI_WriteWord
      01006650H   PUBLIC    CODE     ---       _PERI_WriteByte

      01005CDDH   BLOCK     CODE     ---       LVL=0
      ---         BLOCKEND  ---      ---       LVL=0

      01004B9DH   BLOCK     CODE     ---       LVL=0
      01004BAAH   BLOCK     CODE     NEAR LAB  LVL=1
      00000007H   SYMBOL    DATA     VOID      status
      ---         BLOCKEND  ---      ---       LVL=1
      ---         BLOCKEND  ---      ---       LVL=0

      01006648H   BLOCK     CODE     ---       LVL=0
      ---         BLOCKEND  ---      ---       LVL=0

      01006650H   BLOCK     CODE     ---       LVL=0
      ---         BLOCKEND  ---      ---       LVL=0

      0100675BH   BLOCK     CODE     ---       LVL=0
      ---         BLOCKEND  ---      ---       LVL=0

      010067E7H   BLOCK     CODE     ---       LVL=0
      ---         BLOCKEND  ---      ---       LVL=0

      01006700H   BLOCK     CODE     ---       LVL=0
      ---         BLOCKEND  ---      ---       LVL=0

      0100661AH   BLOCK     CODE     ---       LVL=0
      ---         BLOCKEND  ---      ---       LVL=0

      0100650CH   BLOCK     CODE     ---       LVL=0
      ---         BLOCKEND  ---      ---       LVL=0

      010055A7H   BLOCK     CODE     ---       LVL=0
      ---         BLOCKEND  ---      ---       LVL=0

      01005436H   BLOCK     CODE     ---       LVL=0
      ---         BLOCKEND  ---      ---       LVL=0

      01005335H   BLOCK     CODE     ---       LVL=0
      ---         BLOCKEND  ---      ---       LVL=0

      01006830H   BLOCK     CODE     ---       LVL=0
      ---         BLOCKEND  ---      ---       LVL=0

      ---         MODULE    ---      ---       ?C_INIT
      010053F1H   PUBLIC    CODE     ---       ?C_START

      ---         MODULE    ---      ---       ?C?CLDPTR
      01003FB3H   PUBLIC    CODE     ---       ?C?CLDPTR

      ---         MODULE    ---      ---       ?C?CLDOPTR
      01003FCCH   PUBLIC    CODE     ---       ?C?CLDOPTR

      ---         MODULE    ---      ---       ?C?CSTPTR
      01003FF9H   PUBLIC    CODE     ---       ?C?CSTPTR

      ---         MODULE    ---      ---       ?C?CSTOPTR
      0100400BH   PUBLIC    CODE     ---       ?C?CSTOPTR

      ---         MODULE    ---      ---       ?C?IMUL
      0100402DH   PUBLIC    CODE     ---       ?C?IMUL

      ---         MODULE    ---      ---       ?C?UIDIV
LX51 LINKER/LOCATER V4.41                                                             04/14/2017  15:09:34  PAGE 29


      0100403FH   PUBLIC    CODE     ---       ?C?UIDIV

      ---         MODULE    ---      ---       ?C?PLDOPTR
      01004094H   PUBLIC    CODE     ---       ?C?PLDOPTR

      ---         MODULE    ---      ---       ?C?CCASE
      010040C4H   PUBLIC    CODE     ---       ?C?CCASE

      ---         MODULE    ---      ---       ?C?ICALL
      010040EAH   PUBLIC    CODE     ---       ?C?ICALL
      010040EEH   PUBLIC    CODE     ---       ?C?ICALL2

      ---         MODULE    ---      ---       ?C?PLDIDATA
      010040F0H   PUBLIC    CODE     ---       ?C?PLDIDATA

      ---         MODULE    ---      ---       ?C?PLDXDATA
      010040F9H   PUBLIC    CODE     ---       ?C?PLDXDATA

      ---         MODULE    ---      ---       ?C?PLDPDATA
      01004102H   PUBLIC    CODE     ---       ?C?PLDPDATA

      ---         MODULE    ---      ---       ?C?PLDCODE
      0100410BH   PUBLIC    CODE     ---       ?C?PLDCODE



*** WARNING L13: RECURSIVE CALL TO FUNCTION
    CALLED:  ?CO?AUDIO20
    CALLER:  HANDLECLOCKFREQUENCY/AUDIO20

*** WARNING L16: UNCALLED FUNCTION, IGNORED FOR OVERLAY PROCESS
    NAME:    MIDIINIT/MIDI

*** WARNING L16: UNCALLED FUNCTION, IGNORED FOR OVERLAY PROCESS
    NAME:    MIDIPROCESS/MIDI

*** WARNING L16: UNCALLED FUNCTION, IGNORED FOR OVERLAY PROCESS
    NAME:    _SPIWRITEBYTE/PERIPHERAL

*** WARNING L16: UNCALLED FUNCTION, IGNORED FOR OVERLAY PROCESS
    NAME:    _SPIREADBYTE/PERIPHERAL

*** WARNING L16: UNCALLED FUNCTION, IGNORED FOR OVERLAY PROCESS
    NAME:    _SENDHDACOMMAND/PERIPHERAL

Program Size: data=253.5 xdata=63 const=1471 code=18500
LX51 RUN COMPLETE.  6 WARNING(S),  0 ERROR(S)
